<!doctype html public "-//w3c//dtd html 4.0 transitional//en">
<html><head>
<title>Static Call Graph - [..\OBJ\Template.axf]</title></head>
<body><HR>
<H1>Static Call Graph for image ..\OBJ\Template.axf</H1><HR>
<BR><P>#&#060CALLGRAPH&#062# ARM Linker, 5060528: Last Updated: Wed May 20 20:15:49 2026
<BR><P>
<H3>Maximum Stack Usage =        264 bytes + Unknown(Functions without stacksize, Cycles, Untraceable Function Pointers)</H3><H3>
Call chain for Maximum Stack Depth:</H3>
__rt_entry_main &rArr; main &rArr; BLL_Execute_Mission &rArr; BLL_Motor_Mission &rArr; BLL_ToCase_Execute &rArr; BackZero &rArr; ZeroMove &rArr; WaitMotorStop &rArr; Check_Status &rArr; Send_Func03_Data &rArr; Modbus_Master_SendUART
<P>
<H3>
Functions with no stack information
</H3><UL>
 <LI><a href="#[67]">__user_initial_stackheap</a>
</UL>
</UL>
<P>
<H3>
Mutually Recursive functions
</H3> <LI><a href="#[1e]">ADC_IRQHandler</a>&nbsp;&nbsp;&nbsp;&rArr;&nbsp;&nbsp;&nbsp;<a href="#[1e]">ADC_IRQHandler</a><BR>
 <LI><a href="#[6]">BusFault_Handler</a>&nbsp;&nbsp;&nbsp;&rArr;&nbsp;&nbsp;&nbsp;<a href="#[6]">BusFault_Handler</a><BR>
 <LI><a href="#[9]">DebugMon_Handler</a>&nbsp;&nbsp;&nbsp;&rArr;&nbsp;&nbsp;&nbsp;<a href="#[9]">DebugMon_Handler</a><BR>
 <LI><a href="#[4]">HardFault_Handler</a>&nbsp;&nbsp;&nbsp;&rArr;&nbsp;&nbsp;&nbsp;<a href="#[4]">HardFault_Handler</a><BR>
 <LI><a href="#[5]">MemManage_Handler</a>&nbsp;&nbsp;&nbsp;&rArr;&nbsp;&nbsp;&nbsp;<a href="#[5]">MemManage_Handler</a><BR>
 <LI><a href="#[3]">NMI_Handler</a>&nbsp;&nbsp;&nbsp;&rArr;&nbsp;&nbsp;&nbsp;<a href="#[3]">NMI_Handler</a><BR>
 <LI><a href="#[a]">PendSV_Handler</a>&nbsp;&nbsp;&nbsp;&rArr;&nbsp;&nbsp;&nbsp;<a href="#[a]">PendSV_Handler</a><BR>
 <LI><a href="#[8]">SVC_Handler</a>&nbsp;&nbsp;&nbsp;&rArr;&nbsp;&nbsp;&nbsp;<a href="#[8]">SVC_Handler</a><BR>
 <LI><a href="#[7]">UsageFault_Handler</a>&nbsp;&nbsp;&nbsp;&rArr;&nbsp;&nbsp;&nbsp;<a href="#[7]">UsageFault_Handler</a><BR>
</UL>
<P>
<H3>
Function Pointers
</H3><UL>
 <LI><a href="#[1e]">ADC_IRQHandler</a> from startup_gd32f407.o(.text) referenced from startup_gd32f407.o(RESET)
 <LI><a href="#[5f]">BLL_BackZero_ClearFlag</a> from bll_backzero.o(i.BLL_BackZero_ClearFlag) referenced from bll_main.o(i.BLL_Motor_Mission)
 <LI><a href="#[5e]">BLL_EEPROM_ClearFlag</a> from bll_eeprom.o(i.BLL_EEPROM_ClearFlag) referenced from bll_main.o(i.BLL_Motor_Mission)
 <LI><a href="#[60]">BLL_ToCase_ClearFlag</a> from bll_tocase.o(i.BLL_ToCase_ClearFlag) referenced from bll_main.o(i.BLL_Motor_Mission)
 <LI><a href="#[6]">BusFault_Handler</a> from gd32f4xx_it.o(i.BusFault_Handler) referenced from startup_gd32f407.o(RESET)
 <LI><a href="#[22]">CAN0_EWMC_IRQHandler</a> from startup_gd32f407.o(.text) referenced from startup_gd32f407.o(RESET)
 <LI><a href="#[20]">CAN0_RX0_IRQHandler</a> from startup_gd32f407.o(.text) referenced from startup_gd32f407.o(RESET)
 <LI><a href="#[21]">CAN0_RX1_IRQHandler</a> from startup_gd32f407.o(.text) referenced from startup_gd32f407.o(RESET)
 <LI><a href="#[1f]">CAN0_TX_IRQHandler</a> from startup_gd32f407.o(.text) referenced from startup_gd32f407.o(RESET)
 <LI><a href="#[4e]">CAN1_EWMC_IRQHandler</a> from startup_gd32f407.o(.text) referenced from startup_gd32f407.o(RESET)
 <LI><a href="#[4c]">CAN1_RX0_IRQHandler</a> from startup_gd32f407.o(.text) referenced from startup_gd32f407.o(RESET)
 <LI><a href="#[4d]">CAN1_RX1_IRQHandler</a> from startup_gd32f407.o(.text) referenced from startup_gd32f407.o(RESET)
 <LI><a href="#[4b]">CAN1_TX_IRQHandler</a> from startup_gd32f407.o(.text) referenced from startup_gd32f407.o(RESET)
 <LI><a href="#[62]">Check_Status_Cb</a> from bll_motor.o(i.Check_Status_Cb) referenced from bll_motor.o(i.Check_Status)
 <LI><a href="#[5a]">DCI_IRQHandler</a> from startup_gd32f407.o(.text) referenced from startup_gd32f407.o(RESET)
 <LI><a href="#[17]">DMA0_Channel0_IRQHandler</a> from startup_gd32f407.o(.text) referenced from startup_gd32f407.o(RESET)
 <LI><a href="#[18]">DMA0_Channel1_IRQHandler</a> from startup_gd32f407.o(.text) referenced from startup_gd32f407.o(RESET)
 <LI><a href="#[19]">DMA0_Channel2_IRQHandler</a> from startup_gd32f407.o(.text) referenced from startup_gd32f407.o(RESET)
 <LI><a href="#[1a]">DMA0_Channel3_IRQHandler</a> from startup_gd32f407.o(.text) referenced from startup_gd32f407.o(RESET)
 <LI><a href="#[1b]">DMA0_Channel4_IRQHandler</a> from startup_gd32f407.o(.text) referenced from startup_gd32f407.o(RESET)
 <LI><a href="#[1c]">DMA0_Channel5_IRQHandler</a> from startup_gd32f407.o(.text) referenced from startup_gd32f407.o(RESET)
 <LI><a href="#[1d]">DMA0_Channel6_IRQHandler</a> from startup_gd32f407.o(.text) referenced from startup_gd32f407.o(RESET)
 <LI><a href="#[3b]">DMA0_Channel7_IRQHandler</a> from startup_gd32f407.o(.text) referenced from startup_gd32f407.o(RESET)
 <LI><a href="#[44]">DMA1_Channel0_IRQHandler</a> from startup_gd32f407.o(.text) referenced from startup_gd32f407.o(RESET)
 <LI><a href="#[45]">DMA1_Channel1_IRQHandler</a> from startup_gd32f407.o(.text) referenced from startup_gd32f407.o(RESET)
 <LI><a href="#[46]">DMA1_Channel2_IRQHandler</a> from startup_gd32f407.o(.text) referenced from startup_gd32f407.o(RESET)
 <LI><a href="#[47]">DMA1_Channel3_IRQHandler</a> from startup_gd32f407.o(.text) referenced from startup_gd32f407.o(RESET)
 <LI><a href="#[48]">DMA1_Channel4_IRQHandler</a> from startup_gd32f407.o(.text) referenced from startup_gd32f407.o(RESET)
 <LI><a href="#[50]">DMA1_Channel5_IRQHandler</a> from startup_gd32f407.o(.text) referenced from startup_gd32f407.o(RESET)
 <LI><a href="#[51]">DMA1_Channel6_IRQHandler</a> from startup_gd32f407.o(.text) referenced from startup_gd32f407.o(RESET)
 <LI><a href="#[52]">DMA1_Channel7_IRQHandler</a> from usart.o(i.DMA1_Channel7_IRQHandler) referenced from startup_gd32f407.o(RESET)
 <LI><a href="#[9]">DebugMon_Handler</a> from gd32f4xx_it.o(i.DebugMon_Handler) referenced from startup_gd32f407.o(RESET)
 <LI><a href="#[49]">ENET_IRQHandler</a> from startup_gd32f407.o(.text) referenced from startup_gd32f407.o(RESET)
 <LI><a href="#[4a]">ENET_WKUP_IRQHandler</a> from startup_gd32f407.o(.text) referenced from startup_gd32f407.o(RESET)
 <LI><a href="#[3c]">EXMC_IRQHandler</a> from startup_gd32f407.o(.text) referenced from startup_gd32f407.o(RESET)
 <LI><a href="#[12]">EXTI0_IRQHandler</a> from exti.o(i.EXTI0_IRQHandler) referenced from startup_gd32f407.o(RESET)
 <LI><a href="#[34]">EXTI10_15_IRQHandler</a> from startup_gd32f407.o(.text) referenced from startup_gd32f407.o(RESET)
 <LI><a href="#[13]">EXTI1_IRQHandler</a> from exti.o(i.EXTI1_IRQHandler) referenced from startup_gd32f407.o(RESET)
 <LI><a href="#[14]">EXTI2_IRQHandler</a> from exti.o(i.EXTI2_IRQHandler) referenced from startup_gd32f407.o(RESET)
 <LI><a href="#[15]">EXTI3_IRQHandler</a> from exti.o(i.EXTI3_IRQHandler) referenced from startup_gd32f407.o(RESET)
 <LI><a href="#[16]">EXTI4_IRQHandler</a> from exti.o(i.EXTI4_IRQHandler) referenced from startup_gd32f407.o(RESET)
 <LI><a href="#[23]">EXTI5_9_IRQHandler</a> from exti.o(i.EXTI5_9_IRQHandler) referenced from startup_gd32f407.o(RESET)
 <LI><a href="#[10]">FMC_IRQHandler</a> from startup_gd32f407.o(.text) referenced from startup_gd32f407.o(RESET)
 <LI><a href="#[63]">Get_Position_Cb</a> from bll_motor.o(i.Get_Position_Cb) referenced from bll_motor.o(i.Get_Encoder_Number)
 <LI><a href="#[64]">Get_Turn_Cb</a> from bll_motor.o(i.Get_Turn_Cb) referenced from bll_motor.o(i.Get_Turn_Number)
 <LI><a href="#[4]">HardFault_Handler</a> from gd32f4xx_it.o(i.HardFault_Handler) referenced from startup_gd32f407.o(RESET)
 <LI><a href="#[2c]">I2C0_ER_IRQHandler</a> from startup_gd32f407.o(.text) referenced from startup_gd32f407.o(RESET)
 <LI><a href="#[2b]">I2C0_EV_IRQHandler</a> from startup_gd32f407.o(.text) referenced from startup_gd32f407.o(RESET)
 <LI><a href="#[2e]">I2C1_ER_IRQHandler</a> from startup_gd32f407.o(.text) referenced from startup_gd32f407.o(RESET)
 <LI><a href="#[2d]">I2C1_EV_IRQHandler</a> from startup_gd32f407.o(.text) referenced from startup_gd32f407.o(RESET)
 <LI><a href="#[55]">I2C2_ER_IRQHandler</a> from startup_gd32f407.o(.text) referenced from startup_gd32f407.o(RESET)
 <LI><a href="#[54]">I2C2_EV_IRQHandler</a> from startup_gd32f407.o(.text) referenced from startup_gd32f407.o(RESET)
 <LI><a href="#[d]">LVD_IRQHandler</a> from startup_gd32f407.o(.text) referenced from startup_gd32f407.o(RESET)
 <LI><a href="#[5]">MemManage_Handler</a> from gd32f4xx_it.o(i.MemManage_Handler) referenced from startup_gd32f407.o(RESET)
 <LI><a href="#[3]">NMI_Handler</a> from gd32f4xx_it.o(i.NMI_Handler) referenced from startup_gd32f407.o(RESET)
 <LI><a href="#[61]">NOP</a> from bll_main.o(i.NOP) referenced from bll_main.o(i.BLL_Motor_Mission)
 <LI><a href="#[a]">PendSV_Handler</a> from gd32f4xx_it.o(i.PendSV_Handler) referenced from startup_gd32f407.o(RESET)
 <LI><a href="#[11]">RCU_IRQHandler</a> from startup_gd32f407.o(.text) referenced from startup_gd32f407.o(RESET)
 <LI><a href="#[35]">RTC_Alarm_IRQHandler</a> from startup_gd32f407.o(.text) referenced from startup_gd32f407.o(RESET)
 <LI><a href="#[f]">RTC_WKUP_IRQHandler</a> from startup_gd32f407.o(.text) referenced from startup_gd32f407.o(RESET)
 <LI><a href="#[65]">Reset_Handler</a> from startup_gd32f407.o(.text) referenced from startup_gd32f407.o(RESET)
 <LI><a href="#[3d]">SDIO_IRQHandler</a> from startup_gd32f407.o(.text) referenced from startup_gd32f407.o(RESET)
 <LI><a href="#[2f]">SPI0_IRQHandler</a> from startup_gd32f407.o(.text) referenced from startup_gd32f407.o(RESET)
 <LI><a href="#[30]">SPI1_IRQHandler</a> from startup_gd32f407.o(.text) referenced from startup_gd32f407.o(RESET)
 <LI><a href="#[3f]">SPI2_IRQHandler</a> from startup_gd32f407.o(.text) referenced from startup_gd32f407.o(RESET)
 <LI><a href="#[8]">SVC_Handler</a> from gd32f4xx_it.o(i.SVC_Handler) referenced from startup_gd32f407.o(RESET)
 <LI><a href="#[b]">SysTick_Handler</a> from gd32f4xx_it.o(i.SysTick_Handler) referenced from startup_gd32f407.o(RESET)
 <LI><a href="#[5c]">SystemInit</a> from system_gd32f4xx.o(i.SystemInit) referenced from startup_gd32f407.o(.text)
 <LI><a href="#[e]">TAMPER_STAMP_IRQHandler</a> from startup_gd32f407.o(.text) referenced from startup_gd32f407.o(RESET)
 <LI><a href="#[24]">TIMER0_BRK_TIMER9_IRQHandler</a> from startup_gd32f407.o(.text) referenced from startup_gd32f407.o(RESET)
 <LI><a href="#[27]">TIMER0_Channel_IRQHandler</a> from startup_gd32f407.o(.text) referenced from startup_gd32f407.o(RESET)
 <LI><a href="#[26]">TIMER0_TRG_CMT_TIMER11_IRQHandler</a> from startup_gd32f407.o(.text) referenced from startup_gd32f407.o(RESET)
 <LI><a href="#[25]">TIMER0_UP_TIMER10_IRQHandler</a> from startup_gd32f407.o(.text) referenced from startup_gd32f407.o(RESET)
 <LI><a href="#[28]">TIMER1_IRQHandler</a> from startup_gd32f407.o(.text) referenced from startup_gd32f407.o(RESET)
 <LI><a href="#[29]">TIMER2_IRQHandler</a> from startup_gd32f407.o(.text) referenced from startup_gd32f407.o(RESET)
 <LI><a href="#[2a]">TIMER3_IRQHandler</a> from startup_gd32f407.o(.text) referenced from startup_gd32f407.o(RESET)
 <LI><a href="#[3e]">TIMER4_IRQHandler</a> from startup_gd32f407.o(.text) referenced from startup_gd32f407.o(RESET)
 <LI><a href="#[42]">TIMER5_IRQHandler</a> from startup_gd32f407.o(.text) referenced from startup_gd32f407.o(RESET)
 <LI><a href="#[43]">TIMER6_IRQHandler</a> from timer.o(i.TIMER6_IRQHandler) referenced from startup_gd32f407.o(RESET)
 <LI><a href="#[37]">TIMER7_BRK_TIMER12_IRQHandler</a> from startup_gd32f407.o(.text) referenced from startup_gd32f407.o(RESET)
 <LI><a href="#[3a]">TIMER7_Channel_IRQHandler</a> from startup_gd32f407.o(.text) referenced from startup_gd32f407.o(RESET)
 <LI><a href="#[39]">TIMER7_TRG_CMT_TIMER14_IRQHandler</a> from startup_gd32f407.o(.text) referenced from startup_gd32f407.o(RESET)
 <LI><a href="#[38]">TIMER7_UP_TIMER13_IRQHandler</a> from startup_gd32f407.o(.text) referenced from startup_gd32f407.o(RESET)
 <LI><a href="#[5b]">TRNG_IRQHandler</a> from startup_gd32f407.o(.text) referenced from startup_gd32f407.o(RESET)
 <LI><a href="#[40]">UART3_IRQHandler</a> from startup_gd32f407.o(.text) referenced from startup_gd32f407.o(RESET)
 <LI><a href="#[41]">UART4_IRQHandler</a> from startup_gd32f407.o(.text) referenced from startup_gd32f407.o(RESET)
 <LI><a href="#[31]">USART0_IRQHandler</a> from usart.o(i.USART0_IRQHandler) referenced from startup_gd32f407.o(RESET)
 <LI><a href="#[32]">USART1_IRQHandler</a> from usart.o(i.USART1_IRQHandler) referenced from startup_gd32f407.o(RESET)
 <LI><a href="#[33]">USART2_IRQHandler</a> from startup_gd32f407.o(.text) referenced from startup_gd32f407.o(RESET)
 <LI><a href="#[53]">USART5_IRQHandler</a> from startup_gd32f407.o(.text) referenced from startup_gd32f407.o(RESET)
 <LI><a href="#[4f]">USBFS_IRQHandler</a> from startup_gd32f407.o(.text) referenced from startup_gd32f407.o(RESET)
 <LI><a href="#[36]">USBFS_WKUP_IRQHandler</a> from startup_gd32f407.o(.text) referenced from startup_gd32f407.o(RESET)
 <LI><a href="#[57]">USBHS_EP1_In_IRQHandler</a> from startup_gd32f407.o(.text) referenced from startup_gd32f407.o(RESET)
 <LI><a href="#[56]">USBHS_EP1_Out_IRQHandler</a> from startup_gd32f407.o(.text) referenced from startup_gd32f407.o(RESET)
 <LI><a href="#[59]">USBHS_IRQHandler</a> from startup_gd32f407.o(.text) referenced from startup_gd32f407.o(RESET)
 <LI><a href="#[58]">USBHS_WKUP_IRQHandler</a> from startup_gd32f407.o(.text) referenced from startup_gd32f407.o(RESET)
 <LI><a href="#[7]">UsageFault_Handler</a> from gd32f4xx_it.o(i.UsageFault_Handler) referenced from startup_gd32f407.o(RESET)
 <LI><a href="#[c]">WWDGT_IRQHandler</a> from startup_gd32f407.o(.text) referenced from startup_gd32f407.o(RESET)
 <LI><a href="#[66]">__main</a> from __main.o(!!!main) referenced from startup_gd32f407.o(.text)
</UL>
<P>
<H3>
Global Symbols
</H3>
<P><STRONG><a name="[66]"></a>__main</STRONG> (Thumb, 8 bytes, Stack size 0 bytes, __main.o(!!!main))
<BR><BR>[Calls]<UL><LI><a href="#[68]">&gt;&gt;</a>&nbsp;&nbsp;&nbsp;__scatterload
<LI><a href="#[69]">&gt;&gt;</a>&nbsp;&nbsp;&nbsp;__rt_entry
</UL>

<P><STRONG><a name="[68]"></a>__scatterload</STRONG> (Thumb, 0 bytes, Stack size unknown bytes, __scatter.o(!!!scatter))
<BR><BR>[Called By]<UL><LI><a href="#[66]">&gt;&gt;</a>&nbsp;&nbsp;&nbsp;__main
</UL>

<P><STRONG><a name="[6a]"></a>__scatterload_rt2</STRONG> (Thumb, 44 bytes, Stack size unknown bytes, __scatter.o(!!!scatter), UNUSED)
<BR><BR>[Calls]<UL><LI><a href="#[69]">&gt;&gt;</a>&nbsp;&nbsp;&nbsp;__rt_entry
</UL>

<P><STRONG><a name="[fe]"></a>__scatterload_rt2_thumb_only</STRONG> (Thumb, 0 bytes, Stack size unknown bytes, __scatter.o(!!!scatter), UNUSED)

<P><STRONG><a name="[ff]"></a>__scatterload_null</STRONG> (Thumb, 0 bytes, Stack size unknown bytes, __scatter.o(!!!scatter), UNUSED)

<P><STRONG><a name="[6b]"></a>__scatterload_copy</STRONG> (Thumb, 26 bytes, Stack size unknown bytes, __scatter_copy.o(!!handler_copy), UNUSED)
<BR><BR>[Calls]<UL><LI><a href="#[6b]">&gt;&gt;</a>&nbsp;&nbsp;&nbsp;__scatterload_copy
</UL>
<BR>[Called By]<UL><LI><a href="#[6b]">&gt;&gt;</a>&nbsp;&nbsp;&nbsp;__scatterload_copy
</UL>

<P><STRONG><a name="[100]"></a>__scatterload_zeroinit</STRONG> (Thumb, 28 bytes, Stack size unknown bytes, __scatter_zi.o(!!handler_zi), UNUSED)

<P><STRONG><a name="[71]"></a>__rt_lib_init</STRONG> (Thumb, 0 bytes, Stack size unknown bytes, libinit.o(.ARM.Collect$$libinit$$00000000))
<BR><BR>[Called By]<UL><LI><a href="#[70]">&gt;&gt;</a>&nbsp;&nbsp;&nbsp;__rt_entry_li
</UL>

<P><STRONG><a name="[6c]"></a>__rt_lib_init_fp_1</STRONG> (Thumb, 0 bytes, Stack size unknown bytes, libinit2.o(.ARM.Collect$$libinit$$00000001))
<BR><BR>[Calls]<UL><LI><a href="#[6d]">&gt;&gt;</a>&nbsp;&nbsp;&nbsp;_fp_init
</UL>

<P><STRONG><a name="[101]"></a>__rt_lib_init_alloca_1</STRONG> (Thumb, 0 bytes, Stack size unknown bytes, libinit2.o(.ARM.Collect$$libinit$$0000002E))

<P><STRONG><a name="[102]"></a>__rt_lib_init_argv_1</STRONG> (Thumb, 0 bytes, Stack size unknown bytes, libinit2.o(.ARM.Collect$$libinit$$0000002C))

<P><STRONG><a name="[103]"></a>__rt_lib_init_atexit_1</STRONG> (Thumb, 0 bytes, Stack size unknown bytes, libinit2.o(.ARM.Collect$$libinit$$0000001B))

<P><STRONG><a name="[104]"></a>__rt_lib_init_clock_1</STRONG> (Thumb, 0 bytes, Stack size unknown bytes, libinit2.o(.ARM.Collect$$libinit$$00000021))

<P><STRONG><a name="[105]"></a>__rt_lib_init_cpp_1</STRONG> (Thumb, 0 bytes, Stack size unknown bytes, libinit2.o(.ARM.Collect$$libinit$$00000032))

<P><STRONG><a name="[106]"></a>__rt_lib_init_exceptions_1</STRONG> (Thumb, 0 bytes, Stack size unknown bytes, libinit2.o(.ARM.Collect$$libinit$$00000030))

<P><STRONG><a name="[107]"></a>__rt_lib_init_fp_trap_1</STRONG> (Thumb, 0 bytes, Stack size unknown bytes, libinit2.o(.ARM.Collect$$libinit$$0000001F))

<P><STRONG><a name="[108]"></a>__rt_lib_init_getenv_1</STRONG> (Thumb, 0 bytes, Stack size unknown bytes, libinit2.o(.ARM.Collect$$libinit$$00000023))

<P><STRONG><a name="[109]"></a>__rt_lib_init_heap_1</STRONG> (Thumb, 0 bytes, Stack size unknown bytes, libinit2.o(.ARM.Collect$$libinit$$0000000A))

<P><STRONG><a name="[10a]"></a>__rt_lib_init_lc_collate_1</STRONG> (Thumb, 0 bytes, Stack size unknown bytes, libinit2.o(.ARM.Collect$$libinit$$00000011))

<P><STRONG><a name="[10b]"></a>__rt_lib_init_lc_ctype_1</STRONG> (Thumb, 0 bytes, Stack size unknown bytes, libinit2.o(.ARM.Collect$$libinit$$00000013))

<P><STRONG><a name="[10c]"></a>__rt_lib_init_lc_monetary_1</STRONG> (Thumb, 0 bytes, Stack size unknown bytes, libinit2.o(.ARM.Collect$$libinit$$00000015))

<P><STRONG><a name="[10d]"></a>__rt_lib_init_lc_numeric_1</STRONG> (Thumb, 0 bytes, Stack size unknown bytes, libinit2.o(.ARM.Collect$$libinit$$00000017))

<P><STRONG><a name="[10e]"></a>__rt_lib_init_lc_time_1</STRONG> (Thumb, 0 bytes, Stack size unknown bytes, libinit2.o(.ARM.Collect$$libinit$$00000019))

<P><STRONG><a name="[10f]"></a>__rt_lib_init_preinit_1</STRONG> (Thumb, 0 bytes, Stack size unknown bytes, libinit2.o(.ARM.Collect$$libinit$$00000004))

<P><STRONG><a name="[110]"></a>__rt_lib_init_rand_1</STRONG> (Thumb, 0 bytes, Stack size unknown bytes, libinit2.o(.ARM.Collect$$libinit$$0000000E))

<P><STRONG><a name="[111]"></a>__rt_lib_init_return</STRONG> (Thumb, 0 bytes, Stack size unknown bytes, libinit2.o(.ARM.Collect$$libinit$$00000033))

<P><STRONG><a name="[112]"></a>__rt_lib_init_signal_1</STRONG> (Thumb, 0 bytes, Stack size unknown bytes, libinit2.o(.ARM.Collect$$libinit$$0000001D))

<P><STRONG><a name="[113]"></a>__rt_lib_init_stdio_1</STRONG> (Thumb, 0 bytes, Stack size unknown bytes, libinit2.o(.ARM.Collect$$libinit$$00000025))

<P><STRONG><a name="[114]"></a>__rt_lib_init_user_alloc_1</STRONG> (Thumb, 0 bytes, Stack size unknown bytes, libinit2.o(.ARM.Collect$$libinit$$0000000C))

<P><STRONG><a name="[76]"></a>__rt_lib_shutdown</STRONG> (Thumb, 0 bytes, Stack size unknown bytes, libshutdown.o(.ARM.Collect$$libshutdown$$00000000))
<BR><BR>[Called By]<UL><LI><a href="#[75]">&gt;&gt;</a>&nbsp;&nbsp;&nbsp;__rt_exit_ls
</UL>

<P><STRONG><a name="[115]"></a>__rt_lib_shutdown_cpp_1</STRONG> (Thumb, 0 bytes, Stack size unknown bytes, libshutdown2.o(.ARM.Collect$$libshutdown$$00000002))

<P><STRONG><a name="[116]"></a>__rt_lib_shutdown_fp_trap_1</STRONG> (Thumb, 0 bytes, Stack size unknown bytes, libshutdown2.o(.ARM.Collect$$libshutdown$$00000007))

<P><STRONG><a name="[117]"></a>__rt_lib_shutdown_heap_1</STRONG> (Thumb, 0 bytes, Stack size unknown bytes, libshutdown2.o(.ARM.Collect$$libshutdown$$0000000F))

<P><STRONG><a name="[118]"></a>__rt_lib_shutdown_return</STRONG> (Thumb, 0 bytes, Stack size unknown bytes, libshutdown2.o(.ARM.Collect$$libshutdown$$00000010))

<P><STRONG><a name="[119]"></a>__rt_lib_shutdown_signal_1</STRONG> (Thumb, 0 bytes, Stack size unknown bytes, libshutdown2.o(.ARM.Collect$$libshutdown$$0000000A))

<P><STRONG><a name="[11a]"></a>__rt_lib_shutdown_stdio_1</STRONG> (Thumb, 0 bytes, Stack size unknown bytes, libshutdown2.o(.ARM.Collect$$libshutdown$$00000004))

<P><STRONG><a name="[11b]"></a>__rt_lib_shutdown_user_alloc_1</STRONG> (Thumb, 0 bytes, Stack size unknown bytes, libshutdown2.o(.ARM.Collect$$libshutdown$$0000000C))

<P><STRONG><a name="[69]"></a>__rt_entry</STRONG> (Thumb, 0 bytes, Stack size unknown bytes, __rtentry.o(.ARM.Collect$$rtentry$$00000000))
<BR><BR>[Called By]<UL><LI><a href="#[6a]">&gt;&gt;</a>&nbsp;&nbsp;&nbsp;__scatterload_rt2
<LI><a href="#[66]">&gt;&gt;</a>&nbsp;&nbsp;&nbsp;__main
</UL>

<P><STRONG><a name="[11c]"></a>__rt_entry_presh_1</STRONG> (Thumb, 0 bytes, Stack size unknown bytes, __rtentry2.o(.ARM.Collect$$rtentry$$00000002))

<P><STRONG><a name="[6e]"></a>__rt_entry_sh</STRONG> (Thumb, 0 bytes, Stack size unknown bytes, __rtentry4.o(.ARM.Collect$$rtentry$$00000004))
<BR><BR>[Stack]<UL><LI>Max Depth = 8 + Unknown Stack Size
<LI>Call Chain = __rt_entry_sh &rArr; __user_setup_stackheap
</UL>
<BR>[Calls]<UL><LI><a href="#[6f]">&gt;&gt;</a>&nbsp;&nbsp;&nbsp;__user_setup_stackheap
</UL>

<P><STRONG><a name="[70]"></a>__rt_entry_li</STRONG> (Thumb, 0 bytes, Stack size unknown bytes, __rtentry2.o(.ARM.Collect$$rtentry$$0000000A))
<BR><BR>[Calls]<UL><LI><a href="#[71]">&gt;&gt;</a>&nbsp;&nbsp;&nbsp;__rt_lib_init
</UL>

<P><STRONG><a name="[11d]"></a>__rt_entry_postsh_1</STRONG> (Thumb, 0 bytes, Stack size unknown bytes, __rtentry2.o(.ARM.Collect$$rtentry$$00000009))

<P><STRONG><a name="[72]"></a>__rt_entry_main</STRONG> (Thumb, 0 bytes, Stack size unknown bytes, __rtentry2.o(.ARM.Collect$$rtentry$$0000000D))
<BR><BR>[Stack]<UL><LI>Max Depth = 264 + Unknown Stack Size
<LI>Call Chain = __rt_entry_main &rArr; main &rArr; BLL_Execute_Mission &rArr; BLL_Motor_Mission &rArr; BLL_ToCase_Execute &rArr; BackZero &rArr; ZeroMove &rArr; WaitMotorStop &rArr; Check_Status &rArr; Send_Func03_Data &rArr; Modbus_Master_SendUART
</UL>
<BR>[Calls]<UL><LI><a href="#[73]">&gt;&gt;</a>&nbsp;&nbsp;&nbsp;main
<LI><a href="#[74]">&gt;&gt;</a>&nbsp;&nbsp;&nbsp;exit
</UL>

<P><STRONG><a name="[11e]"></a>__rt_entry_postli_1</STRONG> (Thumb, 0 bytes, Stack size unknown bytes, __rtentry2.o(.ARM.Collect$$rtentry$$0000000C))

<P><STRONG><a name="[7c]"></a>__rt_exit</STRONG> (Thumb, 0 bytes, Stack size unknown bytes, rtexit.o(.ARM.Collect$$rtexit$$00000000))
<BR><BR>[Called By]<UL><LI><a href="#[74]">&gt;&gt;</a>&nbsp;&nbsp;&nbsp;exit
</UL>

<P><STRONG><a name="[75]"></a>__rt_exit_ls</STRONG> (Thumb, 0 bytes, Stack size unknown bytes, rtexit2.o(.ARM.Collect$$rtexit$$00000003))
<BR><BR>[Calls]<UL><LI><a href="#[76]">&gt;&gt;</a>&nbsp;&nbsp;&nbsp;__rt_lib_shutdown
</UL>

<P><STRONG><a name="[11f]"></a>__rt_exit_prels_1</STRONG> (Thumb, 0 bytes, Stack size unknown bytes, rtexit2.o(.ARM.Collect$$rtexit$$00000002))

<P><STRONG><a name="[77]"></a>__rt_exit_exit</STRONG> (Thumb, 0 bytes, Stack size unknown bytes, rtexit2.o(.ARM.Collect$$rtexit$$00000004))
<BR><BR>[Calls]<UL><LI><a href="#[78]">&gt;&gt;</a>&nbsp;&nbsp;&nbsp;_sys_exit
</UL>

<P><STRONG><a name="[65]"></a>Reset_Handler</STRONG> (Thumb, 8 bytes, Stack size 0 bytes, startup_gd32f407.o(.text))

<P><STRONG><a name="[1e]"></a>ADC_IRQHandler</STRONG> (Thumb, 0 bytes, Stack size 0 bytes, startup_gd32f407.o(.text))
<BR><BR>[Calls]<UL><LI><a href="#[1e]">&gt;&gt;</a>&nbsp;&nbsp;&nbsp;ADC_IRQHandler
</UL>
<BR>[Called By]<UL><LI><a href="#[1e]">&gt;&gt;</a>&nbsp;&nbsp;&nbsp;ADC_IRQHandler
</UL>
<BR>[Address Reference Count : 1]<UL><LI> startup_gd32f407.o(RESET)
</UL>
<P><STRONG><a name="[22]"></a>CAN0_EWMC_IRQHandler</STRONG> (Thumb, 0 bytes, Stack size 0 bytes, startup_gd32f407.o(.text))
<BR>[Address Reference Count : 1]<UL><LI> startup_gd32f407.o(RESET)
</UL>
<P><STRONG><a name="[20]"></a>CAN0_RX0_IRQHandler</STRONG> (Thumb, 0 bytes, Stack size 0 bytes, startup_gd32f407.o(.text))
<BR>[Address Reference Count : 1]<UL><LI> startup_gd32f407.o(RESET)
</UL>
<P><STRONG><a name="[21]"></a>CAN0_RX1_IRQHandler</STRONG> (Thumb, 0 bytes, Stack size 0 bytes, startup_gd32f407.o(.text))
<BR>[Address Reference Count : 1]<UL><LI> startup_gd32f407.o(RESET)
</UL>
<P><STRONG><a name="[1f]"></a>CAN0_TX_IRQHandler</STRONG> (Thumb, 0 bytes, Stack size 0 bytes, startup_gd32f407.o(.text))
<BR>[Address Reference Count : 1]<UL><LI> startup_gd32f407.o(RESET)
</UL>
<P><STRONG><a name="[4e]"></a>CAN1_EWMC_IRQHandler</STRONG> (Thumb, 0 bytes, Stack size 0 bytes, startup_gd32f407.o(.text))
<BR>[Address Reference Count : 1]<UL><LI> startup_gd32f407.o(RESET)
</UL>
<P><STRONG><a name="[4c]"></a>CAN1_RX0_IRQHandler</STRONG> (Thumb, 0 bytes, Stack size 0 bytes, startup_gd32f407.o(.text))
<BR>[Address Reference Count : 1]<UL><LI> startup_gd32f407.o(RESET)
</UL>
<P><STRONG><a name="[4d]"></a>CAN1_RX1_IRQHandler</STRONG> (Thumb, 0 bytes, Stack size 0 bytes, startup_gd32f407.o(.text))
<BR>[Address Reference Count : 1]<UL><LI> startup_gd32f407.o(RESET)
</UL>
<P><STRONG><a name="[4b]"></a>CAN1_TX_IRQHandler</STRONG> (Thumb, 0 bytes, Stack size 0 bytes, startup_gd32f407.o(.text))
<BR>[Address Reference Count : 1]<UL><LI> startup_gd32f407.o(RESET)
</UL>
<P><STRONG><a name="[5a]"></a>DCI_IRQHandler</STRONG> (Thumb, 0 bytes, Stack size 0 bytes, startup_gd32f407.o(.text))
<BR>[Address Reference Count : 1]<UL><LI> startup_gd32f407.o(RESET)
</UL>
<P><STRONG><a name="[17]"></a>DMA0_Channel0_IRQHandler</STRONG> (Thumb, 0 bytes, Stack size 0 bytes, startup_gd32f407.o(.text))
<BR>[Address Reference Count : 1]<UL><LI> startup_gd32f407.o(RESET)
</UL>
<P><STRONG><a name="[18]"></a>DMA0_Channel1_IRQHandler</STRONG> (Thumb, 0 bytes, Stack size 0 bytes, startup_gd32f407.o(.text))
<BR>[Address Reference Count : 1]<UL><LI> startup_gd32f407.o(RESET)
</UL>
<P><STRONG><a name="[19]"></a>DMA0_Channel2_IRQHandler</STRONG> (Thumb, 0 bytes, Stack size 0 bytes, startup_gd32f407.o(.text))
<BR>[Address Reference Count : 1]<UL><LI> startup_gd32f407.o(RESET)
</UL>
<P><STRONG><a name="[1a]"></a>DMA0_Channel3_IRQHandler</STRONG> (Thumb, 0 bytes, Stack size 0 bytes, startup_gd32f407.o(.text))
<BR>[Address Reference Count : 1]<UL><LI> startup_gd32f407.o(RESET)
</UL>
<P><STRONG><a name="[1b]"></a>DMA0_Channel4_IRQHandler</STRONG> (Thumb, 0 bytes, Stack size 0 bytes, startup_gd32f407.o(.text))
<BR>[Address Reference Count : 1]<UL><LI> startup_gd32f407.o(RESET)
</UL>
<P><STRONG><a name="[1c]"></a>DMA0_Channel5_IRQHandler</STRONG> (Thumb, 0 bytes, Stack size 0 bytes, startup_gd32f407.o(.text))
<BR>[Address Reference Count : 1]<UL><LI> startup_gd32f407.o(RESET)
</UL>
<P><STRONG><a name="[1d]"></a>DMA0_Channel6_IRQHandler</STRONG> (Thumb, 0 bytes, Stack size 0 bytes, startup_gd32f407.o(.text))
<BR>[Address Reference Count : 1]<UL><LI> startup_gd32f407.o(RESET)
</UL>
<P><STRONG><a name="[3b]"></a>DMA0_Channel7_IRQHandler</STRONG> (Thumb, 0 bytes, Stack size 0 bytes, startup_gd32f407.o(.text))
<BR>[Address Reference Count : 1]<UL><LI> startup_gd32f407.o(RESET)
</UL>
<P><STRONG><a name="[44]"></a>DMA1_Channel0_IRQHandler</STRONG> (Thumb, 0 bytes, Stack size 0 bytes, startup_gd32f407.o(.text))
<BR>[Address Reference Count : 1]<UL><LI> startup_gd32f407.o(RESET)
</UL>
<P><STRONG><a name="[45]"></a>DMA1_Channel1_IRQHandler</STRONG> (Thumb, 0 bytes, Stack size 0 bytes, startup_gd32f407.o(.text))
<BR>[Address Reference Count : 1]<UL><LI> startup_gd32f407.o(RESET)
</UL>
<P><STRONG><a name="[46]"></a>DMA1_Channel2_IRQHandler</STRONG> (Thumb, 0 bytes, Stack size 0 bytes, startup_gd32f407.o(.text))
<BR>[Address Reference Count : 1]<UL><LI> startup_gd32f407.o(RESET)
</UL>
<P><STRONG><a name="[47]"></a>DMA1_Channel3_IRQHandler</STRONG> (Thumb, 0 bytes, Stack size 0 bytes, startup_gd32f407.o(.text))
<BR>[Address Reference Count : 1]<UL><LI> startup_gd32f407.o(RESET)
</UL>
<P><STRONG><a name="[48]"></a>DMA1_Channel4_IRQHandler</STRONG> (Thumb, 0 bytes, Stack size 0 bytes, startup_gd32f407.o(.text))
<BR>[Address Reference Count : 1]<UL><LI> startup_gd32f407.o(RESET)
</UL>
<P><STRONG><a name="[50]"></a>DMA1_Channel5_IRQHandler</STRONG> (Thumb, 0 bytes, Stack size 0 bytes, startup_gd32f407.o(.text))
<BR>[Address Reference Count : 1]<UL><LI> startup_gd32f407.o(RESET)
</UL>
<P><STRONG><a name="[51]"></a>DMA1_Channel6_IRQHandler</STRONG> (Thumb, 0 bytes, Stack size 0 bytes, startup_gd32f407.o(.text))
<BR>[Address Reference Count : 1]<UL><LI> startup_gd32f407.o(RESET)
</UL>
<P><STRONG><a name="[49]"></a>ENET_IRQHandler</STRONG> (Thumb, 0 bytes, Stack size 0 bytes, startup_gd32f407.o(.text))
<BR>[Address Reference Count : 1]<UL><LI> startup_gd32f407.o(RESET)
</UL>
<P><STRONG><a name="[4a]"></a>ENET_WKUP_IRQHandler</STRONG> (Thumb, 0 bytes, Stack size 0 bytes, startup_gd32f407.o(.text))
<BR>[Address Reference Count : 1]<UL><LI> startup_gd32f407.o(RESET)
</UL>
<P><STRONG><a name="[3c]"></a>EXMC_IRQHandler</STRONG> (Thumb, 0 bytes, Stack size 0 bytes, startup_gd32f407.o(.text))
<BR>[Address Reference Count : 1]<UL><LI> startup_gd32f407.o(RESET)
</UL>
<P><STRONG><a name="[34]"></a>EXTI10_15_IRQHandler</STRONG> (Thumb, 0 bytes, Stack size 0 bytes, startup_gd32f407.o(.text))
<BR>[Address Reference Count : 1]<UL><LI> startup_gd32f407.o(RESET)
</UL>
<P><STRONG><a name="[10]"></a>FMC_IRQHandler</STRONG> (Thumb, 0 bytes, Stack size 0 bytes, startup_gd32f407.o(.text))
<BR>[Address Reference Count : 1]<UL><LI> startup_gd32f407.o(RESET)
</UL>
<P><STRONG><a name="[2c]"></a>I2C0_ER_IRQHandler</STRONG> (Thumb, 0 bytes, Stack size 0 bytes, startup_gd32f407.o(.text))
<BR>[Address Reference Count : 1]<UL><LI> startup_gd32f407.o(RESET)
</UL>
<P><STRONG><a name="[2b]"></a>I2C0_EV_IRQHandler</STRONG> (Thumb, 0 bytes, Stack size 0 bytes, startup_gd32f407.o(.text))
<BR>[Address Reference Count : 1]<UL><LI> startup_gd32f407.o(RESET)
</UL>
<P><STRONG><a name="[2e]"></a>I2C1_ER_IRQHandler</STRONG> (Thumb, 0 bytes, Stack size 0 bytes, startup_gd32f407.o(.text))
<BR>[Address Reference Count : 1]<UL><LI> startup_gd32f407.o(RESET)
</UL>
<P><STRONG><a name="[2d]"></a>I2C1_EV_IRQHandler</STRONG> (Thumb, 0 bytes, Stack size 0 bytes, startup_gd32f407.o(.text))
<BR>[Address Reference Count : 1]<UL><LI> startup_gd32f407.o(RESET)
</UL>
<P><STRONG><a name="[55]"></a>I2C2_ER_IRQHandler</STRONG> (Thumb, 0 bytes, Stack size 0 bytes, startup_gd32f407.o(.text))
<BR>[Address Reference Count : 1]<UL><LI> startup_gd32f407.o(RESET)
</UL>
<P><STRONG><a name="[54]"></a>I2C2_EV_IRQHandler</STRONG> (Thumb, 0 bytes, Stack size 0 bytes, startup_gd32f407.o(.text))
<BR>[Address Reference Count : 1]<UL><LI> startup_gd32f407.o(RESET)
</UL>
<P><STRONG><a name="[d]"></a>LVD_IRQHandler</STRONG> (Thumb, 0 bytes, Stack size 0 bytes, startup_gd32f407.o(.text))
<BR>[Address Reference Count : 1]<UL><LI> startup_gd32f407.o(RESET)
</UL>
<P><STRONG><a name="[11]"></a>RCU_IRQHandler</STRONG> (Thumb, 0 bytes, Stack size 0 bytes, startup_gd32f407.o(.text))
<BR>[Address Reference Count : 1]<UL><LI> startup_gd32f407.o(RESET)
</UL>
<P><STRONG><a name="[35]"></a>RTC_Alarm_IRQHandler</STRONG> (Thumb, 0 bytes, Stack size 0 bytes, startup_gd32f407.o(.text))
<BR>[Address Reference Count : 1]<UL><LI> startup_gd32f407.o(RESET)
</UL>
<P><STRONG><a name="[f]"></a>RTC_WKUP_IRQHandler</STRONG> (Thumb, 0 bytes, Stack size 0 bytes, startup_gd32f407.o(.text))
<BR>[Address Reference Count : 1]<UL><LI> startup_gd32f407.o(RESET)
</UL>
<P><STRONG><a name="[3d]"></a>SDIO_IRQHandler</STRONG> (Thumb, 0 bytes, Stack size 0 bytes, startup_gd32f407.o(.text))
<BR>[Address Reference Count : 1]<UL><LI> startup_gd32f407.o(RESET)
</UL>
<P><STRONG><a name="[2f]"></a>SPI0_IRQHandler</STRONG> (Thumb, 0 bytes, Stack size 0 bytes, startup_gd32f407.o(.text))
<BR>[Address Reference Count : 1]<UL><LI> startup_gd32f407.o(RESET)
</UL>
<P><STRONG><a name="[30]"></a>SPI1_IRQHandler</STRONG> (Thumb, 0 bytes, Stack size 0 bytes, startup_gd32f407.o(.text))
<BR>[Address Reference Count : 1]<UL><LI> startup_gd32f407.o(RESET)
</UL>
<P><STRONG><a name="[3f]"></a>SPI2_IRQHandler</STRONG> (Thumb, 0 bytes, Stack size 0 bytes, startup_gd32f407.o(.text))
<BR>[Address Reference Count : 1]<UL><LI> startup_gd32f407.o(RESET)
</UL>
<P><STRONG><a name="[e]"></a>TAMPER_STAMP_IRQHandler</STRONG> (Thumb, 0 bytes, Stack size 0 bytes, startup_gd32f407.o(.text))
<BR>[Address Reference Count : 1]<UL><LI> startup_gd32f407.o(RESET)
</UL>
<P><STRONG><a name="[24]"></a>TIMER0_BRK_TIMER9_IRQHandler</STRONG> (Thumb, 0 bytes, Stack size 0 bytes, startup_gd32f407.o(.text))
<BR>[Address Reference Count : 1]<UL><LI> startup_gd32f407.o(RESET)
</UL>
<P><STRONG><a name="[27]"></a>TIMER0_Channel_IRQHandler</STRONG> (Thumb, 0 bytes, Stack size 0 bytes, startup_gd32f407.o(.text))
<BR>[Address Reference Count : 1]<UL><LI> startup_gd32f407.o(RESET)
</UL>
<P><STRONG><a name="[26]"></a>TIMER0_TRG_CMT_TIMER11_IRQHandler</STRONG> (Thumb, 0 bytes, Stack size 0 bytes, startup_gd32f407.o(.text))
<BR>[Address Reference Count : 1]<UL><LI> startup_gd32f407.o(RESET)
</UL>
<P><STRONG><a name="[25]"></a>TIMER0_UP_TIMER10_IRQHandler</STRONG> (Thumb, 0 bytes, Stack size 0 bytes, startup_gd32f407.o(.text))
<BR>[Address Reference Count : 1]<UL><LI> startup_gd32f407.o(RESET)
</UL>
<P><STRONG><a name="[28]"></a>TIMER1_IRQHandler</STRONG> (Thumb, 0 bytes, Stack size 0 bytes, startup_gd32f407.o(.text))
<BR>[Address Reference Count : 1]<UL><LI> startup_gd32f407.o(RESET)
</UL>
<P><STRONG><a name="[29]"></a>TIMER2_IRQHandler</STRONG> (Thumb, 0 bytes, Stack size 0 bytes, startup_gd32f407.o(.text))
<BR>[Address Reference Count : 1]<UL><LI> startup_gd32f407.o(RESET)
</UL>
<P><STRONG><a name="[2a]"></a>TIMER3_IRQHandler</STRONG> (Thumb, 0 bytes, Stack size 0 bytes, startup_gd32f407.o(.text))
<BR>[Address Reference Count : 1]<UL><LI> startup_gd32f407.o(RESET)
</UL>
<P><STRONG><a name="[3e]"></a>TIMER4_IRQHandler</STRONG> (Thumb, 0 bytes, Stack size 0 bytes, startup_gd32f407.o(.text))
<BR>[Address Reference Count : 1]<UL><LI> startup_gd32f407.o(RESET)
</UL>
<P><STRONG><a name="[42]"></a>TIMER5_IRQHandler</STRONG> (Thumb, 0 bytes, Stack size 0 bytes, startup_gd32f407.o(.text))
<BR>[Address Reference Count : 1]<UL><LI> startup_gd32f407.o(RESET)
</UL>
<P><STRONG><a name="[37]"></a>TIMER7_BRK_TIMER12_IRQHandler</STRONG> (Thumb, 0 bytes, Stack size 0 bytes, startup_gd32f407.o(.text))
<BR>[Address Reference Count : 1]<UL><LI> startup_gd32f407.o(RESET)
</UL>
<P><STRONG><a name="[3a]"></a>TIMER7_Channel_IRQHandler</STRONG> (Thumb, 0 bytes, Stack size 0 bytes, startup_gd32f407.o(.text))
<BR>[Address Reference Count : 1]<UL><LI> startup_gd32f407.o(RESET)
</UL>
<P><STRONG><a name="[39]"></a>TIMER7_TRG_CMT_TIMER14_IRQHandler</STRONG> (Thumb, 0 bytes, Stack size 0 bytes, startup_gd32f407.o(.text))
<BR>[Address Reference Count : 1]<UL><LI> startup_gd32f407.o(RESET)
</UL>
<P><STRONG><a name="[38]"></a>TIMER7_UP_TIMER13_IRQHandler</STRONG> (Thumb, 0 bytes, Stack size 0 bytes, startup_gd32f407.o(.text))
<BR>[Address Reference Count : 1]<UL><LI> startup_gd32f407.o(RESET)
</UL>
<P><STRONG><a name="[5b]"></a>TRNG_IRQHandler</STRONG> (Thumb, 0 bytes, Stack size 0 bytes, startup_gd32f407.o(.text))
<BR>[Address Reference Count : 1]<UL><LI> startup_gd32f407.o(RESET)
</UL>
<P><STRONG><a name="[40]"></a>UART3_IRQHandler</STRONG> (Thumb, 0 bytes, Stack size 0 bytes, startup_gd32f407.o(.text))
<BR>[Address Reference Count : 1]<UL><LI> startup_gd32f407.o(RESET)
</UL>
<P><STRONG><a name="[41]"></a>UART4_IRQHandler</STRONG> (Thumb, 0 bytes, Stack size 0 bytes, startup_gd32f407.o(.text))
<BR>[Address Reference Count : 1]<UL><LI> startup_gd32f407.o(RESET)
</UL>
<P><STRONG><a name="[33]"></a>USART2_IRQHandler</STRONG> (Thumb, 0 bytes, Stack size 0 bytes, startup_gd32f407.o(.text))
<BR>[Address Reference Count : 1]<UL><LI> startup_gd32f407.o(RESET)
</UL>
<P><STRONG><a name="[53]"></a>USART5_IRQHandler</STRONG> (Thumb, 0 bytes, Stack size 0 bytes, startup_gd32f407.o(.text))
<BR>[Address Reference Count : 1]<UL><LI> startup_gd32f407.o(RESET)
</UL>
<P><STRONG><a name="[4f]"></a>USBFS_IRQHandler</STRONG> (Thumb, 0 bytes, Stack size 0 bytes, startup_gd32f407.o(.text))
<BR>[Address Reference Count : 1]<UL><LI> startup_gd32f407.o(RESET)
</UL>
<P><STRONG><a name="[36]"></a>USBFS_WKUP_IRQHandler</STRONG> (Thumb, 0 bytes, Stack size 0 bytes, startup_gd32f407.o(.text))
<BR>[Address Reference Count : 1]<UL><LI> startup_gd32f407.o(RESET)
</UL>
<P><STRONG><a name="[57]"></a>USBHS_EP1_In_IRQHandler</STRONG> (Thumb, 0 bytes, Stack size 0 bytes, startup_gd32f407.o(.text))
<BR>[Address Reference Count : 1]<UL><LI> startup_gd32f407.o(RESET)
</UL>
<P><STRONG><a name="[56]"></a>USBHS_EP1_Out_IRQHandler</STRONG> (Thumb, 0 bytes, Stack size 0 bytes, startup_gd32f407.o(.text))
<BR>[Address Reference Count : 1]<UL><LI> startup_gd32f407.o(RESET)
</UL>
<P><STRONG><a name="[59]"></a>USBHS_IRQHandler</STRONG> (Thumb, 0 bytes, Stack size 0 bytes, startup_gd32f407.o(.text))
<BR>[Address Reference Count : 1]<UL><LI> startup_gd32f407.o(RESET)
</UL>
<P><STRONG><a name="[58]"></a>USBHS_WKUP_IRQHandler</STRONG> (Thumb, 0 bytes, Stack size 0 bytes, startup_gd32f407.o(.text))
<BR>[Address Reference Count : 1]<UL><LI> startup_gd32f407.o(RESET)
</UL>
<P><STRONG><a name="[c]"></a>WWDGT_IRQHandler</STRONG> (Thumb, 0 bytes, Stack size 0 bytes, startup_gd32f407.o(.text))
<BR>[Address Reference Count : 1]<UL><LI> startup_gd32f407.o(RESET)
</UL>
<P><STRONG><a name="[67]"></a>__user_initial_stackheap</STRONG> (Thumb, 0 bytes, Stack size unknown bytes, startup_gd32f407.o(.text))
<BR><BR>[Called By]<UL><LI><a href="#[6f]">&gt;&gt;</a>&nbsp;&nbsp;&nbsp;__user_setup_stackheap
</UL>

<P><STRONG><a name="[120]"></a>__use_no_semihosting</STRONG> (Thumb, 2 bytes, Stack size 0 bytes, use_no_semi_2.o(.text), UNUSED)

<P><STRONG><a name="[a1]"></a>__aeabi_memcpy</STRONG> (Thumb, 0 bytes, Stack size 0 bytes, rt_memcpy_v6.o(.text))
<BR><BR>[Called By]<UL><LI><a href="#[84]">&gt;&gt;</a>&nbsp;&nbsp;&nbsp;BLL_Motor_Mission
</UL>

<P><STRONG><a name="[79]"></a>__rt_memcpy</STRONG> (Thumb, 138 bytes, Stack size 0 bytes, rt_memcpy_v6.o(.text), UNUSED)
<BR><BR>[Calls]<UL><LI><a href="#[7a]">&gt;&gt;</a>&nbsp;&nbsp;&nbsp;__aeabi_memcpy4
</UL>

<P><STRONG><a name="[121]"></a>_memcpy_lastbytes</STRONG> (Thumb, 0 bytes, Stack size unknown bytes, rt_memcpy_v6.o(.text), UNUSED)

<P><STRONG><a name="[122]"></a>__use_two_region_memory</STRONG> (Thumb, 2 bytes, Stack size 0 bytes, heapauxi.o(.text), UNUSED)

<P><STRONG><a name="[123]"></a>__rt_heap_escrow$2region</STRONG> (Thumb, 2 bytes, Stack size 0 bytes, heapauxi.o(.text), UNUSED)

<P><STRONG><a name="[124]"></a>__rt_heap_expand$2region</STRONG> (Thumb, 2 bytes, Stack size 0 bytes, heapauxi.o(.text), UNUSED)

<P><STRONG><a name="[81]"></a>setjmp</STRONG> (Thumb, 42 bytes, Stack size 8 bytes, setjmp.o(.text))
<BR><BR>[Stack]<UL><LI>Max Depth = 8<LI>Call Chain = setjmp
</UL>
<BR>[Called By]<UL><LI><a href="#[a3]">&gt;&gt;</a>&nbsp;&nbsp;&nbsp;BLL_ToCase_Execute
<LI><a href="#[7f]">&gt;&gt;</a>&nbsp;&nbsp;&nbsp;BLL_BackZero_Execute
</UL>

<P><STRONG><a name="[b0]"></a>longjmp</STRONG> (Thumb, 56 bytes, Stack size 0 bytes, setjmp.o(.text))
<BR><BR>[Called By]<UL><LI><a href="#[b1]">&gt;&gt;</a>&nbsp;&nbsp;&nbsp;ZeroMove
<LI><a href="#[ee]">&gt;&gt;</a>&nbsp;&nbsp;&nbsp;WaitMotorStop
<LI><a href="#[a3]">&gt;&gt;</a>&nbsp;&nbsp;&nbsp;BLL_ToCase_Execute
<LI><a href="#[a7]">&gt;&gt;</a>&nbsp;&nbsp;&nbsp;WaitMotorStop
<LI><a href="#[82]">&gt;&gt;</a>&nbsp;&nbsp;&nbsp;BackZero
</UL>

<P><STRONG><a name="[125]"></a>__I$use$semihosting</STRONG> (Thumb, 0 bytes, Stack size 0 bytes, use_no_semi.o(.text), UNUSED)

<P><STRONG><a name="[126]"></a>__use_no_semihosting_swi</STRONG> (Thumb, 2 bytes, Stack size 0 bytes, use_no_semi.o(.text), UNUSED)

<P><STRONG><a name="[7a]"></a>__aeabi_memcpy4</STRONG> (Thumb, 0 bytes, Stack size 8 bytes, rt_memcpy_w.o(.text), UNUSED)
<BR><BR>[Called By]<UL><LI><a href="#[79]">&gt;&gt;</a>&nbsp;&nbsp;&nbsp;__rt_memcpy
</UL>

<P><STRONG><a name="[127]"></a>__aeabi_memcpy8</STRONG> (Thumb, 0 bytes, Stack size 8 bytes, rt_memcpy_w.o(.text), UNUSED)

<P><STRONG><a name="[128]"></a>__rt_memcpy_w</STRONG> (Thumb, 100 bytes, Stack size 8 bytes, rt_memcpy_w.o(.text), UNUSED)

<P><STRONG><a name="[129]"></a>_memcpy_lastbytes_aligned</STRONG> (Thumb, 0 bytes, Stack size unknown bytes, rt_memcpy_w.o(.text), UNUSED)

<P><STRONG><a name="[6f]"></a>__user_setup_stackheap</STRONG> (Thumb, 74 bytes, Stack size 8 bytes, sys_stackheap_outer.o(.text))
<BR><BR>[Stack]<UL><LI>Max Depth = 8 + Unknown Stack Size
<LI>Call Chain = __user_setup_stackheap
</UL>
<BR>[Calls]<UL><LI><a href="#[67]">&gt;&gt;</a>&nbsp;&nbsp;&nbsp;__user_initial_stackheap
<LI><a href="#[7b]">&gt;&gt;</a>&nbsp;&nbsp;&nbsp;__user_perproc_libspace
</UL>
<BR>[Called By]<UL><LI><a href="#[6e]">&gt;&gt;</a>&nbsp;&nbsp;&nbsp;__rt_entry_sh
</UL>

<P><STRONG><a name="[74]"></a>exit</STRONG> (Thumb, 18 bytes, Stack size 8 bytes, exit.o(.text))
<BR><BR>[Stack]<UL><LI>Max Depth = 8 + Unknown Stack Size
<LI>Call Chain = exit
</UL>
<BR>[Calls]<UL><LI><a href="#[7c]">&gt;&gt;</a>&nbsp;&nbsp;&nbsp;__rt_exit
</UL>
<BR>[Called By]<UL><LI><a href="#[72]">&gt;&gt;</a>&nbsp;&nbsp;&nbsp;__rt_entry_main
</UL>

<P><STRONG><a name="[12a]"></a>__user_libspace</STRONG> (Thumb, 8 bytes, Stack size 0 bytes, libspace.o(.text), UNUSED)

<P><STRONG><a name="[7b]"></a>__user_perproc_libspace</STRONG> (Thumb, 0 bytes, Stack size 0 bytes, libspace.o(.text))
<BR><BR>[Called By]<UL><LI><a href="#[6f]">&gt;&gt;</a>&nbsp;&nbsp;&nbsp;__user_setup_stackheap
</UL>

<P><STRONG><a name="[12b]"></a>__user_perthread_libspace</STRONG> (Thumb, 0 bytes, Stack size 0 bytes, libspace.o(.text), UNUSED)

<P><STRONG><a name="[7d]"></a>BLL_Abort_Mission</STRONG> (Thumb, 36 bytes, Stack size 8 bytes, bll_main.o(i.BLL_Abort_Mission))
<BR><BR>[Stack]<UL><LI>Max Depth = 8<LI>Call Chain = BLL_Abort_Mission
</UL>
<BR>[Calls]<UL><LI><a href="#[7e]">&gt;&gt;</a>&nbsp;&nbsp;&nbsp;FUN_MOTOR_ABORT
</UL>
<BR>[Called By]<UL><LI><a href="#[83]">&gt;&gt;</a>&nbsp;&nbsp;&nbsp;BLL_Execute_Mission
</UL>

<P><STRONG><a name="[5f]"></a>BLL_BackZero_ClearFlag</STRONG> (Thumb, 8 bytes, Stack size 0 bytes, bll_backzero.o(i.BLL_BackZero_ClearFlag))
<BR>[Address Reference Count : 1]<UL><LI> bll_main.o(i.BLL_Motor_Mission)
</UL>
<P><STRONG><a name="[7f]"></a>BLL_BackZero_Execute</STRONG> (Thumb, 56 bytes, Stack size 16 bytes, bll_backzero.o(i.BLL_BackZero_Execute))
<BR><BR>[Stack]<UL><LI>Max Depth = 152<LI>Call Chain = BLL_BackZero_Execute &rArr; BackZero &rArr; ZeroMove &rArr; WaitMotorStop &rArr; Check_Status &rArr; Send_Func03_Data &rArr; Modbus_Master_SendUART
</UL>
<BR>[Calls]<UL><LI><a href="#[80]">&gt;&gt;</a>&nbsp;&nbsp;&nbsp;usart_flag_clear
<LI><a href="#[81]">&gt;&gt;</a>&nbsp;&nbsp;&nbsp;setjmp
<LI><a href="#[82]">&gt;&gt;</a>&nbsp;&nbsp;&nbsp;BackZero
</UL>
<BR>[Called By]<UL><LI><a href="#[84]">&gt;&gt;</a>&nbsp;&nbsp;&nbsp;BLL_Motor_Mission
</UL>

<P><STRONG><a name="[86]"></a>BLL_ClearFailure</STRONG> (Thumb, 22 bytes, Stack size 0 bytes, bll_main.o(i.BLL_ClearFailure))
<BR><BR>[Called By]<UL><LI><a href="#[83]">&gt;&gt;</a>&nbsp;&nbsp;&nbsp;BLL_Execute_Mission
</UL>

<P><STRONG><a name="[85]"></a>BLL_ClearFinishFlag</STRONG> (Thumb, 18 bytes, Stack size 0 bytes, bll_main.o(i.BLL_ClearFinishFlag))
<BR><BR>[Called By]<UL><LI><a href="#[83]">&gt;&gt;</a>&nbsp;&nbsp;&nbsp;BLL_Execute_Mission
</UL>

<P><STRONG><a name="[5e]"></a>BLL_EEPROM_ClearFlag</STRONG> (Thumb, 8 bytes, Stack size 0 bytes, bll_eeprom.o(i.BLL_EEPROM_ClearFlag))
<BR>[Address Reference Count : 1]<UL><LI> bll_main.o(i.BLL_Motor_Mission)
</UL>
<P><STRONG><a name="[a2]"></a>BLL_EEPROM_Execute</STRONG> (Thumb, 34 bytes, Stack size 0 bytes, bll_eeprom.o(i.BLL_EEPROM_Execute))
<BR><BR>[Called By]<UL><LI><a href="#[84]">&gt;&gt;</a>&nbsp;&nbsp;&nbsp;BLL_Motor_Mission
</UL>

<P><STRONG><a name="[83]"></a>BLL_Execute_Mission</STRONG> (Thumb, 80 bytes, Stack size 8 bytes, bll_main.o(i.BLL_Execute_Mission))
<BR><BR>[Stack]<UL><LI>Max Depth = 264<LI>Call Chain = BLL_Execute_Mission &rArr; BLL_Motor_Mission &rArr; BLL_ToCase_Execute &rArr; BackZero &rArr; ZeroMove &rArr; WaitMotorStop &rArr; Check_Status &rArr; Send_Func03_Data &rArr; Modbus_Master_SendUART
</UL>
<BR>[Calls]<UL><LI><a href="#[87]">&gt;&gt;</a>&nbsp;&nbsp;&nbsp;BLL_Stop_Mission
<LI><a href="#[88]">&gt;&gt;</a>&nbsp;&nbsp;&nbsp;BLL_Soft_Reset
<LI><a href="#[84]">&gt;&gt;</a>&nbsp;&nbsp;&nbsp;BLL_Motor_Mission
<LI><a href="#[85]">&gt;&gt;</a>&nbsp;&nbsp;&nbsp;BLL_ClearFinishFlag
<LI><a href="#[86]">&gt;&gt;</a>&nbsp;&nbsp;&nbsp;BLL_ClearFailure
<LI><a href="#[7d]">&gt;&gt;</a>&nbsp;&nbsp;&nbsp;BLL_Abort_Mission
</UL>
<BR>[Called By]<UL><LI><a href="#[73]">&gt;&gt;</a>&nbsp;&nbsp;&nbsp;main
</UL>

<P><STRONG><a name="[89]"></a>BLL_Init_All</STRONG> (Thumb, 96 bytes, Stack size 8 bytes, bll_main.o(i.BLL_Init_All))
<BR><BR>[Stack]<UL><LI>Max Depth = 92<LI>Call Chain = BLL_Init_All &rArr; Slave_USART_Init &rArr; usart_baudrate_set &rArr; rcu_clock_freq_get
</UL>
<BR>[Calls]<UL><LI><a href="#[8a]">&gt;&gt;</a>&nbsp;&nbsp;&nbsp;Slave_USART_Init
<LI><a href="#[8c]">&gt;&gt;</a>&nbsp;&nbsp;&nbsp;Master_USART_Init
<LI><a href="#[90]">&gt;&gt;</a>&nbsp;&nbsp;&nbsp;GPIO_Config
<LI><a href="#[91]">&gt;&gt;</a>&nbsp;&nbsp;&nbsp;NVIC_Config
<LI><a href="#[8b]">&gt;&gt;</a>&nbsp;&nbsp;&nbsp;Modbus_Slave_Timer_Init
<LI><a href="#[8d]">&gt;&gt;</a>&nbsp;&nbsp;&nbsp;Modbus_Master_Timer_Init
<LI><a href="#[8f]">&gt;&gt;</a>&nbsp;&nbsp;&nbsp;Dispatcher_Tim_Init
<LI><a href="#[8e]">&gt;&gt;</a>&nbsp;&nbsp;&nbsp;Delay_Timer_Init
</UL>
<BR>[Called By]<UL><LI><a href="#[73]">&gt;&gt;</a>&nbsp;&nbsp;&nbsp;main
</UL>

<P><STRONG><a name="[92]"></a>BLL_Motor_AD_AbsoluteMove</STRONG> (Thumb, 66 bytes, Stack size 24 bytes, bll_adapter.o(i.BLL_Motor_AD_AbsoluteMove))
<BR><BR>[Stack]<UL><LI>Max Depth = 104<LI>Call Chain = BLL_Motor_AD_AbsoluteMove &rArr; BLL_Motor_AD_Get_Position &rArr; Get_Turn_Number &rArr; Send_Func03_Data &rArr; Modbus_Master_SendUART
</UL>
<BR>[Calls]<UL><LI><a href="#[94]">&gt;&gt;</a>&nbsp;&nbsp;&nbsp;BLL_Motor_AD_RelativeMove
<LI><a href="#[93]">&gt;&gt;</a>&nbsp;&nbsp;&nbsp;BLL_Motor_AD_Get_Position
</UL>
<BR>[Called By]<UL><LI><a href="#[a3]">&gt;&gt;</a>&nbsp;&nbsp;&nbsp;BLL_ToCase_Execute
</UL>

<P><STRONG><a name="[93]"></a>BLL_Motor_AD_Get_Position</STRONG> (Thumb, 68 bytes, Stack size 16 bytes, bll_adapter.o(i.BLL_Motor_AD_Get_Position))
<BR><BR>[Stack]<UL><LI>Max Depth = 80<LI>Call Chain = BLL_Motor_AD_Get_Position &rArr; Get_Turn_Number &rArr; Send_Func03_Data &rArr; Modbus_Master_SendUART
</UL>
<BR>[Calls]<UL><LI><a href="#[95]">&gt;&gt;</a>&nbsp;&nbsp;&nbsp;Get_Turn_Number
<LI><a href="#[96]">&gt;&gt;</a>&nbsp;&nbsp;&nbsp;Get_Encoder_Number
<LI><a href="#[98]">&gt;&gt;</a>&nbsp;&nbsp;&nbsp;__aeabi_dmul
<LI><a href="#[97]">&gt;&gt;</a>&nbsp;&nbsp;&nbsp;__aeabi_i2d
<LI><a href="#[99]">&gt;&gt;</a>&nbsp;&nbsp;&nbsp;__aeabi_d2iz
</UL>
<BR>[Called By]<UL><LI><a href="#[92]">&gt;&gt;</a>&nbsp;&nbsp;&nbsp;BLL_Motor_AD_AbsoluteMove
</UL>

<P><STRONG><a name="[94]"></a>BLL_Motor_AD_RelativeMove</STRONG> (Thumb, 54 bytes, Stack size 16 bytes, bll_adapter.o(i.BLL_Motor_AD_RelativeMove))
<BR><BR>[Stack]<UL><LI>Max Depth = 64<LI>Call Chain = BLL_Motor_AD_RelativeMove &rArr; Set_Position &rArr; Send_Func10_Data &rArr; Modbus_Master_SendUART
</UL>
<BR>[Calls]<UL><LI><a href="#[9d]">&gt;&gt;</a>&nbsp;&nbsp;&nbsp;Set_Position
<LI><a href="#[9f]">&gt;&gt;</a>&nbsp;&nbsp;&nbsp;Run
<LI><a href="#[9e]">&gt;&gt;</a>&nbsp;&nbsp;&nbsp;Ready_Run
<LI><a href="#[a0]">&gt;&gt;</a>&nbsp;&nbsp;&nbsp;Ready_Brake
<LI><a href="#[9a]">&gt;&gt;</a>&nbsp;&nbsp;&nbsp;Position_Mode_Set_Speed
<LI><a href="#[9c]">&gt;&gt;</a>&nbsp;&nbsp;&nbsp;Position_Mode_Set_Dece
<LI><a href="#[9b]">&gt;&gt;</a>&nbsp;&nbsp;&nbsp;Position_Mode_Set_Acce
</UL>
<BR>[Called By]<UL><LI><a href="#[b1]">&gt;&gt;</a>&nbsp;&nbsp;&nbsp;ZeroMove
<LI><a href="#[92]">&gt;&gt;</a>&nbsp;&nbsp;&nbsp;BLL_Motor_AD_AbsoluteMove
<LI><a href="#[a3]">&gt;&gt;</a>&nbsp;&nbsp;&nbsp;BLL_ToCase_Execute
<LI><a href="#[ae]">&gt;&gt;</a>&nbsp;&nbsp;&nbsp;CaseSlowMove
</UL>

<P><STRONG><a name="[84]"></a>BLL_Motor_Mission</STRONG> (Thumb, 192 bytes, Stack size 56 bytes, bll_main.o(i.BLL_Motor_Mission))
<BR><BR>[Stack]<UL><LI>Max Depth = 256<LI>Call Chain = BLL_Motor_Mission &rArr; BLL_ToCase_Execute &rArr; BackZero &rArr; ZeroMove &rArr; WaitMotorStop &rArr; Check_Status &rArr; Send_Func03_Data &rArr; Modbus_Master_SendUART
</UL>
<BR>[Calls]<UL><LI><a href="#[a3]">&gt;&gt;</a>&nbsp;&nbsp;&nbsp;BLL_ToCase_Execute
<LI><a href="#[a2]">&gt;&gt;</a>&nbsp;&nbsp;&nbsp;BLL_EEPROM_Execute
<LI><a href="#[7f]">&gt;&gt;</a>&nbsp;&nbsp;&nbsp;BLL_BackZero_Execute
<LI><a href="#[a1]">&gt;&gt;</a>&nbsp;&nbsp;&nbsp;__aeabi_memcpy
</UL>
<BR>[Called By]<UL><LI><a href="#[83]">&gt;&gt;</a>&nbsp;&nbsp;&nbsp;BLL_Execute_Mission
</UL>

<P><STRONG><a name="[88]"></a>BLL_Soft_Reset</STRONG> (Thumb, 30 bytes, Stack size 0 bytes, bll_main.o(i.BLL_Soft_Reset))
<BR><BR>[Called By]<UL><LI><a href="#[83]">&gt;&gt;</a>&nbsp;&nbsp;&nbsp;BLL_Execute_Mission
</UL>

<P><STRONG><a name="[87]"></a>BLL_Stop_Mission</STRONG> (Thumb, 34 bytes, Stack size 8 bytes, bll_main.o(i.BLL_Stop_Mission))
<BR><BR>[Stack]<UL><LI>Max Depth = 8<LI>Call Chain = BLL_Stop_Mission
</UL>
<BR>[Calls]<UL><LI><a href="#[a4]">&gt;&gt;</a>&nbsp;&nbsp;&nbsp;FUN_MOTOR_STOP
</UL>
<BR>[Called By]<UL><LI><a href="#[83]">&gt;&gt;</a>&nbsp;&nbsp;&nbsp;BLL_Execute_Mission
</UL>

<P><STRONG><a name="[60]"></a>BLL_ToCase_ClearFlag</STRONG> (Thumb, 8 bytes, Stack size 0 bytes, bll_tocase.o(i.BLL_ToCase_ClearFlag))
<BR>[Address Reference Count : 1]<UL><LI> bll_main.o(i.BLL_Motor_Mission)
</UL>
<P><STRONG><a name="[a3]"></a>BLL_ToCase_Execute</STRONG> (Thumb, 2032 bytes, Stack size 64 bytes, bll_tocase.o(i.BLL_ToCase_Execute))
<BR><BR>[Stack]<UL><LI>Max Depth = 200<LI>Call Chain = BLL_ToCase_Execute &rArr; BackZero &rArr; ZeroMove &rArr; WaitMotorStop &rArr; Check_Status &rArr; Send_Func03_Data &rArr; Modbus_Master_SendUART
</UL>
<BR>[Calls]<UL><LI><a href="#[80]">&gt;&gt;</a>&nbsp;&nbsp;&nbsp;usart_flag_clear
<LI><a href="#[ad]">&gt;&gt;</a>&nbsp;&nbsp;&nbsp;Read_Switch
<LI><a href="#[ab]">&gt;&gt;</a>&nbsp;&nbsp;&nbsp;Check_LimitTriggered
<LI><a href="#[94]">&gt;&gt;</a>&nbsp;&nbsp;&nbsp;BLL_Motor_AD_RelativeMove
<LI><a href="#[92]">&gt;&gt;</a>&nbsp;&nbsp;&nbsp;BLL_Motor_AD_AbsoluteMove
<LI><a href="#[ac]">&gt;&gt;</a>&nbsp;&nbsp;&nbsp;Check_Status
<LI><a href="#[af]">&gt;&gt;</a>&nbsp;&nbsp;&nbsp;Brake
<LI><a href="#[aa]">&gt;&gt;</a>&nbsp;&nbsp;&nbsp;delay_ms
<LI><a href="#[b0]">&gt;&gt;</a>&nbsp;&nbsp;&nbsp;longjmp
<LI><a href="#[81]">&gt;&gt;</a>&nbsp;&nbsp;&nbsp;setjmp
<LI><a href="#[98]">&gt;&gt;</a>&nbsp;&nbsp;&nbsp;__aeabi_dmul
<LI><a href="#[a8]">&gt;&gt;</a>&nbsp;&nbsp;&nbsp;__aeabi_ui2d
<LI><a href="#[97]">&gt;&gt;</a>&nbsp;&nbsp;&nbsp;__aeabi_i2d
<LI><a href="#[99]">&gt;&gt;</a>&nbsp;&nbsp;&nbsp;__aeabi_d2iz
<LI><a href="#[a9]">&gt;&gt;</a>&nbsp;&nbsp;&nbsp;__aeabi_dadd
<LI><a href="#[a6]">&gt;&gt;</a>&nbsp;&nbsp;&nbsp;MyDelay
<LI><a href="#[a7]">&gt;&gt;</a>&nbsp;&nbsp;&nbsp;WaitMotorStop
<LI><a href="#[a5]">&gt;&gt;</a>&nbsp;&nbsp;&nbsp;Clear_Manual_Flags
<LI><a href="#[ae]">&gt;&gt;</a>&nbsp;&nbsp;&nbsp;CaseSlowMove
<LI><a href="#[82]">&gt;&gt;</a>&nbsp;&nbsp;&nbsp;BackZero
</UL>
<BR>[Called By]<UL><LI><a href="#[84]">&gt;&gt;</a>&nbsp;&nbsp;&nbsp;BLL_Motor_Mission
</UL>

<P><STRONG><a name="[f1]"></a>BLL_Update</STRONG> (Thumb, 18 bytes, Stack size 0 bytes, bll_main.o(i.BLL_Update))
<BR><BR>[Called By]<UL><LI><a href="#[73]">&gt;&gt;</a>&nbsp;&nbsp;&nbsp;main
</UL>

<P><STRONG><a name="[82]"></a>BackZero</STRONG> (Thumb, 106 bytes, Stack size 8 bytes, bll_backzero.o(i.BackZero))
<BR><BR>[Stack]<UL><LI>Max Depth = 136<LI>Call Chain = BackZero &rArr; ZeroMove &rArr; WaitMotorStop &rArr; Check_Status &rArr; Send_Func03_Data &rArr; Modbus_Master_SendUART
</UL>
<BR>[Calls]<UL><LI><a href="#[ad]">&gt;&gt;</a>&nbsp;&nbsp;&nbsp;Read_Switch
<LI><a href="#[b1]">&gt;&gt;</a>&nbsp;&nbsp;&nbsp;ZeroMove
<LI><a href="#[95]">&gt;&gt;</a>&nbsp;&nbsp;&nbsp;Get_Turn_Number
<LI><a href="#[96]">&gt;&gt;</a>&nbsp;&nbsp;&nbsp;Get_Encoder_Number
<LI><a href="#[aa]">&gt;&gt;</a>&nbsp;&nbsp;&nbsp;delay_ms
<LI><a href="#[b0]">&gt;&gt;</a>&nbsp;&nbsp;&nbsp;longjmp
</UL>
<BR>[Called By]<UL><LI><a href="#[a3]">&gt;&gt;</a>&nbsp;&nbsp;&nbsp;BLL_ToCase_Execute
<LI><a href="#[7f]">&gt;&gt;</a>&nbsp;&nbsp;&nbsp;BLL_BackZero_Execute
</UL>

<P><STRONG><a name="[af]"></a>Brake</STRONG> (Thumb, 10 bytes, Stack size 0 bytes, bll_motor.o(i.Brake))
<BR><BR>[Stack]<UL><LI>Max Depth = 48<LI>Call Chain = Brake &rArr; Send_Func06_Data &rArr; Modbus_Master_SendUART
</UL>
<BR>[Calls]<UL><LI><a href="#[b2]">&gt;&gt;</a>&nbsp;&nbsp;&nbsp;Send_Func06_Data
</UL>
<BR>[Called By]<UL><LI><a href="#[b1]">&gt;&gt;</a>&nbsp;&nbsp;&nbsp;ZeroMove
<LI><a href="#[ee]">&gt;&gt;</a>&nbsp;&nbsp;&nbsp;WaitMotorStop
<LI><a href="#[a3]">&gt;&gt;</a>&nbsp;&nbsp;&nbsp;BLL_ToCase_Execute
<LI><a href="#[a7]">&gt;&gt;</a>&nbsp;&nbsp;&nbsp;WaitMotorStop
<LI><a href="#[ae]">&gt;&gt;</a>&nbsp;&nbsp;&nbsp;CaseSlowMove
</UL>

<P><STRONG><a name="[6]"></a>BusFault_Handler</STRONG> (Thumb, 2 bytes, Stack size 0 bytes, gd32f4xx_it.o(i.BusFault_Handler))
<BR><BR>[Calls]<UL><LI><a href="#[6]">&gt;&gt;</a>&nbsp;&nbsp;&nbsp;BusFault_Handler
</UL>
<BR>[Called By]<UL><LI><a href="#[6]">&gt;&gt;</a>&nbsp;&nbsp;&nbsp;BusFault_Handler
</UL>
<BR>[Address Reference Count : 1]<UL><LI> startup_gd32f407.o(RESET)
</UL>
<P><STRONG><a name="[e2]"></a>Calculate_CRC</STRONG> (Thumb, 50 bytes, Stack size 16 bytes, modbus_master.o(i.Calculate_CRC))
<BR><BR>[Stack]<UL><LI>Max Depth = 16<LI>Call Chain = Calculate_CRC
</UL>
<BR>[Called By]<UL><LI><a href="#[b3]">&gt;&gt;</a>&nbsp;&nbsp;&nbsp;Send_Func03_Data
<LI><a href="#[e0]">&gt;&gt;</a>&nbsp;&nbsp;&nbsp;Send_Func10_Data
<LI><a href="#[b2]">&gt;&gt;</a>&nbsp;&nbsp;&nbsp;Send_Func06_Data
</UL>

<P><STRONG><a name="[ab]"></a>Check_LimitTriggered</STRONG> (Thumb, 42 bytes, Stack size 8 bytes, bll_adapter.o(i.Check_LimitTriggered))
<BR><BR>[Stack]<UL><LI>Max Depth = 24<LI>Call Chain = Check_LimitTriggered &rArr; delay_ms
</UL>
<BR>[Calls]<UL><LI><a href="#[aa]">&gt;&gt;</a>&nbsp;&nbsp;&nbsp;delay_ms
</UL>
<BR>[Called By]<UL><LI><a href="#[ee]">&gt;&gt;</a>&nbsp;&nbsp;&nbsp;WaitMotorStop
<LI><a href="#[a3]">&gt;&gt;</a>&nbsp;&nbsp;&nbsp;BLL_ToCase_Execute
<LI><a href="#[a7]">&gt;&gt;</a>&nbsp;&nbsp;&nbsp;WaitMotorStop
</UL>

<P><STRONG><a name="[ac]"></a>Check_Status</STRONG> (Thumb, 30 bytes, Stack size 8 bytes, bll_motor.o(i.Check_Status))
<BR><BR>[Stack]<UL><LI>Max Depth = 64<LI>Call Chain = Check_Status &rArr; Send_Func03_Data &rArr; Modbus_Master_SendUART
</UL>
<BR>[Calls]<UL><LI><a href="#[b3]">&gt;&gt;</a>&nbsp;&nbsp;&nbsp;Send_Func03_Data
</UL>
<BR>[Called By]<UL><LI><a href="#[ee]">&gt;&gt;</a>&nbsp;&nbsp;&nbsp;WaitMotorStop
<LI><a href="#[a3]">&gt;&gt;</a>&nbsp;&nbsp;&nbsp;BLL_ToCase_Execute
<LI><a href="#[a7]">&gt;&gt;</a>&nbsp;&nbsp;&nbsp;WaitMotorStop
</UL>

<P><STRONG><a name="[52]"></a>DMA1_Channel7_IRQHandler</STRONG> (Thumb, 54 bytes, Stack size 8 bytes, usart.o(i.DMA1_Channel7_IRQHandler))
<BR><BR>[Stack]<UL><LI>Max Depth = 20<LI>Call Chain = DMA1_Channel7_IRQHandler &rArr; dma_interrupt_flag_get
</UL>
<BR>[Calls]<UL><LI><a href="#[b7]">&gt;&gt;</a>&nbsp;&nbsp;&nbsp;Modbus_ResetToIdle
<LI><a href="#[b4]">&gt;&gt;</a>&nbsp;&nbsp;&nbsp;dma_interrupt_flag_get
<LI><a href="#[b5]">&gt;&gt;</a>&nbsp;&nbsp;&nbsp;dma_interrupt_flag_clear
<LI><a href="#[b6]">&gt;&gt;</a>&nbsp;&nbsp;&nbsp;dma_flag_clear
</UL>
<BR>[Address Reference Count : 1]<UL><LI> startup_gd32f407.o(RESET)
</UL>
<P><STRONG><a name="[9]"></a>DebugMon_Handler</STRONG> (Thumb, 2 bytes, Stack size 0 bytes, gd32f4xx_it.o(i.DebugMon_Handler))
<BR><BR>[Calls]<UL><LI><a href="#[9]">&gt;&gt;</a>&nbsp;&nbsp;&nbsp;DebugMon_Handler
</UL>
<BR>[Called By]<UL><LI><a href="#[9]">&gt;&gt;</a>&nbsp;&nbsp;&nbsp;DebugMon_Handler
</UL>
<BR>[Address Reference Count : 1]<UL><LI> startup_gd32f407.o(RESET)
</UL>
<P><STRONG><a name="[8e]"></a>Delay_Timer_Init</STRONG> (Thumb, 66 bytes, Stack size 24 bytes, timer.o(i.Delay_Timer_Init))
<BR><BR>[Stack]<UL><LI>Max Depth = 36<LI>Call Chain = Delay_Timer_Init &rArr; timer_init
</UL>
<BR>[Calls]<UL><LI><a href="#[b8]">&gt;&gt;</a>&nbsp;&nbsp;&nbsp;rcu_periph_clock_enable
<LI><a href="#[ba]">&gt;&gt;</a>&nbsp;&nbsp;&nbsp;timer_interrupt_enable
<LI><a href="#[b9]">&gt;&gt;</a>&nbsp;&nbsp;&nbsp;timer_init
<LI><a href="#[bb]">&gt;&gt;</a>&nbsp;&nbsp;&nbsp;timer_enable
</UL>
<BR>[Called By]<UL><LI><a href="#[89]">&gt;&gt;</a>&nbsp;&nbsp;&nbsp;BLL_Init_All
</UL>

<P><STRONG><a name="[8f]"></a>Dispatcher_Tim_Init</STRONG> (Thumb, 90 bytes, Stack size 24 bytes, timer.o(i.Dispatcher_Tim_Init))
<BR><BR>[Stack]<UL><LI>Max Depth = 44<LI>Call Chain = Dispatcher_Tim_Init &rArr; nvic_irq_enable
</UL>
<BR>[Calls]<UL><LI><a href="#[b8]">&gt;&gt;</a>&nbsp;&nbsp;&nbsp;rcu_periph_clock_enable
<LI><a href="#[bc]">&gt;&gt;</a>&nbsp;&nbsp;&nbsp;timer_interrupt_flag_clear
<LI><a href="#[ba]">&gt;&gt;</a>&nbsp;&nbsp;&nbsp;timer_interrupt_enable
<LI><a href="#[b9]">&gt;&gt;</a>&nbsp;&nbsp;&nbsp;timer_init
<LI><a href="#[bb]">&gt;&gt;</a>&nbsp;&nbsp;&nbsp;timer_enable
<LI><a href="#[bd]">&gt;&gt;</a>&nbsp;&nbsp;&nbsp;nvic_irq_enable
</UL>
<BR>[Called By]<UL><LI><a href="#[89]">&gt;&gt;</a>&nbsp;&nbsp;&nbsp;BLL_Init_All
</UL>

<P><STRONG><a name="[be]"></a>EStop_INT_HANDLER</STRONG> (Thumb, 52 bytes, Stack size 24 bytes, bll_adapter.o(i.EStop_INT_HANDLER))
<BR><BR>[Stack]<UL><LI>Max Depth = 40<LI>Call Chain = EStop_INT_HANDLER &rArr; delay_ms
</UL>
<BR>[Calls]<UL><LI><a href="#[aa]">&gt;&gt;</a>&nbsp;&nbsp;&nbsp;delay_ms
</UL>
<BR>[Called By]<UL><LI><a href="#[23]">&gt;&gt;</a>&nbsp;&nbsp;&nbsp;EXTI5_9_IRQHandler
</UL>

<P><STRONG><a name="[12]"></a>EXTI0_IRQHandler</STRONG> (Thumb, 24 bytes, Stack size 8 bytes, exti.o(i.EXTI0_IRQHandler))
<BR><BR>[Stack]<UL><LI>Max Depth = 8<LI>Call Chain = EXTI0_IRQHandler
</UL>
<BR>[Calls]<UL><LI><a href="#[bf]">&gt;&gt;</a>&nbsp;&nbsp;&nbsp;exti_flag_get
<LI><a href="#[c0]">&gt;&gt;</a>&nbsp;&nbsp;&nbsp;exti_flag_clear
</UL>
<BR>[Address Reference Count : 1]<UL><LI> startup_gd32f407.o(RESET)
</UL>
<P><STRONG><a name="[13]"></a>EXTI1_IRQHandler</STRONG> (Thumb, 24 bytes, Stack size 8 bytes, exti.o(i.EXTI1_IRQHandler))
<BR><BR>[Stack]<UL><LI>Max Depth = 8<LI>Call Chain = EXTI1_IRQHandler
</UL>
<BR>[Calls]<UL><LI><a href="#[bf]">&gt;&gt;</a>&nbsp;&nbsp;&nbsp;exti_flag_get
<LI><a href="#[c0]">&gt;&gt;</a>&nbsp;&nbsp;&nbsp;exti_flag_clear
</UL>
<BR>[Address Reference Count : 1]<UL><LI> startup_gd32f407.o(RESET)
</UL>
<P><STRONG><a name="[14]"></a>EXTI2_IRQHandler</STRONG> (Thumb, 28 bytes, Stack size 8 bytes, exti.o(i.EXTI2_IRQHandler))
<BR><BR>[Stack]<UL><LI>Max Depth = 40<LI>Call Chain = EXTI2_IRQHandler &rArr; SWTICH1_INT_HANDLER &rArr; Read_Switch
</UL>
<BR>[Calls]<UL><LI><a href="#[bf]">&gt;&gt;</a>&nbsp;&nbsp;&nbsp;exti_flag_get
<LI><a href="#[c0]">&gt;&gt;</a>&nbsp;&nbsp;&nbsp;exti_flag_clear
<LI><a href="#[c1]">&gt;&gt;</a>&nbsp;&nbsp;&nbsp;SWTICH1_INT_HANDLER
</UL>
<BR>[Address Reference Count : 1]<UL><LI> startup_gd32f407.o(RESET)
</UL>
<P><STRONG><a name="[15]"></a>EXTI3_IRQHandler</STRONG> (Thumb, 28 bytes, Stack size 8 bytes, exti.o(i.EXTI3_IRQHandler))
<BR><BR>[Stack]<UL><LI>Max Depth = 40<LI>Call Chain = EXTI3_IRQHandler &rArr; SWTICH2_INT_HANDLER &rArr; Read_Switch
</UL>
<BR>[Calls]<UL><LI><a href="#[bf]">&gt;&gt;</a>&nbsp;&nbsp;&nbsp;exti_flag_get
<LI><a href="#[c0]">&gt;&gt;</a>&nbsp;&nbsp;&nbsp;exti_flag_clear
<LI><a href="#[c2]">&gt;&gt;</a>&nbsp;&nbsp;&nbsp;SWTICH2_INT_HANDLER
</UL>
<BR>[Address Reference Count : 1]<UL><LI> startup_gd32f407.o(RESET)
</UL>
<P><STRONG><a name="[16]"></a>EXTI4_IRQHandler</STRONG> (Thumb, 28 bytes, Stack size 8 bytes, exti.o(i.EXTI4_IRQHandler))
<BR><BR>[Stack]<UL><LI>Max Depth = 24<LI>Call Chain = EXTI4_IRQHandler &rArr; SWTICH3_INT_HANDLER &rArr; Read_Switch
</UL>
<BR>[Calls]<UL><LI><a href="#[bf]">&gt;&gt;</a>&nbsp;&nbsp;&nbsp;exti_flag_get
<LI><a href="#[c0]">&gt;&gt;</a>&nbsp;&nbsp;&nbsp;exti_flag_clear
<LI><a href="#[c3]">&gt;&gt;</a>&nbsp;&nbsp;&nbsp;SWTICH3_INT_HANDLER
</UL>
<BR>[Address Reference Count : 1]<UL><LI> startup_gd32f407.o(RESET)
</UL>
<P><STRONG><a name="[23]"></a>EXTI5_9_IRQHandler</STRONG> (Thumb, 108 bytes, Stack size 8 bytes, exti.o(i.EXTI5_9_IRQHandler))
<BR><BR>[Stack]<UL><LI>Max Depth = 48<LI>Call Chain = EXTI5_9_IRQHandler &rArr; EStop_INT_HANDLER &rArr; delay_ms
</UL>
<BR>[Calls]<UL><LI><a href="#[c4]">&gt;&gt;</a>&nbsp;&nbsp;&nbsp;exti_interrupt_flag_get
<LI><a href="#[c6]">&gt;&gt;</a>&nbsp;&nbsp;&nbsp;exti_interrupt_flag_clear
<LI><a href="#[c7]">&gt;&gt;</a>&nbsp;&nbsp;&nbsp;SWTICH5_INT_HANDLER
<LI><a href="#[c5]">&gt;&gt;</a>&nbsp;&nbsp;&nbsp;SWTICH4_INT_HANDLER
<LI><a href="#[be]">&gt;&gt;</a>&nbsp;&nbsp;&nbsp;EStop_INT_HANDLER
</UL>
<BR>[Address Reference Count : 1]<UL><LI> startup_gd32f407.o(RESET)
</UL>
<P><STRONG><a name="[7e]"></a>FUN_MOTOR_ABORT</STRONG> (Thumb, 6 bytes, Stack size 0 bytes, bll_adapter.o(i.FUN_MOTOR_ABORT))
<BR><BR>[Called By]<UL><LI><a href="#[7d]">&gt;&gt;</a>&nbsp;&nbsp;&nbsp;BLL_Abort_Mission
</UL>

<P><STRONG><a name="[a4]"></a>FUN_MOTOR_STOP</STRONG> (Thumb, 6 bytes, Stack size 0 bytes, bll_adapter.o(i.FUN_MOTOR_STOP))
<BR><BR>[Called By]<UL><LI><a href="#[87]">&gt;&gt;</a>&nbsp;&nbsp;&nbsp;BLL_Stop_Mission
</UL>

<P><STRONG><a name="[90]"></a>GPIO_Config</STRONG> (Thumb, 216 bytes, Stack size 24 bytes, gpio.o(i.GPIO_Config))
<BR><BR>[Stack]<UL><LI>Max Depth = 56<LI>Call Chain = GPIO_Config &rArr; gpio_mode_set
</UL>
<BR>[Calls]<UL><LI><a href="#[b8]">&gt;&gt;</a>&nbsp;&nbsp;&nbsp;rcu_periph_clock_enable
<LI><a href="#[c8]">&gt;&gt;</a>&nbsp;&nbsp;&nbsp;gpio_mode_set
</UL>
<BR>[Called By]<UL><LI><a href="#[89]">&gt;&gt;</a>&nbsp;&nbsp;&nbsp;BLL_Init_All
</UL>

<P><STRONG><a name="[96]"></a>Get_Encoder_Number</STRONG> (Thumb, 32 bytes, Stack size 8 bytes, bll_motor.o(i.Get_Encoder_Number))
<BR><BR>[Stack]<UL><LI>Max Depth = 64<LI>Call Chain = Get_Encoder_Number &rArr; Send_Func03_Data &rArr; Modbus_Master_SendUART
</UL>
<BR>[Calls]<UL><LI><a href="#[b3]">&gt;&gt;</a>&nbsp;&nbsp;&nbsp;Send_Func03_Data
</UL>
<BR>[Called By]<UL><LI><a href="#[93]">&gt;&gt;</a>&nbsp;&nbsp;&nbsp;BLL_Motor_AD_Get_Position
<LI><a href="#[82]">&gt;&gt;</a>&nbsp;&nbsp;&nbsp;BackZero
</UL>

<P><STRONG><a name="[95]"></a>Get_Turn_Number</STRONG> (Thumb, 32 bytes, Stack size 8 bytes, bll_motor.o(i.Get_Turn_Number))
<BR><BR>[Stack]<UL><LI>Max Depth = 64<LI>Call Chain = Get_Turn_Number &rArr; Send_Func03_Data &rArr; Modbus_Master_SendUART
</UL>
<BR>[Calls]<UL><LI><a href="#[b3]">&gt;&gt;</a>&nbsp;&nbsp;&nbsp;Send_Func03_Data
</UL>
<BR>[Called By]<UL><LI><a href="#[93]">&gt;&gt;</a>&nbsp;&nbsp;&nbsp;BLL_Motor_AD_Get_Position
<LI><a href="#[82]">&gt;&gt;</a>&nbsp;&nbsp;&nbsp;BackZero
</UL>

<P><STRONG><a name="[4]"></a>HardFault_Handler</STRONG> (Thumb, 2 bytes, Stack size 0 bytes, gd32f4xx_it.o(i.HardFault_Handler))
<BR><BR>[Calls]<UL><LI><a href="#[4]">&gt;&gt;</a>&nbsp;&nbsp;&nbsp;HardFault_Handler
</UL>
<BR>[Called By]<UL><LI><a href="#[4]">&gt;&gt;</a>&nbsp;&nbsp;&nbsp;HardFault_Handler
</UL>
<BR>[Address Reference Count : 1]<UL><LI> startup_gd32f407.o(RESET)
</UL>
<P><STRONG><a name="[e6]"></a>Master_Set_Timeout</STRONG> (Thumb, 8 bytes, Stack size 0 bytes, modbus_master.o(i.Master_Set_Timeout))
<BR><BR>[Called By]<UL><LI><a href="#[43]">&gt;&gt;</a>&nbsp;&nbsp;&nbsp;TIMER6_IRQHandler
</UL>

<P><STRONG><a name="[8c]"></a>Master_USART_Init</STRONG> (Thumb, 192 bytes, Stack size 16 bytes, usart.o(i.Master_USART_Init))
<BR><BR>[Stack]<UL><LI>Max Depth = 84<LI>Call Chain = Master_USART_Init &rArr; usart_baudrate_set &rArr; rcu_clock_freq_get
</UL>
<BR>[Calls]<UL><LI><a href="#[b8]">&gt;&gt;</a>&nbsp;&nbsp;&nbsp;rcu_periph_clock_enable
<LI><a href="#[c9]">&gt;&gt;</a>&nbsp;&nbsp;&nbsp;gpio_output_options_set
<LI><a href="#[c8]">&gt;&gt;</a>&nbsp;&nbsp;&nbsp;gpio_mode_set
<LI><a href="#[ca]">&gt;&gt;</a>&nbsp;&nbsp;&nbsp;gpio_af_set
<LI><a href="#[cd]">&gt;&gt;</a>&nbsp;&nbsp;&nbsp;usart_word_length_set
<LI><a href="#[d3]">&gt;&gt;</a>&nbsp;&nbsp;&nbsp;usart_transmit_config
<LI><a href="#[ce]">&gt;&gt;</a>&nbsp;&nbsp;&nbsp;usart_stop_bit_set
<LI><a href="#[d2]">&gt;&gt;</a>&nbsp;&nbsp;&nbsp;usart_receive_config
<LI><a href="#[cf]">&gt;&gt;</a>&nbsp;&nbsp;&nbsp;usart_parity_config
<LI><a href="#[d5]">&gt;&gt;</a>&nbsp;&nbsp;&nbsp;usart_interrupt_enable
<LI><a href="#[d0]">&gt;&gt;</a>&nbsp;&nbsp;&nbsp;usart_hardware_flow_rts_config
<LI><a href="#[d1]">&gt;&gt;</a>&nbsp;&nbsp;&nbsp;usart_hardware_flow_cts_config
<LI><a href="#[d4]">&gt;&gt;</a>&nbsp;&nbsp;&nbsp;usart_enable
<LI><a href="#[cb]">&gt;&gt;</a>&nbsp;&nbsp;&nbsp;usart_deinit
<LI><a href="#[cc]">&gt;&gt;</a>&nbsp;&nbsp;&nbsp;usart_baudrate_set
<LI><a href="#[bd]">&gt;&gt;</a>&nbsp;&nbsp;&nbsp;nvic_irq_enable
</UL>
<BR>[Called By]<UL><LI><a href="#[89]">&gt;&gt;</a>&nbsp;&nbsp;&nbsp;BLL_Init_All
</UL>

<P><STRONG><a name="[5]"></a>MemManage_Handler</STRONG> (Thumb, 2 bytes, Stack size 0 bytes, gd32f4xx_it.o(i.MemManage_Handler))
<BR><BR>[Calls]<UL><LI><a href="#[5]">&gt;&gt;</a>&nbsp;&nbsp;&nbsp;MemManage_Handler
</UL>
<BR>[Called By]<UL><LI><a href="#[5]">&gt;&gt;</a>&nbsp;&nbsp;&nbsp;MemManage_Handler
</UL>
<BR>[Address Reference Count : 1]<UL><LI> startup_gd32f407.o(RESET)
</UL>
<P><STRONG><a name="[d6]"></a>ModBusRecByte</STRONG> (Thumb, 78 bytes, Stack size 16 bytes, modbus_slave.o(i.ModBusRecByte))
<BR><BR>[Stack]<UL><LI>Max Depth = 16<LI>Call Chain = ModBusRecByte
</UL>
<BR>[Calls]<UL><LI><a href="#[bb]">&gt;&gt;</a>&nbsp;&nbsp;&nbsp;timer_enable
<LI><a href="#[d7]">&gt;&gt;</a>&nbsp;&nbsp;&nbsp;timer_counter_value_config
</UL>
<BR>[Called By]<UL><LI><a href="#[31]">&gt;&gt;</a>&nbsp;&nbsp;&nbsp;USART0_IRQHandler
</UL>

<P><STRONG><a name="[d8]"></a>Modbus_Master_Receive</STRONG> (Thumb, 80 bytes, Stack size 16 bytes, modbus_master.o(i.Modbus_Master_Receive))
<BR><BR>[Stack]<UL><LI>Max Depth = 16<LI>Call Chain = Modbus_Master_Receive
</UL>
<BR>[Calls]<UL><LI><a href="#[bb]">&gt;&gt;</a>&nbsp;&nbsp;&nbsp;timer_enable
<LI><a href="#[d7]">&gt;&gt;</a>&nbsp;&nbsp;&nbsp;timer_counter_value_config
</UL>
<BR>[Called By]<UL><LI><a href="#[32]">&gt;&gt;</a>&nbsp;&nbsp;&nbsp;USART1_IRQHandler
</UL>

<P><STRONG><a name="[d9]"></a>Modbus_Master_SendUART</STRONG> (Thumb, 90 bytes, Stack size 24 bytes, modbus_master.o(i.Modbus_Master_SendUART))
<BR><BR>[Stack]<UL><LI>Max Depth = 24<LI>Call Chain = Modbus_Master_SendUART
</UL>
<BR>[Calls]<UL><LI><a href="#[db]">&gt;&gt;</a>&nbsp;&nbsp;&nbsp;usart_flag_get
<LI><a href="#[da]">&gt;&gt;</a>&nbsp;&nbsp;&nbsp;usart_data_transmit
</UL>
<BR>[Called By]<UL><LI><a href="#[b3]">&gt;&gt;</a>&nbsp;&nbsp;&nbsp;Send_Func03_Data
<LI><a href="#[e0]">&gt;&gt;</a>&nbsp;&nbsp;&nbsp;Send_Func10_Data
<LI><a href="#[b2]">&gt;&gt;</a>&nbsp;&nbsp;&nbsp;Send_Func06_Data
</UL>

<P><STRONG><a name="[8d]"></a>Modbus_Master_Timer_Init</STRONG> (Thumb, 90 bytes, Stack size 24 bytes, timer.o(i.Modbus_Master_Timer_Init))
<BR><BR>[Stack]<UL><LI>Max Depth = 44<LI>Call Chain = Modbus_Master_Timer_Init &rArr; nvic_irq_enable
</UL>
<BR>[Calls]<UL><LI><a href="#[b8]">&gt;&gt;</a>&nbsp;&nbsp;&nbsp;rcu_periph_clock_enable
<LI><a href="#[bc]">&gt;&gt;</a>&nbsp;&nbsp;&nbsp;timer_interrupt_flag_clear
<LI><a href="#[ba]">&gt;&gt;</a>&nbsp;&nbsp;&nbsp;timer_interrupt_enable
<LI><a href="#[b9]">&gt;&gt;</a>&nbsp;&nbsp;&nbsp;timer_init
<LI><a href="#[dc]">&gt;&gt;</a>&nbsp;&nbsp;&nbsp;timer_disable
<LI><a href="#[bd]">&gt;&gt;</a>&nbsp;&nbsp;&nbsp;nvic_irq_enable
</UL>
<BR>[Called By]<UL><LI><a href="#[89]">&gt;&gt;</a>&nbsp;&nbsp;&nbsp;BLL_Init_All
</UL>

<P><STRONG><a name="[b7]"></a>Modbus_ResetToIdle</STRONG> (Thumb, 8 bytes, Stack size 0 bytes, modbus_slave.o(i.Modbus_ResetToIdle))
<BR><BR>[Called By]<UL><LI><a href="#[52]">&gt;&gt;</a>&nbsp;&nbsp;&nbsp;DMA1_Channel7_IRQHandler
</UL>

<P><STRONG><a name="[8b]"></a>Modbus_Slave_Timer_Init</STRONG> (Thumb, 96 bytes, Stack size 32 bytes, timer.o(i.Modbus_Slave_Timer_Init))
<BR><BR>[Stack]<UL><LI>Max Depth = 52<LI>Call Chain = Modbus_Slave_Timer_Init &rArr; nvic_irq_enable
</UL>
<BR>[Calls]<UL><LI><a href="#[b8]">&gt;&gt;</a>&nbsp;&nbsp;&nbsp;rcu_periph_clock_enable
<LI><a href="#[bc]">&gt;&gt;</a>&nbsp;&nbsp;&nbsp;timer_interrupt_flag_clear
<LI><a href="#[ba]">&gt;&gt;</a>&nbsp;&nbsp;&nbsp;timer_interrupt_enable
<LI><a href="#[b9]">&gt;&gt;</a>&nbsp;&nbsp;&nbsp;timer_init
<LI><a href="#[dc]">&gt;&gt;</a>&nbsp;&nbsp;&nbsp;timer_disable
<LI><a href="#[dd]">&gt;&gt;</a>&nbsp;&nbsp;&nbsp;timer_deinit
<LI><a href="#[bd]">&gt;&gt;</a>&nbsp;&nbsp;&nbsp;nvic_irq_enable
</UL>
<BR>[Called By]<UL><LI><a href="#[89]">&gt;&gt;</a>&nbsp;&nbsp;&nbsp;BLL_Init_All
</UL>

<P><STRONG><a name="[a6]"></a>MyDelay</STRONG> (Thumb, 18 bytes, Stack size 0 bytes, bll_tocase.o(i.MyDelay))
<BR><BR>[Called By]<UL><LI><a href="#[a3]">&gt;&gt;</a>&nbsp;&nbsp;&nbsp;BLL_ToCase_Execute
</UL>

<P><STRONG><a name="[3]"></a>NMI_Handler</STRONG> (Thumb, 2 bytes, Stack size 0 bytes, gd32f4xx_it.o(i.NMI_Handler))
<BR><BR>[Calls]<UL><LI><a href="#[3]">&gt;&gt;</a>&nbsp;&nbsp;&nbsp;NMI_Handler
</UL>
<BR>[Called By]<UL><LI><a href="#[3]">&gt;&gt;</a>&nbsp;&nbsp;&nbsp;NMI_Handler
</UL>
<BR>[Address Reference Count : 1]<UL><LI> startup_gd32f407.o(RESET)
</UL>
<P><STRONG><a name="[91]"></a>NVIC_Config</STRONG> (Thumb, 198 bytes, Stack size 16 bytes, exti.o(i.NVIC_Config))
<BR><BR>[Stack]<UL><LI>Max Depth = 36<LI>Call Chain = NVIC_Config &rArr; nvic_irq_enable
</UL>
<BR>[Calls]<UL><LI><a href="#[b8]">&gt;&gt;</a>&nbsp;&nbsp;&nbsp;rcu_periph_clock_enable
<LI><a href="#[bd]">&gt;&gt;</a>&nbsp;&nbsp;&nbsp;nvic_irq_enable
<LI><a href="#[de]">&gt;&gt;</a>&nbsp;&nbsp;&nbsp;syscfg_exti_line_config
<LI><a href="#[df]">&gt;&gt;</a>&nbsp;&nbsp;&nbsp;exti_init
</UL>
<BR>[Called By]<UL><LI><a href="#[89]">&gt;&gt;</a>&nbsp;&nbsp;&nbsp;BLL_Init_All
</UL>

<P><STRONG><a name="[a]"></a>PendSV_Handler</STRONG> (Thumb, 2 bytes, Stack size 0 bytes, gd32f4xx_it.o(i.PendSV_Handler))
<BR><BR>[Calls]<UL><LI><a href="#[a]">&gt;&gt;</a>&nbsp;&nbsp;&nbsp;PendSV_Handler
</UL>
<BR>[Called By]<UL><LI><a href="#[a]">&gt;&gt;</a>&nbsp;&nbsp;&nbsp;PendSV_Handler
</UL>
<BR>[Address Reference Count : 1]<UL><LI> startup_gd32f407.o(RESET)
</UL>
<P><STRONG><a name="[9b]"></a>Position_Mode_Set_Acce</STRONG> (Thumb, 10 bytes, Stack size 0 bytes, bll_motor.o(i.Position_Mode_Set_Acce))
<BR><BR>[Stack]<UL><LI>Max Depth = 48<LI>Call Chain = Position_Mode_Set_Acce &rArr; Send_Func10_Data &rArr; Modbus_Master_SendUART
</UL>
<BR>[Calls]<UL><LI><a href="#[e0]">&gt;&gt;</a>&nbsp;&nbsp;&nbsp;Send_Func10_Data
</UL>
<BR>[Called By]<UL><LI><a href="#[94]">&gt;&gt;</a>&nbsp;&nbsp;&nbsp;BLL_Motor_AD_RelativeMove
</UL>

<P><STRONG><a name="[9c]"></a>Position_Mode_Set_Dece</STRONG> (Thumb, 10 bytes, Stack size 0 bytes, bll_motor.o(i.Position_Mode_Set_Dece))
<BR><BR>[Stack]<UL><LI>Max Depth = 48<LI>Call Chain = Position_Mode_Set_Dece &rArr; Send_Func10_Data &rArr; Modbus_Master_SendUART
</UL>
<BR>[Calls]<UL><LI><a href="#[e0]">&gt;&gt;</a>&nbsp;&nbsp;&nbsp;Send_Func10_Data
</UL>
<BR>[Called By]<UL><LI><a href="#[94]">&gt;&gt;</a>&nbsp;&nbsp;&nbsp;BLL_Motor_AD_RelativeMove
</UL>

<P><STRONG><a name="[9a]"></a>Position_Mode_Set_Speed</STRONG> (Thumb, 10 bytes, Stack size 0 bytes, bll_motor.o(i.Position_Mode_Set_Speed))
<BR><BR>[Stack]<UL><LI>Max Depth = 48<LI>Call Chain = Position_Mode_Set_Speed &rArr; Send_Func10_Data &rArr; Modbus_Master_SendUART
</UL>
<BR>[Calls]<UL><LI><a href="#[e0]">&gt;&gt;</a>&nbsp;&nbsp;&nbsp;Send_Func10_Data
</UL>
<BR>[Called By]<UL><LI><a href="#[94]">&gt;&gt;</a>&nbsp;&nbsp;&nbsp;BLL_Motor_AD_RelativeMove
</UL>

<P><STRONG><a name="[ad]"></a>Read_Switch</STRONG> (Thumb, 86 bytes, Stack size 8 bytes, gpio.o(i.Read_Switch))
<BR><BR>[Stack]<UL><LI>Max Depth = 8<LI>Call Chain = Read_Switch
</UL>
<BR>[Called By]<UL><LI><a href="#[b1]">&gt;&gt;</a>&nbsp;&nbsp;&nbsp;ZeroMove
<LI><a href="#[a3]">&gt;&gt;</a>&nbsp;&nbsp;&nbsp;BLL_ToCase_Execute
<LI><a href="#[c5]">&gt;&gt;</a>&nbsp;&nbsp;&nbsp;SWTICH4_INT_HANDLER
<LI><a href="#[c3]">&gt;&gt;</a>&nbsp;&nbsp;&nbsp;SWTICH3_INT_HANDLER
<LI><a href="#[c2]">&gt;&gt;</a>&nbsp;&nbsp;&nbsp;SWTICH2_INT_HANDLER
<LI><a href="#[c1]">&gt;&gt;</a>&nbsp;&nbsp;&nbsp;SWTICH1_INT_HANDLER
<LI><a href="#[ae]">&gt;&gt;</a>&nbsp;&nbsp;&nbsp;CaseSlowMove
<LI><a href="#[82]">&gt;&gt;</a>&nbsp;&nbsp;&nbsp;BackZero
</UL>

<P><STRONG><a name="[a0]"></a>Ready_Brake</STRONG> (Thumb, 10 bytes, Stack size 0 bytes, bll_motor.o(i.Ready_Brake))
<BR><BR>[Stack]<UL><LI>Max Depth = 48<LI>Call Chain = Ready_Brake &rArr; Send_Func06_Data &rArr; Modbus_Master_SendUART
</UL>
<BR>[Calls]<UL><LI><a href="#[b2]">&gt;&gt;</a>&nbsp;&nbsp;&nbsp;Send_Func06_Data
</UL>
<BR>[Called By]<UL><LI><a href="#[94]">&gt;&gt;</a>&nbsp;&nbsp;&nbsp;BLL_Motor_AD_RelativeMove
</UL>

<P><STRONG><a name="[9e]"></a>Ready_Run</STRONG> (Thumb, 10 bytes, Stack size 0 bytes, bll_motor.o(i.Ready_Run))
<BR><BR>[Stack]<UL><LI>Max Depth = 48<LI>Call Chain = Ready_Run &rArr; Send_Func06_Data &rArr; Modbus_Master_SendUART
</UL>
<BR>[Calls]<UL><LI><a href="#[b2]">&gt;&gt;</a>&nbsp;&nbsp;&nbsp;Send_Func06_Data
</UL>
<BR>[Called By]<UL><LI><a href="#[94]">&gt;&gt;</a>&nbsp;&nbsp;&nbsp;BLL_Motor_AD_RelativeMove
</UL>

<P><STRONG><a name="[9f]"></a>Run</STRONG> (Thumb, 10 bytes, Stack size 0 bytes, bll_motor.o(i.Run))
<BR><BR>[Stack]<UL><LI>Max Depth = 48<LI>Call Chain = Run &rArr; Send_Func06_Data &rArr; Modbus_Master_SendUART
</UL>
<BR>[Calls]<UL><LI><a href="#[b2]">&gt;&gt;</a>&nbsp;&nbsp;&nbsp;Send_Func06_Data
</UL>
<BR>[Called By]<UL><LI><a href="#[94]">&gt;&gt;</a>&nbsp;&nbsp;&nbsp;BLL_Motor_AD_RelativeMove
</UL>

<P><STRONG><a name="[8]"></a>SVC_Handler</STRONG> (Thumb, 2 bytes, Stack size 0 bytes, gd32f4xx_it.o(i.SVC_Handler))
<BR><BR>[Calls]<UL><LI><a href="#[8]">&gt;&gt;</a>&nbsp;&nbsp;&nbsp;SVC_Handler
</UL>
<BR>[Called By]<UL><LI><a href="#[8]">&gt;&gt;</a>&nbsp;&nbsp;&nbsp;SVC_Handler
</UL>
<BR>[Address Reference Count : 1]<UL><LI> startup_gd32f407.o(RESET)
</UL>
<P><STRONG><a name="[c1]"></a>SWTICH1_INT_HANDLER</STRONG> (Thumb, 108 bytes, Stack size 24 bytes, bll_tocase.o(i.SWTICH1_INT_HANDLER))
<BR><BR>[Stack]<UL><LI>Max Depth = 32<LI>Call Chain = SWTICH1_INT_HANDLER &rArr; Read_Switch
</UL>
<BR>[Calls]<UL><LI><a href="#[ad]">&gt;&gt;</a>&nbsp;&nbsp;&nbsp;Read_Switch
<LI><a href="#[e1]">&gt;&gt;</a>&nbsp;&nbsp;&nbsp;delay_us
</UL>
<BR>[Called By]<UL><LI><a href="#[14]">&gt;&gt;</a>&nbsp;&nbsp;&nbsp;EXTI2_IRQHandler
</UL>

<P><STRONG><a name="[c2]"></a>SWTICH2_INT_HANDLER</STRONG> (Thumb, 106 bytes, Stack size 24 bytes, bll_tocase.o(i.SWTICH2_INT_HANDLER))
<BR><BR>[Stack]<UL><LI>Max Depth = 32<LI>Call Chain = SWTICH2_INT_HANDLER &rArr; Read_Switch
</UL>
<BR>[Calls]<UL><LI><a href="#[ad]">&gt;&gt;</a>&nbsp;&nbsp;&nbsp;Read_Switch
<LI><a href="#[e1]">&gt;&gt;</a>&nbsp;&nbsp;&nbsp;delay_us
</UL>
<BR>[Called By]<UL><LI><a href="#[15]">&gt;&gt;</a>&nbsp;&nbsp;&nbsp;EXTI3_IRQHandler
</UL>

<P><STRONG><a name="[c3]"></a>SWTICH3_INT_HANDLER</STRONG> (Thumb, 70 bytes, Stack size 8 bytes, bll_tocase.o(i.SWTICH3_INT_HANDLER))
<BR><BR>[Stack]<UL><LI>Max Depth = 16<LI>Call Chain = SWTICH3_INT_HANDLER &rArr; Read_Switch
</UL>
<BR>[Calls]<UL><LI><a href="#[ad]">&gt;&gt;</a>&nbsp;&nbsp;&nbsp;Read_Switch
<LI><a href="#[e1]">&gt;&gt;</a>&nbsp;&nbsp;&nbsp;delay_us
</UL>
<BR>[Called By]<UL><LI><a href="#[16]">&gt;&gt;</a>&nbsp;&nbsp;&nbsp;EXTI4_IRQHandler
</UL>

<P><STRONG><a name="[c5]"></a>SWTICH4_INT_HANDLER</STRONG> (Thumb, 74 bytes, Stack size 8 bytes, bll_tocase.o(i.SWTICH4_INT_HANDLER))
<BR><BR>[Stack]<UL><LI>Max Depth = 16<LI>Call Chain = SWTICH4_INT_HANDLER &rArr; Read_Switch
</UL>
<BR>[Calls]<UL><LI><a href="#[ad]">&gt;&gt;</a>&nbsp;&nbsp;&nbsp;Read_Switch
<LI><a href="#[e1]">&gt;&gt;</a>&nbsp;&nbsp;&nbsp;delay_us
</UL>
<BR>[Called By]<UL><LI><a href="#[23]">&gt;&gt;</a>&nbsp;&nbsp;&nbsp;EXTI5_9_IRQHandler
</UL>

<P><STRONG><a name="[c7]"></a>SWTICH5_INT_HANDLER</STRONG> (Thumb, 54 bytes, Stack size 8 bytes, bll_backzero.o(i.SWTICH5_INT_HANDLER))
<BR><BR>[Stack]<UL><LI>Max Depth = 8<LI>Call Chain = SWTICH5_INT_HANDLER
</UL>
<BR>[Calls]<UL><LI><a href="#[e1]">&gt;&gt;</a>&nbsp;&nbsp;&nbsp;delay_us
</UL>
<BR>[Called By]<UL><LI><a href="#[23]">&gt;&gt;</a>&nbsp;&nbsp;&nbsp;EXTI5_9_IRQHandler
</UL>

<P><STRONG><a name="[b3]"></a>Send_Func03_Data</STRONG> (Thumb, 158 bytes, Stack size 32 bytes, modbus_master.o(i.Send_Func03_Data))
<BR><BR>[Stack]<UL><LI>Max Depth = 56<LI>Call Chain = Send_Func03_Data &rArr; Modbus_Master_SendUART
</UL>
<BR>[Calls]<UL><LI><a href="#[d9]">&gt;&gt;</a>&nbsp;&nbsp;&nbsp;Modbus_Master_SendUART
<LI><a href="#[e2]">&gt;&gt;</a>&nbsp;&nbsp;&nbsp;Calculate_CRC
</UL>
<BR>[Called By]<UL><LI><a href="#[95]">&gt;&gt;</a>&nbsp;&nbsp;&nbsp;Get_Turn_Number
<LI><a href="#[96]">&gt;&gt;</a>&nbsp;&nbsp;&nbsp;Get_Encoder_Number
<LI><a href="#[ac]">&gt;&gt;</a>&nbsp;&nbsp;&nbsp;Check_Status
</UL>

<P><STRONG><a name="[b2]"></a>Send_Func06_Data</STRONG> (Thumb, 126 bytes, Stack size 24 bytes, modbus_master.o(i.Send_Func06_Data))
<BR><BR>[Stack]<UL><LI>Max Depth = 48<LI>Call Chain = Send_Func06_Data &rArr; Modbus_Master_SendUART
</UL>
<BR>[Calls]<UL><LI><a href="#[d9]">&gt;&gt;</a>&nbsp;&nbsp;&nbsp;Modbus_Master_SendUART
<LI><a href="#[e2]">&gt;&gt;</a>&nbsp;&nbsp;&nbsp;Calculate_CRC
</UL>
<BR>[Called By]<UL><LI><a href="#[9f]">&gt;&gt;</a>&nbsp;&nbsp;&nbsp;Run
<LI><a href="#[9e]">&gt;&gt;</a>&nbsp;&nbsp;&nbsp;Ready_Run
<LI><a href="#[a0]">&gt;&gt;</a>&nbsp;&nbsp;&nbsp;Ready_Brake
<LI><a href="#[af]">&gt;&gt;</a>&nbsp;&nbsp;&nbsp;Brake
</UL>

<P><STRONG><a name="[e0]"></a>Send_Func10_Data</STRONG> (Thumb, 152 bytes, Stack size 24 bytes, modbus_master.o(i.Send_Func10_Data))
<BR><BR>[Stack]<UL><LI>Max Depth = 48<LI>Call Chain = Send_Func10_Data &rArr; Modbus_Master_SendUART
</UL>
<BR>[Calls]<UL><LI><a href="#[d9]">&gt;&gt;</a>&nbsp;&nbsp;&nbsp;Modbus_Master_SendUART
<LI><a href="#[e2]">&gt;&gt;</a>&nbsp;&nbsp;&nbsp;Calculate_CRC
</UL>
<BR>[Called By]<UL><LI><a href="#[9d]">&gt;&gt;</a>&nbsp;&nbsp;&nbsp;Set_Position
<LI><a href="#[9a]">&gt;&gt;</a>&nbsp;&nbsp;&nbsp;Position_Mode_Set_Speed
<LI><a href="#[9c]">&gt;&gt;</a>&nbsp;&nbsp;&nbsp;Position_Mode_Set_Dece
<LI><a href="#[9b]">&gt;&gt;</a>&nbsp;&nbsp;&nbsp;Position_Mode_Set_Acce
</UL>

<P><STRONG><a name="[9d]"></a>Set_Position</STRONG> (Thumb, 10 bytes, Stack size 0 bytes, bll_motor.o(i.Set_Position))
<BR><BR>[Stack]<UL><LI>Max Depth = 48<LI>Call Chain = Set_Position &rArr; Send_Func10_Data &rArr; Modbus_Master_SendUART
</UL>
<BR>[Calls]<UL><LI><a href="#[e0]">&gt;&gt;</a>&nbsp;&nbsp;&nbsp;Send_Func10_Data
</UL>
<BR>[Called By]<UL><LI><a href="#[94]">&gt;&gt;</a>&nbsp;&nbsp;&nbsp;BLL_Motor_AD_RelativeMove
</UL>

<P><STRONG><a name="[8a]"></a>Slave_USART_Init</STRONG> (Thumb, 202 bytes, Stack size 16 bytes, usart.o(i.Slave_USART_Init))
<BR><BR>[Stack]<UL><LI>Max Depth = 84<LI>Call Chain = Slave_USART_Init &rArr; usart_baudrate_set &rArr; rcu_clock_freq_get
</UL>
<BR>[Calls]<UL><LI><a href="#[b8]">&gt;&gt;</a>&nbsp;&nbsp;&nbsp;rcu_periph_clock_enable
<LI><a href="#[c9]">&gt;&gt;</a>&nbsp;&nbsp;&nbsp;gpio_output_options_set
<LI><a href="#[c8]">&gt;&gt;</a>&nbsp;&nbsp;&nbsp;gpio_mode_set
<LI><a href="#[ca]">&gt;&gt;</a>&nbsp;&nbsp;&nbsp;gpio_af_set
<LI><a href="#[cd]">&gt;&gt;</a>&nbsp;&nbsp;&nbsp;usart_word_length_set
<LI><a href="#[d3]">&gt;&gt;</a>&nbsp;&nbsp;&nbsp;usart_transmit_config
<LI><a href="#[ce]">&gt;&gt;</a>&nbsp;&nbsp;&nbsp;usart_stop_bit_set
<LI><a href="#[d2]">&gt;&gt;</a>&nbsp;&nbsp;&nbsp;usart_receive_config
<LI><a href="#[cf]">&gt;&gt;</a>&nbsp;&nbsp;&nbsp;usart_parity_config
<LI><a href="#[d5]">&gt;&gt;</a>&nbsp;&nbsp;&nbsp;usart_interrupt_enable
<LI><a href="#[d0]">&gt;&gt;</a>&nbsp;&nbsp;&nbsp;usart_hardware_flow_rts_config
<LI><a href="#[d1]">&gt;&gt;</a>&nbsp;&nbsp;&nbsp;usart_hardware_flow_cts_config
<LI><a href="#[d4]">&gt;&gt;</a>&nbsp;&nbsp;&nbsp;usart_enable
<LI><a href="#[cb]">&gt;&gt;</a>&nbsp;&nbsp;&nbsp;usart_deinit
<LI><a href="#[cc]">&gt;&gt;</a>&nbsp;&nbsp;&nbsp;usart_baudrate_set
<LI><a href="#[e3]">&gt;&gt;</a>&nbsp;&nbsp;&nbsp;USART1_Tx_InitDMA
<LI><a href="#[bd]">&gt;&gt;</a>&nbsp;&nbsp;&nbsp;nvic_irq_enable
</UL>
[...]
</UL>

<P><STRONG><a name="[f5]"></a>rcu_clock_freq_get</STRONG> (Thumb, 188 bytes, Stack size 52 bytes, gd32f4xx_rcu.o(i.rcu_clock_freq_get))
<BR><BR>[Stack]<UL><LI>Max Depth = 52<LI>Call Chain = rcu_clock_freq_get
</UL>
<BR>[Called By]<UL><LI><a href="#[cc]">&gt;&gt;</a>&nbsp;&nbsp;&nbsp;usart_baudrate_set
</UL>

<P><STRONG><a name="[b8]"></a>rcu_periph_clock_enable</STRONG> (Thumb, 26 bytes, Stack size 0 bytes, gd32f4xx_rcu.o(i.rcu_periph_clock_enable))
<BR><BR>[Called By]<UL><LI><a href="#[e3]">&gt;&gt;</a>&nbsp;&nbsp;&nbsp;USART1_Tx_InitDMA
<LI><a href="#[8a]">&gt;&gt;</a>&nbsp;&nbsp;&nbsp;Slave_USART_Init
<LI><a href="#[8c]">&gt;&gt;</a>&nbsp;&nbsp;&nbsp;Master_USART_Init
<LI><a href="#[90]">&gt;&gt;</a>&nbsp;&nbsp;&nbsp;GPIO_Config
<LI><a href="#[91]">&gt;&gt;</a>&nbsp;&nbsp;&nbsp;NVIC_Config
<LI><a href="#[8b]">&gt;&gt;</a>&nbsp;&nbsp;&nbsp;Modbus_Slave_Timer_Init
<LI><a href="#[8d]">&gt;&gt;</a>&nbsp;&nbsp;&nbsp;Modbus_Master_Timer_Init
<LI><a href="#[8f]">&gt;&gt;</a>&nbsp;&nbsp;&nbsp;Dispatcher_Tim_Init
<LI><a href="#[8e]">&gt;&gt;</a>&nbsp;&nbsp;&nbsp;Delay_Timer_Init
</UL>

<P><STRONG><a name="[f4]"></a>rcu_periph_reset_disable</STRONG> (Thumb, 26 bytes, Stack size 0 bytes, gd32f4xx_rcu.o(i.rcu_periph_reset_disable))
<BR><BR>[Called By]<UL><LI><a href="#[dd]">&gt;&gt;</a>&nbsp;&nbsp;&nbsp;timer_deinit
<LI><a href="#[cb]">&gt;&gt;</a>&nbsp;&nbsp;&nbsp;usart_deinit
</UL>

<P><STRONG><a name="[f3]"></a>rcu_periph_reset_enable</STRONG> (Thumb, 26 bytes, Stack size 0 bytes, gd32f4xx_rcu.o(i.rcu_periph_reset_enable))
<BR><BR>[Called By]<UL><LI><a href="#[dd]">&gt;&gt;</a>&nbsp;&nbsp;&nbsp;timer_deinit
<LI><a href="#[cb]">&gt;&gt;</a>&nbsp;&nbsp;&nbsp;usart_deinit
</UL>

<P><STRONG><a name="[de]"></a>syscfg_exti_line_config</STRONG> (Thumb, 62 bytes, Stack size 0 bytes, gd32f4xx_syscfg.o(i.syscfg_exti_line_config))
<BR><BR>[Called By]<UL><LI><a href="#[91]">&gt;&gt;</a>&nbsp;&nbsp;&nbsp;NVIC_Config
</UL>

<P><STRONG><a name="[d7]"></a>timer_counter_value_config</STRONG> (Thumb, 4 bytes, Stack size 0 bytes, gd32f4xx_timer.o(i.timer_counter_value_config))
<BR><BR>[Called By]<UL><LI><a href="#[d8]">&gt;&gt;</a>&nbsp;&nbsp;&nbsp;Modbus_Master_Receive
<LI><a href="#[d6]">&gt;&gt;</a>&nbsp;&nbsp;&nbsp;ModBusRecByte
</UL>

<P><STRONG><a name="[dd]"></a>timer_deinit</STRONG> (Thumb, 190 bytes, Stack size 8 bytes, gd32f4xx_timer.o(i.timer_deinit))
<BR><BR>[Stack]<UL><LI>Max Depth = 8<LI>Call Chain = timer_deinit
</UL>
<BR>[Calls]<UL><LI><a href="#[f3]">&gt;&gt;</a>&nbsp;&nbsp;&nbsp;rcu_periph_reset_enable
<LI><a href="#[f4]">&gt;&gt;</a>&nbsp;&nbsp;&nbsp;rcu_periph_reset_disable
</UL>
<BR>[Called By]<UL><LI><a href="#[8b]">&gt;&gt;</a>&nbsp;&nbsp;&nbsp;Modbus_Slave_Timer_Init
</UL>

<P><STRONG><a name="[dc]"></a>timer_disable</STRONG> (Thumb, 10 bytes, Stack size 0 bytes, gd32f4xx_timer.o(i.timer_disable))
<BR><BR>[Called By]<UL><LI><a href="#[43]">&gt;&gt;</a>&nbsp;&nbsp;&nbsp;TIMER6_IRQHandler
<LI><a href="#[8b]">&gt;&gt;</a>&nbsp;&nbsp;&nbsp;Modbus_Slave_Timer_Init
<LI><a href="#[8d]">&gt;&gt;</a>&nbsp;&nbsp;&nbsp;Modbus_Master_Timer_Init
</UL>

<P><STRONG><a name="[bb]"></a>timer_enable</STRONG> (Thumb, 10 bytes, Stack size 0 bytes, gd32f4xx_timer.o(i.timer_enable))
<BR><BR>[Called By]<UL><LI><a href="#[d8]">&gt;&gt;</a>&nbsp;&nbsp;&nbsp;Modbus_Master_Receive
<LI><a href="#[d6]">&gt;&gt;</a>&nbsp;&nbsp;&nbsp;ModBusRecByte
<LI><a href="#[8f]">&gt;&gt;</a>&nbsp;&nbsp;&nbsp;Dispatcher_Tim_Init
<LI><a href="#[8e]">&gt;&gt;</a>&nbsp;&nbsp;&nbsp;Delay_Timer_Init
</UL>

<P><STRONG><a name="[b9]"></a>timer_init</STRONG> (Thumb, 120 bytes, Stack size 12 bytes, gd32f4xx_timer.o(i.timer_init))
<BR><BR>[Stack]<UL><LI>Max Depth = 12<LI>Call Chain = timer_init
</UL>
<BR>[Called By]<UL><LI><a href="#[8b]">&gt;&gt;</a>&nbsp;&nbsp;&nbsp;Modbus_Slave_Timer_Init
<LI><a href="#[8d]">&gt;&gt;</a>&nbsp;&nbsp;&nbsp;Modbus_Master_Timer_Init
<LI><a href="#[8f]">&gt;&gt;</a>&nbsp;&nbsp;&nbsp;Dispatcher_Tim_Init
<LI><a href="#[8e]">&gt;&gt;</a>&nbsp;&nbsp;&nbsp;Delay_Timer_Init
</UL>

<P><STRONG><a name="[ba]"></a>timer_interrupt_enable</STRONG> (Thumb, 8 bytes, Stack size 0 bytes, gd32f4xx_timer.o(i.timer_interrupt_enable))
<BR><BR>[Called By]<UL><LI><a href="#[8b]">&gt;&gt;</a>&nbsp;&nbsp;&nbsp;Modbus_Slave_Timer_Init
<LI><a href="#[8d]">&gt;&gt;</a>&nbsp;&nbsp;&nbsp;Modbus_Master_Timer_Init
<LI><a href="#[8f]">&gt;&gt;</a>&nbsp;&nbsp;&nbsp;Dispatcher_Tim_Init
<LI><a href="#[8e]">&gt;&gt;</a>&nbsp;&nbsp;&nbsp;Delay_Timer_Init
</UL>

<P><STRONG><a name="[bc]"></a>timer_interrupt_flag_clear</STRONG> (Thumb, 6 bytes, Stack size 0 bytes, gd32f4xx_timer.o(i.timer_interrupt_flag_clear))
<BR><BR>[Called By]<UL><LI><a href="#[43]">&gt;&gt;</a>&nbsp;&nbsp;&nbsp;TIMER6_IRQHandler
<LI><a href="#[8b]">&gt;&gt;</a>&nbsp;&nbsp;&nbsp;Modbus_Slave_Timer_Init
<LI><a href="#[8d]">&gt;&gt;</a>&nbsp;&nbsp;&nbsp;Modbus_Master_Timer_Init
<LI><a href="#[8f]">&gt;&gt;</a>&nbsp;&nbsp;&nbsp;Dispatcher_Tim_Init
</UL>

<P><STRONG><a name="[e5]"></a>timer_interrupt_flag_get</STRONG> (Thumb, 20 bytes, Stack size 0 bytes, gd32f4xx_timer.o(i.timer_interrupt_flag_get))
<BR><BR>[Called By]<UL><LI><a href="#[43]">&gt;&gt;</a>&nbsp;&nbsp;&nbsp;TIMER6_IRQHandler
</UL>

<P><STRONG><a name="[cc]"></a>usart_baudrate_set</STRONG> (Thumb, 124 bytes, Stack size 16 bytes, gd32f4xx_usart.o(i.usart_baudrate_set))
<BR><BR>[Stack]<UL><LI>Max Depth = 68<LI>Call Chain = usart_baudrate_set &rArr; rcu_clock_freq_get
</UL>
<BR>[Calls]<UL><LI><a href="#[f5]">&gt;&gt;</a>&nbsp;&nbsp;&nbsp;rcu_clock_freq_get
</UL>
<BR>[Called By]<UL><LI><a href="#[8a]">&gt;&gt;</a>&nbsp;&nbsp;&nbsp;Slave_USART_Init
<LI><a href="#[8c]">&gt;&gt;</a>&nbsp;&nbsp;&nbsp;Master_USART_Init
</UL>

<P><STRONG><a name="[e9]"></a>usart_data_receive</STRONG> (Thumb, 8 bytes, Stack size 0 bytes, gd32f4xx_usart.o(i.usart_data_receive))
<BR><BR>[Called By]<UL><LI><a href="#[32]">&gt;&gt;</a>&nbsp;&nbsp;&nbsp;USART1_IRQHandler
<LI><a href="#[31]">&gt;&gt;</a>&nbsp;&nbsp;&nbsp;USART0_IRQHandler
</UL>

<P><STRONG><a name="[da]"></a>usart_data_transmit</STRONG> (Thumb, 8 bytes, Stack size 0 bytes, gd32f4xx_usart.o(i.usart_data_transmit))
<BR><BR>[Called By]<UL><LI><a href="#[d9]">&gt;&gt;</a>&nbsp;&nbsp;&nbsp;Modbus_Master_SendUART
</UL>

<P><STRONG><a name="[cb]"></a>usart_deinit</STRONG> (Thumb, 116 bytes, Stack size 8 bytes, gd32f4xx_usart.o(i.usart_deinit))
<BR><BR>[Stack]<UL><LI>Max Depth = 8<LI>Call Chain = usart_deinit
</UL>
<BR>[Calls]<UL><LI><a href="#[f3]">&gt;&gt;</a>&nbsp;&nbsp;&nbsp;rcu_periph_reset_enable
<LI><a href="#[f4]">&gt;&gt;</a>&nbsp;&nbsp;&nbsp;rcu_periph_reset_disable
</UL>
<BR>[Called By]<UL><LI><a href="#[8a]">&gt;&gt;</a>&nbsp;&nbsp;&nbsp;Slave_USART_Init
<LI><a href="#[8c]">&gt;&gt;</a>&nbsp;&nbsp;&nbsp;Master_USART_Init
</UL>

<P><STRONG><a name="[ec]"></a>usart_dma_transmit_config</STRONG> (Thumb, 20 bytes, Stack size 0 bytes, gd32f4xx_usart.o(i.usart_dma_transmit_config))
<BR><BR>[Called By]<UL><LI><a href="#[e3]">&gt;&gt;</a>&nbsp;&nbsp;&nbsp;USART1_Tx_InitDMA
</UL>

<P><STRONG><a name="[d4]"></a>usart_enable</STRONG> (Thumb, 10 bytes, Stack size 0 bytes, gd32f4xx_usart.o(i.usart_enable))
<BR><BR>[Called By]<UL><LI><a href="#[8a]">&gt;&gt;</a>&nbsp;&nbsp;&nbsp;Slave_USART_Init
<LI><a href="#[8c]">&gt;&gt;</a>&nbsp;&nbsp;&nbsp;Master_USART_Init
</UL>

<P><STRONG><a name="[80]"></a>usart_flag_clear</STRONG> (Thumb, 34 bytes, Stack size 8 bytes, gd32f4xx_usart.o(i.usart_flag_clear))
<BR><BR>[Stack]<UL><LI>Max Depth = 8<LI>Call Chain = usart_flag_clear
</UL>
<BR>[Called By]<UL><LI><a href="#[b1]">&gt;&gt;</a>&nbsp;&nbsp;&nbsp;ZeroMove
<LI><a href="#[a3]">&gt;&gt;</a>&nbsp;&nbsp;&nbsp;BLL_ToCase_Execute
<LI><a href="#[7f]">&gt;&gt;</a>&nbsp;&nbsp;&nbsp;BLL_BackZero_Execute
</UL>

<P><STRONG><a name="[db]"></a>usart_flag_get</STRONG> (Thumb, 22 bytes, Stack size 0 bytes, gd32f4xx_usart.o(i.usart_flag_get))
<BR><BR>[Called By]<UL><LI><a href="#[d9]">&gt;&gt;</a>&nbsp;&nbsp;&nbsp;Modbus_Master_SendUART
</UL>

<P><STRONG><a name="[d1]"></a>usart_hardware_flow_cts_config</STRONG> (Thumb, 20 bytes, Stack size 0 bytes, gd32f4xx_usart.o(i.usart_hardware_flow_cts_config))
<BR><BR>[Called By]<UL><LI><a href="#[8a]">&gt;&gt;</a>&nbsp;&nbsp;&nbsp;Slave_USART_Init
<LI><a href="#[8c]">&gt;&gt;</a>&nbsp;&nbsp;&nbsp;Master_USART_Init
</UL>

<P><STRONG><a name="[d0]"></a>usart_hardware_flow_rts_config</STRONG> (Thumb, 20 bytes, Stack size 0 bytes, gd32f4xx_usart.o(i.usart_hardware_flow_rts_config))
<BR><BR>[Called By]<UL><LI><a href="#[8a]">&gt;&gt;</a>&nbsp;&nbsp;&nbsp;Slave_USART_Init
<LI><a href="#[8c]">&gt;&gt;</a>&nbsp;&nbsp;&nbsp;Master_USART_Init
</UL>

<P><STRONG><a name="[d5]"></a>usart_interrupt_enable</STRONG> (Thumb, 20 bytes, Stack size 0 bytes, gd32f4xx_usart.o(i.usart_interrupt_enable))
<BR><BR>[Called By]<UL><LI><a href="#[8a]">&gt;&gt;</a>&nbsp;&nbsp;&nbsp;Slave_USART_Init
<LI><a href="#[8c]">&gt;&gt;</a>&nbsp;&nbsp;&nbsp;Master_USART_Init
</UL>

<P><STRONG><a name="[e8]"></a>usart_interrupt_flag_clear</STRONG> (Thumb, 20 bytes, Stack size 0 bytes, gd32f4xx_usart.o(i.usart_interrupt_flag_clear))
<BR><BR>[Called By]<UL><LI><a href="#[32]">&gt;&gt;</a>&nbsp;&nbsp;&nbsp;USART1_IRQHandler
<LI><a href="#[31]">&gt;&gt;</a>&nbsp;&nbsp;&nbsp;USART0_IRQHandler
</UL>

<P><STRONG><a name="[e7]"></a>usart_interrupt_flag_get</STRONG> (Thumb, 46 bytes, Stack size 8 bytes, gd32f4xx_usart.o(i.usart_interrupt_flag_get))
<BR><BR>[Stack]<UL><LI>Max Depth = 8<LI>Call Chain = usart_interrupt_flag_get
</UL>
<BR>[Called By]<UL><LI><a href="#[32]">&gt;&gt;</a>&nbsp;&nbsp;&nbsp;USART1_IRQHandler
<LI><a href="#[31]">&gt;&gt;</a>&nbsp;&nbsp;&nbsp;USART0_IRQHandler
</UL>

<P><STRONG><a name="[cf]"></a>usart_parity_config</STRONG> (Thumb, 16 bytes, Stack size 0 bytes, gd32f4xx_usart.o(i.usart_parity_config))
<BR><BR>[Called By]<UL><LI><a href="#[8a]">&gt;&gt;</a>&nbsp;&nbsp;&nbsp;Slave_USART_Init
<LI><a href="#[8c]">&gt;&gt;</a>&nbsp;&nbsp;&nbsp;Master_USART_Init
</UL>

<P><STRONG><a name="[d2]"></a>usart_receive_config</STRONG> (Thumb, 12 bytes, Stack size 0 bytes, gd32f4xx_usart.o(i.usart_receive_config))
<BR><BR>[Called By]<UL><LI><a href="#[8a]">&gt;&gt;</a>&nbsp;&nbsp;&nbsp;Slave_USART_Init
<LI><a href="#[8c]">&gt;&gt;</a>&nbsp;&nbsp;&nbsp;Master_USART_Init
</UL>

<P><STRONG><a name="[ce]"></a>usart_stop_bit_set</STRONG> (Thumb, 16 bytes, Stack size 0 bytes, gd32f4xx_usart.o(i.usart_stop_bit_set))
<BR><BR>[Called By]<UL><LI><a href="#[8a]">&gt;&gt;</a>&nbsp;&nbsp;&nbsp;Slave_USART_Init
<LI><a href="#[8c]">&gt;&gt;</a>&nbsp;&nbsp;&nbsp;Master_USART_Init
</UL>

<P><STRONG><a name="[d3]"></a>usart_transmit_config</STRONG> (Thumb, 12 bytes, Stack size 0 bytes, gd32f4xx_usart.o(i.usart_transmit_config))
<BR><BR>[Called By]<UL><LI><a href="#[8a]">&gt;&gt;</a>&nbsp;&nbsp;&nbsp;Slave_USART_Init
<LI><a href="#[8c]">&gt;&gt;</a>&nbsp;&nbsp;&nbsp;Master_USART_Init
</UL>

<P><STRONG><a name="[cd]"></a>usart_word_length_set</STRONG> (Thumb, 16 bytes, Stack size 0 bytes, gd32f4xx_usart.o(i.usart_word_length_set))
<BR><BR>[Called By]<UL><LI><a href="#[8a]">&gt;&gt;</a>&nbsp;&nbsp;&nbsp;Slave_USART_Init
<LI><a href="#[8c]">&gt;&gt;</a>&nbsp;&nbsp;&nbsp;Master_USART_Init
</UL>

<P><STRONG><a name="[a9]"></a>__aeabi_dadd</STRONG> (Thumb, 0 bytes, Stack size 16 bytes, daddsub_clz.o(x$fpl$dadd))
<BR><BR>[Stack]<UL><LI>Max Depth = 16<LI>Call Chain = __aeabi_dadd
</UL>
<BR>[Called By]<UL><LI><a href="#[a3]">&gt;&gt;</a>&nbsp;&nbsp;&nbsp;BLL_ToCase_Execute
</UL>

<P><STRONG><a name="[f6]"></a>_dadd</STRONG> (Thumb, 332 bytes, Stack size 16 bytes, daddsub_clz.o(x$fpl$dadd), UNUSED)
<BR><BR>[Calls]<UL><LI><a href="#[f8]">&gt;&gt;</a>&nbsp;&nbsp;&nbsp;__fpl_dretinf
<LI><a href="#[f9]">&gt;&gt;</a>&nbsp;&nbsp;&nbsp;__fpl_dnaninf
<LI><a href="#[f7]">&gt;&gt;</a>&nbsp;&nbsp;&nbsp;_dsub1
</UL>

<P><STRONG><a name="[99]"></a>__aeabi_d2iz</STRONG> (Thumb, 0 bytes, Stack size 32 bytes, dfix.o(x$fpl$dfix))
<BR><BR>[Stack]<UL><LI>Max Depth = 32<LI>Call Chain = __aeabi_d2iz
</UL>
<BR>[Called By]<UL><LI><a href="#[93]">&gt;&gt;</a>&nbsp;&nbsp;&nbsp;BLL_Motor_AD_Get_Position
<LI><a href="#[a3]">&gt;&gt;</a>&nbsp;&nbsp;&nbsp;BLL_ToCase_Execute
</UL>

<P><STRONG><a name="[fa]"></a>_dfix</STRONG> (Thumb, 94 bytes, Stack size 32 bytes, dfix.o(x$fpl$dfix), UNUSED)
<BR><BR>[Calls]<UL><LI><a href="#[f9]">&gt;&gt;</a>&nbsp;&nbsp;&nbsp;__fpl_dnaninf
</UL>

<P><STRONG><a name="[97]"></a>__aeabi_i2d</STRONG> (Thumb, 0 bytes, Stack size 0 bytes, dflt_clz.o(x$fpl$dflt))
<BR><BR>[Called By]<UL><LI><a href="#[93]">&gt;&gt;</a>&nbsp;&nbsp;&nbsp;BLL_Motor_AD_Get_Position
<LI><a href="#[a3]">&gt;&gt;</a>&nbsp;&nbsp;&nbsp;BLL_ToCase_Execute
</UL>

<P><STRONG><a name="[12c]"></a>_dflt</STRONG> (Thumb, 46 bytes, Stack size 0 bytes, dflt_clz.o(x$fpl$dflt), UNUSED)

<P><STRONG><a name="[a8]"></a>__aeabi_ui2d</STRONG> (Thumb, 0 bytes, Stack size 0 bytes, dflt_clz.o(x$fpl$dfltu))
<BR><BR>[Called By]<UL><LI><a href="#[a3]">&gt;&gt;</a>&nbsp;&nbsp;&nbsp;BLL_ToCase_Execute
</UL>

<P><STRONG><a name="[12d]"></a>_dfltu</STRONG> (Thumb, 38 bytes, Stack size 0 bytes, dflt_clz.o(x$fpl$dfltu), UNUSED)

<P><STRONG><a name="[98]"></a>__aeabi_dmul</STRONG> (Thumb, 0 bytes, Stack size 32 bytes, dmul.o(x$fpl$dmul))
<BR><BR>[Stack]<UL><LI>Max Depth = 32<LI>Call Chain = __aeabi_dmul
</UL>
<BR>[Called By]<UL><LI><a href="#[93]">&gt;&gt;</a>&nbsp;&nbsp;&nbsp;BLL_Motor_AD_Get_Position
<LI><a href="#[a3]">&gt;&gt;</a>&nbsp;&nbsp;&nbsp;BLL_ToCase_Execute
</UL>

<P><STRONG><a name="[fb]"></a>_dmul</STRONG> (Thumb, 332 bytes, Stack size 32 bytes, dmul.o(x$fpl$dmul), UNUSED)
<BR><BR>[Calls]<UL><LI><a href="#[f8]">&gt;&gt;</a>&nbsp;&nbsp;&nbsp;__fpl_dretinf
<LI><a href="#[f9]">&gt;&gt;</a>&nbsp;&nbsp;&nbsp;__fpl_dnaninf
</UL>

<P><STRONG><a name="[f9]"></a>__fpl_dnaninf</STRONG> (Thumb, 156 bytes, Stack size 16 bytes, dnaninf.o(x$fpl$dnaninf), UNUSED)
<BR><BR>[Called By]<UL><LI><a href="#[fb]">&gt;&gt;</a>&nbsp;&nbsp;&nbsp;_dmul
<LI><a href="#[fa]">&gt;&gt;</a>&nbsp;&nbsp;&nbsp;_dfix
<LI><a href="#[fc]">&gt;&gt;</a>&nbsp;&nbsp;&nbsp;_dsub
<LI><a href="#[f6]">&gt;&gt;</a>&nbsp;&nbsp;&nbsp;_dadd
</UL>

<P><STRONG><a name="[f8]"></a>__fpl_dretinf</STRONG> (Thumb, 12 bytes, Stack size 0 bytes, dretinf.o(x$fpl$dretinf), UNUSED)
<BR><BR>[Called By]<UL><LI><a href="#[fb]">&gt;&gt;</a>&nbsp;&nbsp;&nbsp;_dmul
<LI><a href="#[f6]">&gt;&gt;</a>&nbsp;&nbsp;&nbsp;_dadd
</UL>

<P><STRONG><a name="[12e]"></a>__aeabi_dsub</STRONG> (Thumb, 0 bytes, Stack size 32 bytes, daddsub_clz.o(x$fpl$dsub), UNUSED)

<P><STRONG><a name="[fc]"></a>_dsub</STRONG> (Thumb, 464 bytes, Stack size 32 bytes, daddsub_clz.o(x$fpl$dsub), UNUSED)
<BR><BR>[Calls]<UL><LI><a href="#[f9]">&gt;&gt;</a>&nbsp;&nbsp;&nbsp;__fpl_dnaninf
<LI><a href="#[fd]">&gt;&gt;</a>&nbsp;&nbsp;&nbsp;_dadd1
</UL>

<P><STRONG><a name="[6d]"></a>_fp_init</STRONG> (Thumb, 10 bytes, Stack size 0 bytes, fpinit.o(x$fpl$fpinit))
<BR><BR>[Called By]<UL><LI><a href="#[6c]">&gt;&gt;</a>&nbsp;&nbsp;&nbsp;__rt_lib_init_fp_1
</UL>

<P><STRONG><a name="[12f]"></a>__fplib_config_fpu_vfp</STRONG> (Thumb, 0 bytes, Stack size unknown bytes, fpinit.o(x$fpl$fpinit), UNUSED)

<P><STRONG><a name="[130]"></a>__fplib_config_pureend_doubles</STRONG> (Thumb, 0 bytes, Stack size unknown bytes, fpinit.o(x$fpl$fpinit), UNUSED)
<P>
<H3>
Local Symbols
</H3>
<P><STRONG><a name="[e4]"></a>system_clock_168m_25m_hxtal</STRONG> (Thumb, 156 bytes, Stack size 8 bytes, system_gd32f4xx.o(i.system_clock_168m_25m_hxtal))
<BR><BR>[Stack]<UL><LI>Max Depth = 8<LI>Call Chain = system_clock_168m_25m_hxtal
</UL>
<BR>[Called By]<UL><LI><a href="#[5c]">&gt;&gt;</a>&nbsp;&nbsp;&nbsp;SystemInit
</UL>

<P><STRONG><a name="[61]"></a>NOP</STRONG> (Thumb, 4 bytes, Stack size 0 bytes, bll_main.o(i.NOP))
<BR>[Address Reference Count : 1]<UL><LI> bll_main.o(i.BLL_Motor_Mission)
</UL>
<P><STRONG><a name="[62]"></a>Check_Status_Cb</STRONG> (Thumb, 18 bytes, Stack size 0 bytes, bll_motor.o(i.Check_Status_Cb))
<BR>[Address Reference Count : 1]<UL><LI> bll_motor.o(i.Check_Status)
</UL>
<P><STRONG><a name="[63]"></a>Get_Position_Cb</STRONG> (Thumb, 30 bytes, Stack size 0 bytes, bll_motor.o(i.Get_Position_Cb))
<BR>[Address Reference Count : 1]<UL><LI> bll_motor.o(i.Get_Encoder_Number)
</UL>
<P><STRONG><a name="[64]"></a>Get_Turn_Cb</STRONG> (Thumb, 30 bytes, Stack size 0 bytes, bll_motor.o(i.Get_Turn_Cb))
<BR>[Address Reference Count : 1]<UL><LI> bll_motor.o(i.Get_Turn_Number)
</UL>
<P><STRONG><a name="[ee]"></a>WaitMotorStop</STRONG> (Thumb, 66 bytes, Stack size 24 bytes, bll_backzero.o(i.WaitMotorStop))
<BR><BR>[Stack]<UL><LI>Max Depth = 88<LI>Call Chain = WaitMotorStop &rArr; Check_Status &rArr; Send_Func03_Data &rArr; Modbus_Master_SendUART
</UL>
<BR>[Calls]<UL><LI><a href="#[ab]">&gt;&gt;</a>&nbsp;&nbsp;&nbsp;Check_LimitTriggered
<LI><a href="#[ac]">&gt;&gt;</a>&nbsp;&nbsp;&nbsp;Check_Status
<LI><a href="#[af]">&gt;&gt;</a>&nbsp;&nbsp;&nbsp;Brake
<LI><a href="#[aa]">&gt;&gt;</a>&nbsp;&nbsp;&nbsp;delay_ms
<LI><a href="#[b0]">&gt;&gt;</a>&nbsp;&nbsp;&nbsp;longjmp
</UL>
<BR>[Called By]<UL><LI><a href="#[b1]">&gt;&gt;</a>&nbsp;&nbsp;&nbsp;ZeroMove
</UL>

<P><STRONG><a name="[b1]"></a>ZeroMove</STRONG> (Thumb, 198 bytes, Stack size 40 bytes, bll_backzero.o(i.ZeroMove))
<BR><BR>[Stack]<UL><LI>Max Depth = 128<LI>Call Chain = ZeroMove &rArr; WaitMotorStop &rArr; Check_Status &rArr; Send_Func03_Data &rArr; Modbus_Master_SendUART
</UL>
<BR>[Calls]<UL><LI><a href="#[80]">&gt;&gt;</a>&nbsp;&nbsp;&nbsp;usart_flag_clear
<LI><a href="#[ad]">&gt;&gt;</a>&nbsp;&nbsp;&nbsp;Read_Switch
<LI><a href="#[ee]">&gt;&gt;</a>&nbsp;&nbsp;&nbsp;WaitMotorStop
<LI><a href="#[94]">&gt;&gt;</a>&nbsp;&nbsp;&nbsp;BLL_Motor_AD_RelativeMove
<LI><a href="#[af]">&gt;&gt;</a>&nbsp;&nbsp;&nbsp;Brake
<LI><a href="#[aa]">&gt;&gt;</a>&nbsp;&nbsp;&nbsp;delay_ms
<LI><a href="#[b0]">&gt;&gt;</a>&nbsp;&nbsp;&nbsp;longjmp
</UL>
<BR>[Called By]<UL><LI><a href="#[82]">&gt;&gt;</a>&nbsp;&nbsp;&nbsp;BackZero
</UL>

<P><STRONG><a name="[ae]"></a>CaseSlowMove</STRONG> (Thumb, 192 bytes, Stack size 24 bytes, bll_tocase.o(i.CaseSlowMove))
<BR><BR>[Stack]<UL><LI>Max Depth = 88<LI>Call Chain = CaseSlowMove &rArr; BLL_Motor_AD_RelativeMove &rArr; Set_Position &rArr; Send_Func10_Data &rArr; Modbus_Master_SendUART
</UL>
<BR>[Calls]<UL><LI><a href="#[ad]">&gt;&gt;</a>&nbsp;&nbsp;&nbsp;Read_Switch
<LI><a href="#[94]">&gt;&gt;</a>&nbsp;&nbsp;&nbsp;BLL_Motor_AD_RelativeMove
<LI><a href="#[af]">&gt;&gt;</a>&nbsp;&nbsp;&nbsp;Brake
<LI><a href="#[aa]">&gt;&gt;</a>&nbsp;&nbsp;&nbsp;delay_ms
</UL>
<BR>[Called By]<UL><LI><a href="#[a3]">&gt;&gt;</a>&nbsp;&nbsp;&nbsp;BLL_ToCase_Execute
</UL>

<P><STRONG><a name="[a5]"></a>Clear_Manual_Flags</STRONG> (Thumb, 14 bytes, Stack size 0 bytes, bll_tocase.o(i.Clear_Manual_Flags))
<BR><BR>[Called By]<UL><LI><a href="#[a3]">&gt;&gt;</a>&nbsp;&nbsp;&nbsp;BLL_ToCase_Execute
</UL>

<P><STRONG><a name="[a7]"></a>WaitMotorStop</STRONG> (Thumb, 68 bytes, Stack size 24 bytes, bll_tocase.o(i.WaitMotorStop))
<BR><BR>[Stack]<UL><LI>Max Depth = 88<LI>Call Chain = WaitMotorStop &rArr; Check_Status &rArr; Send_Func03_Data &rArr; Modbus_Master_SendUART
</UL>
<BR>[Calls]<UL><LI><a href="#[ab]">&gt;&gt;</a>&nbsp;&nbsp;&nbsp;Check_LimitTriggered
<LI><a href="#[ac]">&gt;&gt;</a>&nbsp;&nbsp;&nbsp;Check_Status
<LI><a href="#[af]">&gt;&gt;</a>&nbsp;&nbsp;&nbsp;Brake
<LI><a href="#[aa]">&gt;&gt;</a>&nbsp;&nbsp;&nbsp;delay_ms
<LI><a href="#[b0]">&gt;&gt;</a>&nbsp;&nbsp;&nbsp;longjmp
</UL>
<BR>[Called By]<UL><LI><a href="#[a3]">&gt;&gt;</a>&nbsp;&nbsp;&nbsp;BLL_ToCase_Execute
</UL>

<P><STRONG><a name="[fd]"></a>_dadd1</STRONG> (Thumb, 0 bytes, Stack size unknown bytes, daddsub_clz.o(x$fpl$dadd), UNUSED)
<BR><BR>[Called By]<UL><LI><a href="#[fc]">&gt;&gt;</a>&nbsp;&nbsp;&nbsp;_dsub
</UL>

<P><STRONG><a name="[f7]"></a>_dsub1</STRONG> (Thumb, 0 bytes, Stack size unknown bytes, daddsub_clz.o(x$fpl$dsub), UNUSED)
<BR><BR>[Called By]<UL><LI><a href="#[f6]">&gt;&gt;</a>&nbsp;&nbsp;&nbsp;_dadd
</UL>
<P>
<H3>
Undefined Global Symbols
</H3><HR></body></html>
