Component: ARM Compiler 5.06 update 5 (build 528) Tool: armlink [4d35e2]

==============================================================================

Section Cross References

    main.o(i.main) refers to system_gd32f4xx.o(i.SystemInit) for SystemInit
    main.o(i.main) refers to bll_main.o(i.BLL_Init_All) for BLL_Init_All
    main.o(i.main) refers to delay.o(i.delay_init) for delay_init
    main.o(i.main) refers to bll_main.o(i.BLL_Execute_Mission) for BLL_Execute_Mission
    main.o(i.main) refers to bll_main.o(i.BLL_Update) for BLL_Update
    main.o(i.main) refers to main.o(.data) for .data
    system_gd32f4xx.o(i.SystemCoreClockUpdate) refers to system_gd32f4xx.o(.data) for .data
    system_gd32f4xx.o(i.SystemInit) refers to system_gd32f4xx.o(i.system_clock_168m_25m_hxtal) for system_clock_168m_25m_hxtal
    startup_gd32f407.o(STACK) refers (Special) to heapauxi.o(.text) for __use_two_region_memory
    startup_gd32f407.o(HEAP) refers (Special) to heapauxi.o(.text) for __use_two_region_memory
    startup_gd32f407.o(RESET) refers (Special) to heapauxi.o(.text) for __use_two_region_memory
    startup_gd32f407.o(RESET) refers to startup_gd32f407.o(STACK) for __initial_sp
    startup_gd32f407.o(RESET) refers to startup_gd32f407.o(.text) for Reset_Handler
    startup_gd32f407.o(RESET) refers to gd32f4xx_it.o(i.NMI_Handler) for NMI_Handler
    startup_gd32f407.o(RESET) refers to gd32f4xx_it.o(i.HardFault_Handler) for HardFault_Handler
    startup_gd32f407.o(RESET) refers to gd32f4xx_it.o(i.MemManage_Handler) for MemManage_Handler
    startup_gd32f407.o(RESET) refers to gd32f4xx_it.o(i.BusFault_Handler) for BusFault_Handler
    startup_gd32f407.o(RESET) refers to gd32f4xx_it.o(i.UsageFault_Handler) for UsageFault_Handler
    startup_gd32f407.o(RESET) refers to gd32f4xx_it.o(i.SVC_Handler) for SVC_Handler
    startup_gd32f407.o(RESET) refers to gd32f4xx_it.o(i.DebugMon_Handler) for DebugMon_Handler
    startup_gd32f407.o(RESET) refers to gd32f4xx_it.o(i.PendSV_Handler) for PendSV_Handler
    startup_gd32f407.o(RESET) refers to gd32f4xx_it.o(i.SysTick_Handler) for SysTick_Handler
    startup_gd32f407.o(RESET) refers to exti.o(i.EXTI0_IRQHandler) for EXTI0_IRQHandler
    startup_gd32f407.o(RESET) refers to exti.o(i.EXTI1_IRQHandler) for EXTI1_IRQHandler
    startup_gd32f407.o(RESET) refers to exti.o(i.EXTI2_IRQHandler) for EXTI2_IRQHandler
    startup_gd32f407.o(RESET) refers to exti.o(i.EXTI3_IRQHandler) for EXTI3_IRQHandler
    startup_gd32f407.o(RESET) refers to exti.o(i.EXTI4_IRQHandler) for EXTI4_IRQHandler
    startup_gd32f407.o(RESET) refers to exti.o(i.EXTI5_9_IRQHandler) for EXTI5_9_IRQHandler
    startup_gd32f407.o(RESET) refers to usart.o(i.USART0_IRQHandler) for USART0_IRQHandler
    startup_gd32f407.o(RESET) refers to usart.o(i.USART1_IRQHandler) for USART1_IRQHandler
    startup_gd32f407.o(RESET) refers to timer.o(i.TIMER6_IRQHandler) for TIMER6_IRQHandler
    startup_gd32f407.o(RESET) refers to usart.o(i.DMA1_Channel7_IRQHandler) for DMA1_Channel7_IRQHandler
    startup_gd32f407.o(.text) refers (Special) to heapauxi.o(.text) for __use_two_region_memory
    startup_gd32f407.o(.text) refers to system_gd32f4xx.o(i.SystemInit) for SystemInit
    startup_gd32f407.o(.text) refers to __main.o(!!!main) for __main
    startup_gd32f407.o(.text) refers to startup_gd32f407.o(HEAP) for Heap_Mem
    startup_gd32f407.o(.text) refers to startup_gd32f407.o(STACK) for Stack_Mem
    gd32f4xx_gpio.o(i.gpio_deinit) refers to gd32f4xx_rcu.o(i.rcu_periph_reset_enable) for rcu_periph_reset_enable
    gd32f4xx_gpio.o(i.gpio_deinit) refers to gd32f4xx_rcu.o(i.rcu_periph_reset_disable) for rcu_periph_reset_disable
    gd32f4xx_rcu.o(i.rcu_deinit) refers to gd32f4xx_rcu.o(i.rcu_osci_stab_wait) for rcu_osci_stab_wait
    gd32f4xx_rcu.o(i.rcu_osci_stab_wait) refers to gd32f4xx_rcu.o(i.rcu_flag_get) for rcu_flag_get
    gd32f4xx_usart.o(i.usart_baudrate_set) refers to gd32f4xx_rcu.o(i.rcu_clock_freq_get) for rcu_clock_freq_get
    gd32f4xx_usart.o(i.usart_deinit) refers to gd32f4xx_rcu.o(i.rcu_periph_reset_enable) for rcu_periph_reset_enable
    gd32f4xx_usart.o(i.usart_deinit) refers to gd32f4xx_rcu.o(i.rcu_periph_reset_disable) for rcu_periph_reset_disable
    gd32f4xx_timer.o(i.timer_deinit) refers to gd32f4xx_rcu.o(i.rcu_periph_reset_enable) for rcu_periph_reset_enable
    gd32f4xx_timer.o(i.timer_deinit) refers to gd32f4xx_rcu.o(i.rcu_periph_reset_disable) for rcu_periph_reset_disable
    gd32f4xx_timer.o(i.timer_external_clock_mode0_config) refers to gd32f4xx_timer.o(i.timer_external_trigger_config) for timer_external_trigger_config
    gd32f4xx_timer.o(i.timer_external_clock_mode1_config) refers to gd32f4xx_timer.o(i.timer_external_trigger_config) for timer_external_trigger_config
    gd32f4xx_timer.o(i.timer_external_trigger_as_external_clock_config) refers to gd32f4xx_timer.o(i.timer_input_trigger_source_select) for timer_input_trigger_source_select
[...]
    i.BLL_BackZero_Execute                   0x08000458   Section        0  bll_backzero.o(i.BLL_BackZero_Execute)
    i.BLL_ClearFailure                       0x080004a4   Section        0  bll_main.o(i.BLL_ClearFailure)
    i.BLL_ClearFinishFlag                    0x080004c4   Section        0  bll_main.o(i.BLL_ClearFinishFlag)
    i.BLL_EEPROM_ClearFlag                   0x080004e0   Section        0  bll_eeprom.o(i.BLL_EEPROM_ClearFlag)
    i.BLL_EEPROM_Execute                     0x080004ec   Section        0  bll_eeprom.o(i.BLL_EEPROM_Execute)
    i.BLL_Execute_Mission                    0x08000514   Section        0  bll_main.o(i.BLL_Execute_Mission)
    i.BLL_Init_All                           0x0800056c   Section        0  bll_main.o(i.BLL_Init_All)
    i.BLL_Motor_AD_AbsoluteMove              0x080005d4   Section        0  bll_adapter.o(i.BLL_Motor_AD_AbsoluteMove)
    i.BLL_Motor_AD_Get_Position              0x08000624   Section        0  bll_adapter.o(i.BLL_Motor_AD_Get_Position)
    i.BLL_Motor_AD_RelativeMove              0x0800067c   Section        0  bll_adapter.o(i.BLL_Motor_AD_RelativeMove)
    i.BLL_Motor_Mission                      0x080006b4   Section        0  bll_main.o(i.BLL_Motor_Mission)
    i.BLL_Soft_Reset                         0x08000790   Section        0  bll_main.o(i.BLL_Soft_Reset)
    i.BLL_Stop_Mission                       0x080007b8   Section        0  bll_main.o(i.BLL_Stop_Mission)
    i.BLL_ToCase_ClearFlag                   0x080007e4   Section        0  bll_tocase.o(i.BLL_ToCase_ClearFlag)
    i.BLL_ToCase_Execute                     0x080007f0   Section        0  bll_tocase.o(i.BLL_ToCase_Execute)
    i.BLL_Update                             0x08000ffc   Section        0  bll_main.o(i.BLL_Update)
    i.BackZero                               0x08001014   Section        0  bll_backzero.o(i.BackZero)
    i.Brake                                  0x080010a8   Section        0  bll_motor.o(i.Brake)
    i.BusFault_Handler                       0x080010b2   Section        0  gd32f4xx_it.o(i.BusFault_Handler)
    i.Calculate_CRC                          0x080010b4   Section        0  modbus_master.o(i.Calculate_CRC)
    i.CaseSlowMove                           0x080010e8   Section        0  bll_tocase.o(i.CaseSlowMove)
    CaseSlowMove                             0x080010e9   Thumb Code   192  bll_tocase.o(i.CaseSlowMove)
    i.Check_LimitTriggered                   0x080011b8   Section        0  bll_adapter.o(i.Check_LimitTriggered)
    i.Check_Status                           0x080011e8   Section        0  bll_motor.o(i.Check_Status)
    i.Check_Status_Cb                        0x08001210   Section        0  bll_motor.o(i.Check_Status_Cb)
    Check_Status_Cb                          0x08001211   Thumb Code    18  bll_motor.o(i.Check_Status_Cb)
    i.Clear_Manual_Flags                     0x0800122c   Section        0  bll_tocase.o(i.Clear_Manual_Flags)
    Clear_Manual_Flags                       0x0800122d   Thumb Code    14  bll_tocase.o(i.Clear_Manual_Flags)
    i.DMA1_Channel7_IRQHandler               0x08001240   Section        0  usart.o(i.DMA1_Channel7_IRQHandler)
    i.DebugMon_Handler                       0x08001280   Section        0  gd32f4xx_it.o(i.DebugMon_Handler)
    i.Delay_Timer_Init                       0x08001284   Section        0  timer.o(i.Delay_Timer_Init)
    i.Dispatcher_Tim_Init                    0x080012cc   Section        0  timer.o(i.Dispatcher_Tim_Init)
    i.EStop_INT_HANDLER                      0x0800132c   Section        0  bll_adapter.o(i.EStop_INT_HANDLER)
    i.EXTI0_IRQHandler                       0x08001368   Section        0  exti.o(i.EXTI0_IRQHandler)
    i.EXTI1_IRQHandler                       0x08001380   Section        0  exti.o(i.EXTI1_IRQHandler)
    i.EXTI2_IRQHandler                       0x08001398   Section        0  exti.o(i.EXTI2_IRQHandler)
    i.EXTI3_IRQHandler                       0x080013b4   Section        0  exti.o(i.EXTI3_IRQHandler)
    i.EXTI4_IRQHandler                       0x080013d0   Section        0  exti.o(i.EXTI4_IRQHandler)
    i.EXTI5_9_IRQHandler                     0x080013ec   Section        0  exti.o(i.EXTI5_9_IRQHandler)
    i.FUN_MOTOR_ABORT                        0x08001458   Section        0  bll_adapter.o(i.FUN_MOTOR_ABORT)
    i.FUN_MOTOR_STOP                         0x0800145e   Section        0  bll_adapter.o(i.FUN_MOTOR_STOP)
    i.GPIO_Config                            0x08001464   Section        0  gpio.o(i.GPIO_Config)
    i.Get_Encoder_Number                     0x08001544   Section        0  bll_motor.o(i.Get_Encoder_Number)
    i.Get_Position_Cb                        0x0800156c   Section        0  bll_motor.o(i.Get_Position_Cb)
    Get_Position_Cb                          0x0800156d   Thumb Code    30  bll_motor.o(i.Get_Position_Cb)
    i.Get_Turn_Cb                            0x08001590   Section        0  bll_motor.o(i.Get_Turn_Cb)
    Get_Turn_Cb                              0x08001591   Thumb Code    30  bll_motor.o(i.Get_Turn_Cb)
    i.Get_Turn_Number                        0x080015b4   Section        0  bll_motor.o(i.Get_Turn_Number)
    i.HardFault_Handler                      0x080015dc   Section        0  gd32f4xx_it.o(i.HardFault_Handler)
    i.Master_Set_Timeout                     0x080015e0   Section        0  modbus_master.o(i.Master_Set_Timeout)
    i.Master_USART_Init                      0x080015ec   Section        0  usart.o(i.Master_USART_Init)
    i.MemManage_Handler                      0x080016b4   Section        0  gd32f4xx_it.o(i.MemManage_Handler)
    i.ModBusRecByte                          0x080016b8   Section        0  modbus_slave.o(i.ModBusRecByte)
    i.Modbus_Master_Receive                  0x08001714   Section        0  modbus_master.o(i.Modbus_Master_Receive)
    i.Modbus_Master_SendUART                 0x08001770   Section        0  modbus_master.o(i.Modbus_Master_SendUART)
    i.Modbus_Master_Timer_Init               0x080017d0   Section        0  timer.o(i.Modbus_Master_Timer_Init)
    i.Modbus_ResetToIdle                     0x08001830   Section        0  modbus_slave.o(i.Modbus_ResetToIdle)
    i.Modbus_Slave_Timer_Init                0x0800183c   Section        0  timer.o(i.Modbus_Slave_Timer_Init)
    i.MyDelay                                0x080018a0   Section        0  bll_tocase.o(i.MyDelay)
    i.NMI_Handler                            0x080018b8   Section        0  gd32f4xx_it.o(i.NMI_Handler)
    i.NOP                                    0x080018ba   Section        0  bll_main.o(i.NOP)
    NOP                                      0x080018bb   Thumb Code     4  bll_main.o(i.NOP)
    i.NVIC_Config                            0x080018be   Section        0  exti.o(i.NVIC_Config)
    i.PendSV_Handler                         0x08001984   Section        0  gd32f4xx_it.o(i.PendSV_Handler)
    i.Position_Mode_Set_Acce                 0x08001986   Section        0  bll_motor.o(i.Position_Mode_Set_Acce)
    i.Position_Mode_Set_Dece                 0x08001990   Section        0  bll_motor.o(i.Position_Mode_Set_Dece)
    i.Position_Mode_Set_Speed                0x0800199a   Section        0  bll_motor.o(i.Position_Mode_Set_Speed)
    i.Read_Switch                            0x080019a4   Section        0  gpio.o(i.Read_Switch)
    i.Ready_Brake                            0x08001a04   Section        0  bll_motor.o(i.Ready_Brake)
    i.Ready_Run                              0x08001a0e   Section        0  bll_motor.o(i.Ready_Run)
    i.Run                                    0x08001a18   Section        0  bll_motor.o(i.Run)
    i.SVC_Handler                            0x08001a22   Section        0  gd32f4xx_it.o(i.SVC_Handler)
    i.SWTICH1_INT_HANDLER                    0x08001a24   Section        0  bll_tocase.o(i.SWTICH1_INT_HANDLER)
    i.SWTICH2_INT_HANDLER                    0x08001a98   Section        0  bll_tocase.o(i.SWTICH2_INT_HANDLER)
    i.SWTICH3_INT_HANDLER                    0x08001b0c   Section        0  bll_tocase.o(i.SWTICH3_INT_HANDLER)
    i.SWTICH4_INT_HANDLER                    0x08001b5c   Section        0  bll_tocase.o(i.SWTICH4_INT_HANDLER)
    i.SWTICH5_INT_HANDLER                    0x08001bb0   Section        0  bll_backzero.o(i.SWTICH5_INT_HANDLER)
    i.Send_Func03_Data                       0x08001bf8   Section        0  modbus_master.o(i.Send_Func03_Data)
    i.Send_Func06_Data                       0x08001ca8   Section        0  modbus_master.o(i.Send_Func06_Data)
    i.Send_Func10_Data                       0x08001d38   Section        0  modbus_master.o(i.Send_Func10_Data)
    i.Set_Position                           0x08001de0   Section        0  bll_motor.o(i.Set_Position)
    i.Slave_USART_Init                       0x08001dec   Section        0  usart.o(i.Slave_USART_Init)
    i.SysTick_Handler                        0x08001ec0   Section        0  gd32f4xx_it.o(i.SysTick_Handler)
    i.SystemInit                             0x08001ec4   Section        0  system_gd32f4xx.o(i.SystemInit)
    i.TIMER6_IRQHandler                      0x08001f50   Section        0  timer.o(i.TIMER6_IRQHandler)
    i.USART0_IRQHandler                      0x08001f7c   Section        0  usart.o(i.USART0_IRQHandler)
    i.USART1_IRQHandler                      0x08001fb0   Section        0  usart.o(i.USART1_IRQHandler)
    i.USART1_Tx_InitDMA                      0x08001fe4   Section        0  usart.o(i.USART1_Tx_InitDMA)
    i.UsageFault_Handler                     0x08002054   Section        0  gd32f4xx_it.o(i.UsageFault_Handler)
    i.WaitMotorStop                          0x08002058   Section        0  bll_backzero.o(i.WaitMotorStop)
    WaitMotorStop                            0x08002059   Thumb Code    66  bll_backzero.o(i.WaitMotorStop)
    i.WaitMotorStop                          0x080020a4   Section        0  bll_tocase.o(i.WaitMotorStop)
    WaitMotorStop                            0x080020a5   Thumb Code    68  bll_tocase.o(i.WaitMotorStop)
    i.ZeroMove                               0x080020f0   Section        0  bll_backzero.o(i.ZeroMove)
    ZeroMove                                 0x080020f1   Thumb Code   198  bll_backzero.o(i.ZeroMove)
    i._sys_exit                              0x080021d4   Section        0  usart.o(i._sys_exit)
    i.delay_init                             0x080021d8   Section        0  delay.o(i.delay_init)
    i.delay_ms                               0x0800220c   Section        0  delay.o(i.delay_ms)
    i.delay_us                               0x08002240   Section        0  delay.o(i.delay_us)
    i.delay_xms                              0x08002274   Section        0  delay.o(i.delay_xms)
    i.dma_deinit                             0x080022a8   Section        0  gd32f4xx_dma.o(i.dma_deinit)
    i.dma_flag_clear                         0x08002300   Section        0  gd32f4xx_dma.o(i.dma_flag_clear)
    i.dma_interrupt_enable                   0x08002336   Section        0  gd32f4xx_dma.o(i.dma_interrupt_enable)
    i.dma_interrupt_flag_clear               0x08002354   Section        0  gd32f4xx_dma.o(i.dma_interrupt_flag_clear)
    i.dma_interrupt_flag_get                 0x0800238a   Section        0  gd32f4xx_dma.o(i.dma_interrupt_flag_get)
    i.dma_single_data_mode_init              0x0800246c   Section        0  gd32f4xx_dma.o(i.dma_single_data_mode_init)
    i.exti_flag_clear                        0x080024f0   Section        0  gd32f4xx_exti.o(i.exti_flag_clear)
    i.exti_flag_get                          0x080024fc   Section        0  gd32f4xx_exti.o(i.exti_flag_get)
    i.exti_init                              0x08002510   Section        0  gd32f4xx_exti.o(i.exti_init)
    i.exti_interrupt_flag_clear              0x08002578   Section        0  gd32f4xx_exti.o(i.exti_interrupt_flag_clear)
    i.exti_interrupt_flag_get                0x08002584   Section        0  gd32f4xx_exti.o(i.exti_interrupt_flag_get)
    i.gpio_af_set                            0x08002598   Section        0  gd32f4xx_gpio.o(i.gpio_af_set)
    i.gpio_mode_set                          0x080025fc   Section        0  gd32f4xx_gpio.o(i.gpio_mode_set)
    i.gpio_output_options_set                0x08002640   Section        0  gd32f4xx_gpio.o(i.gpio_output_options_set)
    i.main                                   0x08002680   Section        0  main.o(i.main)
    i.nvic_irq_enable                        0x080026a4   Section        0  gd32f4xx_misc.o(i.nvic_irq_enable)
    i.nvic_priority_group_set                0x08002738   Section        0  gd32f4xx_misc.o(i.nvic_priority_group_set)
    i.rcu_clock_freq_get                     0x0800274c   Section        0  gd32f4xx_rcu.o(i.rcu_clock_freq_get)
    i.rcu_periph_clock_enable                0x08002824   Section        0  gd32f4xx_rcu.o(i.rcu_periph_clock_enable)
    i.rcu_periph_reset_disable               0x08002844   Section        0  gd32f4xx_rcu.o(i.rcu_periph_reset_disable)
    i.rcu_periph_reset_enable                0x08002864   Section        0  gd32f4xx_rcu.o(i.rcu_periph_reset_enable)
    i.syscfg_exti_line_config                0x08002884   Section        0  gd32f4xx_syscfg.o(i.syscfg_exti_line_config)
    i.system_clock_168m_25m_hxtal            0x080028c8   Section        0  system_gd32f4xx.o(i.system_clock_168m_25m_hxtal)
    system_clock_168m_25m_hxtal              0x080028c9   Thumb Code   156  system_gd32f4xx.o(i.system_clock_168m_25m_hxtal)
    i.timer_counter_value_config             0x08002970   Section        0  gd32f4xx_timer.o(i.timer_counter_value_config)
    i.timer_deinit                           0x08002974   Section        0  gd32f4xx_timer.o(i.timer_deinit)
    i.timer_disable                          0x08002a40   Section        0  gd32f4xx_timer.o(i.timer_disable)
    i.timer_enable                           0x08002a4a   Section        0  gd32f4xx_timer.o(i.timer_enable)
    i.timer_init                             0x08002a54   Section        0  gd32f4xx_timer.o(i.timer_init)
    i.timer_interrupt_enable                 0x08002ae8   Section        0  gd32f4xx_timer.o(i.timer_interrupt_enable)
    i.timer_interrupt_flag_clear             0x08002af0   Section        0  gd32f4xx_timer.o(i.timer_interrupt_flag_clear)
    i.timer_interrupt_flag_get               0x08002af6   Section        0  gd32f4xx_timer.o(i.timer_interrupt_flag_get)
    i.usart_baudrate_set                     0x08002b0c   Section        0  gd32f4xx_usart.o(i.usart_baudrate_set)
    i.usart_data_receive                     0x08002b90   Section        0  gd32f4xx_usart.o(i.usart_data_receive)
    i.usart_data_transmit                    0x08002b98   Section        0  gd32f4xx_usart.o(i.usart_data_transmit)
    i.usart_deinit                           0x08002ba0   Section        0  gd32f4xx_usart.o(i.usart_deinit)
    i.usart_dma_transmit_config              0x08002c1c   Section        0  gd32f4xx_usart.o(i.usart_dma_transmit_config)
    i.usart_enable                           0x08002c30   Section        0  gd32f4xx_usart.o(i.usart_enable)
    i.usart_flag_clear                       0x08002c3a   Section        0  gd32f4xx_usart.o(i.usart_flag_clear)
    i.usart_flag_get                         0x08002c5c   Section        0  gd32f4xx_usart.o(i.usart_flag_get)
    i.usart_hardware_flow_cts_config         0x08002c72   Section        0  gd32f4xx_usart.o(i.usart_hardware_flow_cts_config)
    i.usart_hardware_flow_rts_config         0x08002c86   Section        0  gd32f4xx_usart.o(i.usart_hardware_flow_rts_config)
    i.usart_interrupt_enable                 0x08002c9a   Section        0  gd32f4xx_usart.o(i.usart_interrupt_enable)
    i.usart_interrupt_flag_clear             0x08002cae   Section        0  gd32f4xx_usart.o(i.usart_interrupt_flag_clear)
    i.usart_interrupt_flag_get               0x08002cc2   Section        0  gd32f4xx_usart.o(i.usart_interrupt_flag_get)
    i.usart_parity_config                    0x08002cf0   Section        0  gd32f4xx_usart.o(i.usart_parity_config)
    i.usart_receive_config                   0x08002d00   Section        0  gd32f4xx_usart.o(i.usart_receive_config)
    i.usart_stop_bit_set                     0x08002d0c   Section        0  gd32f4xx_usart.o(i.usart_stop_bit_set)
    i.usart_transmit_config                  0x08002d1c   Section        0  gd32f4xx_usart.o(i.usart_transmit_config)
    i.usart_word_length_set                  0x08002d28   Section        0  gd32f4xx_usart.o(i.usart_word_length_set)
    x$fpl$dadd                               0x08002d38   Section      336  daddsub_clz.o(x$fpl$dadd)
    $v0                                      0x08002d38   Number         0  daddsub_clz.o(x$fpl$dadd)
    _dadd1                                   0x08002d49   Thumb Code     0  daddsub_clz.o(x$fpl$dadd)
    x$fpl$dfix                               0x08002e88   Section       94  dfix.o(x$fpl$dfix)
    $v0                                      0x08002e88   Number         0  dfix.o(x$fpl$dfix)
    x$fpl$dflt                               0x08002ee6   Section       46  dflt_clz.o(x$fpl$dflt)
    $v0                                      0x08002ee6   Number         0  dflt_clz.o(x$fpl$dflt)
    x$fpl$dfltu                              0x08002f14   Section       38  dflt_clz.o(x$fpl$dfltu)
    $v0                                      0x08002f14   Number         0  dflt_clz.o(x$fpl$dfltu)
    x$fpl$dmul                               0x08002f3c   Section      340  dmul.o(x$fpl$dmul)
    $v0                                      0x08002f3c   Number         0  dmul.o(x$fpl$dmul)
    x$fpl$dnaninf                            0x08003090   Section      156  dnaninf.o(x$fpl$dnaninf)
    $v0                                      0x08003090   Number         0  dnaninf.o(x$fpl$dnaninf)
    x$fpl$dretinf                            0x0800312c   Section       12  dretinf.o(x$fpl$dretinf)
    $v0                                      0x0800312c   Number         0  dretinf.o(x$fpl$dretinf)
    x$fpl$dsub                               0x08003138   Section      468  daddsub_clz.o(x$fpl$dsub)
    $v0                                      0x08003138   Number         0  daddsub_clz.o(x$fpl$dsub)
    _dsub1                                   0x08003149   Thumb Code     0  daddsub_clz.o(x$fpl$dsub)
    x$fpl$fpinit                             0x0800330c   Section       10  fpinit.o(x$fpl$fpinit)
    $v0                                      0x0800330c   Number         0  fpinit.o(x$fpl$fpinit)
    x$fpl$usenofp                            0x08003316   Section        0  usenofp.o(x$fpl$usenofp)
    .constdata                               0x08003318   Section       20  bll_tocase.o(.constdata)
    Special_Positions                        0x08003318   Data          20  bll_tocase.o(.constdata)
    .data                                    0x20000000   Section        4  main.o(.data)
    .data                                    0x20000004   Section        1  main.o(.data)
    .data                                    0x20000005   Section        1  main.o(.data)
    .data                                    0x20000006   Section        1  usart.o(.data)
    DMA_Status                               0x20000006   Data           1  usart.o(.data)
    .data                                    0x20000008   Section        4  delay.o(.data)
    fac_us                                   0x20000008   Data           1  delay.o(.data)
    fac_ms                                   0x2000000a   Data           2  delay.o(.data)
    .data                                    0x2000000c   Section       12  bll_main.o(.data)
    .data                                    0x20000018   Section       12  bll_motor.o(.data)
    wait_flag                                0x20000019   Data           1  bll_motor.o(.data)
    code                                     0x2000001a   Data           1  bll_motor.o(.data)
    encoder_number                           0x2000001c   Data           4  bll_motor.o(.data)
    turn_number                              0x20000020   Data           4  bll_motor.o(.data)
    .data                                    0x20000024   Section       16  bll_adapter.o(.data)
    .data                                    0x20000034   Section        8  bll_backzero.o(.data)
    backzero_flag                            0x20000034   Data           1  bll_backzero.o(.data)
    .data                                    0x2000003c   Section        1  bll_eeprom.o(.data)
    flag                                     0x2000003c   Data           1  bll_eeprom.o(.data)
    .data                                    0x20000040   Section       34  bll_tocase.o(.data)
    tocase_flag                              0x20000040   Data           1  bll_tocase.o(.data)
    div10                                    0x20000046   Data           1  bll_tocase.o(.data)
    counter_flag                             0x20000047   Data           1  bll_tocase.o(.data)
    ELECTRIAL_LEVEL                          0x20000048   Data           1  bll_tocase.o(.data)
    swtich_flag                              0x20000049   Data           1  bll_tocase.o(.data)
    target                                   0x2000004a   Data           1  bll_tocase.o(.data)
    kind                                     0x2000004c   Data           1  bll_tocase.o(.data)
    fast_move_flag                           0x2000004d   Data           1  bll_tocase.o(.data)
    slow_move_flag                           0x2000004e   Data           1  bll_tocase.o(.data)
    counter_time                             0x20000050   Data           4  bll_tocase.o(.data)
    switch_trigger_time                      0x20000054   Data           4  bll_tocase.o(.data)
    sp_final_offset                          0x20000058   Data          10  bll_tocase.o(.data)
    .data                                    0x20000062   Section        4  modbus_master.o(.data)
    Master_Rec_Count                         0x20000064   Data           2  modbus_master.o(.data)
    .data                                    0x20000066   Section        4  modbus_slave.o(.data)
    MState                                   0x20000066   Data           1  modbus_slave.o(.data)
    RecCount                                 0x20000068   Data           2  modbus_slave.o(.data)
    .data                                    0x2000006a   Section       20  modbus_save_data.o(.data)
    .bss                                     0x20000080   Section      160  main.o(.bss)
    .bss                                     0x20000120   Section      256  usart.o(.bss)
    DMA_Buffer                               0x20000120   Data         256  usart.o(.bss)
    .bss                                     0x20000220   Section       22  bll_main.o(.bss)
    .bss                                     0x20000236   Section      200  modbus_master.o(.bss)
    .bss                                     0x200002fe   Section     1024  modbus_slave.o(.bss)
    RecBuff                                  0x200002fe   Data        1024  modbus_slave.o(.bss)
    .bss                                     0x200006fe   Section       14  modbus_save_data.o(.bss)
    .bss                                     0x2000070c   Section       26  modbus_save_data.o(.bss)
    .bss                                     0x20000728   Section       96  libspace.o(.bss)
    HEAP                                     0x20000788   Section      512  startup_gd32f407.o(HEAP)
    Heap_Mem                                 0x20000788   Data         512  startup_gd32f407.o(HEAP)
    STACK                                    0x20000988   Section     1024  startup_gd32f407.o(STACK)
    Stack_Mem                                0x20000988   Data        1024  startup_gd32f407.o(STACK)
    __initial_sp                             0x20000d88   Data           0  startup_gd32f407.o(STACK)

    Global Symbols

    Symbol Name                              Value     Ov Type        Size  Object(Section)

    BuildAttributes$$THM_ISAv4$E$P$D$K$B$S$7EM$VFPi3$EXTD16$VFPS$VFMA$PE$A:L22UL41UL21$X:L11$S22US41US21$IEEE1$IW$USESV6$~STKCKD$USESV7$~SHL$OSPACE$ROPI$EBA8$UX$STANDARDLIB$REQ8$PRES8$EABIv2 0x00000000   Number         0  anon$$obj.o ABSOLUTE
    __ARM_use_no_argv                        0x00000000   Number         0  main.o ABSOLUTE
    __ARM_exceptions_init                     - Undefined Weak Reference
    __alloca_initialize                       - Undefined Weak Reference
    __alloca_longjmp                          - Undefined Weak Reference
    __alloca_setjmp                           - Undefined Weak Reference
    __arm_preinit_                            - Undefined Weak Reference
    __cpp_initialize__aeabi_                  - Undefined Weak Reference
    __cxa_finalize                            - Undefined Weak Reference
    __rt_locale                               - Undefined Weak Reference
    __sigvec_lookup                           - Undefined Weak Reference
    _atexit_init                              - Undefined Weak Reference
    _call_atexit_fns                          - Undefined Weak Reference
    _clock_init                               - Undefined Weak Reference
    _fp_trap_init                             - Undefined Weak Reference
    _fp_trap_shutdown                         - Undefined Weak Reference
    _get_lc_collate                           - Undefined Weak Reference
    _get_lc_ctype                             - Undefined Weak Reference
    _get_lc_monetary                          - Undefined Weak Reference
    _get_lc_numeric                           - Undefined Weak Reference
    _get_lc_time                              - Undefined Weak Reference
    _getenv_init                              - Undefined Weak Reference
    _handle_redirection                       - Undefined Weak Reference
    _init_alloc                               - Undefined Weak Reference
    _init_user_alloc                          - Undefined Weak Reference
    _initio                                   - Undefined Weak Reference
    _rand_init                                - Undefined Weak Reference
    _signal_finish                            - Undefined Weak Reference
    _signal_init                              - Undefined Weak Reference
    _terminate_alloc                          - Undefined Weak Reference
    _terminate_user_alloc                     - Undefined Weak Reference
    _terminateio                              - Undefined Weak Reference
    __Vectors_Size                           0x00000180   Number         0  startup_gd32f407.o ABSOLUTE
    __Vectors                                0x08000000   Data           4  startup_gd32f407.o(RESET)
    __Vectors_End                            0x08000180   Data           0  startup_gd32f407.o(RESET)
    __main                                   0x08000181   Thumb Code     8  __main.o(!!!main)
    __scatterload                            0x08000189   Thumb Code     0  __scatter.o(!!!scatter)
    __scatterload_rt2                        0x08000189   Thumb Code    44  __scatter.o(!!!scatter)
    __scatterload_rt2_thumb_only             0x08000189   Thumb Code     0  __scatter.o(!!!scatter)
    __scatterload_null                       0x08000197   Thumb Code     0  __scatter.o(!!!scatter)
    __scatterload_copy                       0x080001bd   Thumb Code    26  __scatter_copy.o(!!handler_copy)
    __scatterload_zeroinit                   0x080001d9   Thumb Code    28  __scatter_zi.o(!!handler_zi)
    __rt_lib_init                            0x080001f5   Thumb Code     0  libinit.o(.ARM.Collect$$libinit$$00000000)
    __rt_lib_init_fp_1                       0x080001f7   Thumb Code     0  libinit2.o(.ARM.Collect$$libinit$$00000001)
    __rt_lib_init_alloca_1                   0x080001fb   Thumb Code     0  libinit2.o(.ARM.Collect$$libinit$$0000002E)
    __rt_lib_init_argv_1                     0x080001fb   Thumb Code     0  libinit2.o(.ARM.Collect$$libinit$$0000002C)
    __rt_lib_init_atexit_1                   0x080001fb   Thumb Code     0  libinit2.o(.ARM.Collect$$libinit$$0000001B)
    __rt_lib_init_clock_1                    0x080001fb   Thumb Code     0  libinit2.o(.ARM.Collect$$libinit$$00000021)
    __rt_lib_init_cpp_1                      0x080001fb   Thumb Code     0  libinit2.o(.ARM.Collect$$libinit$$00000032)
    __rt_lib_init_exceptions_1               0x080001fb   Thumb Code     0  libinit2.o(.ARM.Collect$$libinit$$00000030)
    __rt_lib_init_fp_trap_1                  0x080001fb   Thumb Code     0  libinit2.o(.ARM.Collect$$libinit$$0000001F)
    __rt_lib_init_getenv_1                   0x080001fb   Thumb Code     0  libinit2.o(.ARM.Collect$$libinit$$00000023)
    __rt_lib_init_heap_1                     0x080001fb   Thumb Code     0  libinit2.o(.ARM.Collect$$libinit$$0000000A)
    __rt_lib_init_lc_collate_1               0x080001fb   Thumb Code     0  libinit2.o(.ARM.Collect$$libinit$$00000011)
    __rt_lib_init_lc_ctype_1                 0x080001fb   Thumb Code     0  libinit2.o(.ARM.Collect$$libinit$$00000013)
    __rt_lib_init_lc_monetary_1              0x080001fb   Thumb Code     0  libinit2.o(.ARM.Collect$$libinit$$00000015)
    __rt_lib_init_lc_numeric_1               0x080001fb   Thumb Code     0  libinit2.o(.ARM.Collect$$libinit$$00000017)
    __rt_lib_init_lc_time_1                  0x080001fb   Thumb Code     0  libinit2.o(.ARM.Collect$$libinit$$00000019)
    __rt_lib_init_preinit_1                  0x080001fb   Thumb Code     0  libinit2.o(.ARM.Collect$$libinit$$00000004)
    __rt_lib_init_rand_1                     0x080001fb   Thumb Code     0  libinit2.o(.ARM.Collect$$libinit$$0000000E)
    __rt_lib_init_return                     0x080001fb   Thumb Code     0  libinit2.o(.ARM.Collect$$libinit$$00000033)
    __rt_lib_init_signal_1                   0x080001fb   Thumb Code     0  libinit2.o(.ARM.Collect$$libinit$$0000001D)
    __rt_lib_init_stdio_1                    0x080001fb   Thumb Code     0  libinit2.o(.ARM.Collect$$libinit$$00000025)
    __rt_lib_init_user_alloc_1               0x080001fb   Thumb Code     0  libinit2.o(.ARM.Collect$$libinit$$0000000C)
    __rt_lib_shutdown                        0x080001fd   Thumb Code     0  libshutdown.o(.ARM.Collect$$libshutdown$$00000000)
    __rt_lib_shutdown_cpp_1                  0x080001ff   Thumb Code     0  libshutdown2.o(.ARM.Collect$$libshutdown$$00000002)
    __rt_lib_shutdown_fp_trap_1              0x080001ff   Thumb Code     0  libshutdown2.o(.ARM.Collect$$libshutdown$$00000007)
    __rt_lib_shutdown_heap_1                 0x080001ff   Thumb Code     0  libshutdown2.o(.ARM.Collect$$libshutdown$$0000000F)
    __rt_lib_shutdown_return                 0x080001ff   Thumb Code     0  libshutdown2.o(.ARM.Collect$$libshutdown$$00000010)
    __rt_lib_shutdown_signal_1               0x080001ff   Thumb Code     0  libshutdown2.o(.ARM.Collect$$libshutdown$$0000000A)
    __rt_lib_shutdown_stdio_1                0x080001ff   Thumb Code     0  libshutdown2.o(.ARM.Collect$$libshutdown$$00000004)
    __rt_lib_shutdown_user_alloc_1           0x080001ff   Thumb Code     0  libshutdown2.o(.ARM.Collect$$libshutdown$$0000000C)
    __rt_entry                               0x08000201   Thumb Code     0  __rtentry.o(.ARM.Collect$$rtentry$$00000000)
    __rt_entry_presh_1                       0x08000201   Thumb Code     0  __rtentry2.o(.ARM.Collect$$rtentry$$00000002)
    __rt_entry_sh                            0x08000201   Thumb Code     0  __rtentry4.o(.ARM.Collect$$rtentry$$00000004)
    __rt_entry_li                            0x08000207   Thumb Code     0  __rtentry2.o(.ARM.Collect$$rtentry$$0000000A)
    __rt_entry_postsh_1                      0x08000207   Thumb Code     0  __rtentry2.o(.ARM.Collect$$rtentry$$00000009)
    __rt_entry_main                          0x0800020b   Thumb Code     0  __rtentry2.o(.ARM.Collect$$rtentry$$0000000D)
    __rt_entry_postli_1                      0x0800020b   Thumb Code     0  __rtentry2.o(.ARM.Collect$$rtentry$$0000000C)
    __rt_exit                                0x08000213   Thumb Code     0  rtexit.o(.ARM.Collect$$rtexit$$00000000)
    __rt_exit_ls                             0x08000215   Thumb Code     0  rtexit2.o(.ARM.Collect$$rtexit$$00000003)
    __rt_exit_prels_1                        0x08000215   Thumb Code     0  rtexit2.o(.ARM.Collect$$rtexit$$00000002)
    __rt_exit_exit                           0x08000219   Thumb Code     0  rtexit2.o(.ARM.Collect$$rtexit$$00000004)
    Reset_Handler                            0x08000221   Thumb Code     8  startup_gd32f407.o(.text)
    ADC_IRQHandler                           0x0800023b   Thumb Code     0  startup_gd32f407.o(.text)
    CAN0_EWMC_IRQHandler                     0x0800023b   Thumb Code     0  startup_gd32f407.o(.text)
    CAN0_RX0_IRQHandler                      0x0800023b   Thumb Code     0  startup_gd32f407.o(.text)
    CAN0_RX1_IRQHandler                      0x0800023b   Thumb Code     0  startup_gd32f407.o(.text)
    CAN0_TX_IRQHandler                       0x0800023b   Thumb Code     0  startup_gd32f407.o(.text)
    CAN1_EWMC_IRQHandler                     0x0800023b   Thumb Code     0  startup_gd32f407.o(.text)
    CAN1_RX0_IRQHandler                      0x0800023b   Thumb Code     0  startup_gd32f407.o(.text)
    CAN1_RX1_IRQHandler                      0x0800023b   Thumb Code     0  startup_gd32f407.o(.text)
    CAN1_TX_IRQHandler                       0x0800023b   Thumb Code     0  startup_gd32f407.o(.text)
    DCI_IRQHandler                           0x0800023b   Thumb Code     0  startup_gd32f407.o(.text)
    DMA0_Channel0_IRQHandler                 0x0800023b   Thumb Code     0  startup_gd32f407.o(.text)
    DMA0_Channel1_IRQHandler                 0x0800023b   Thumb Code     0  startup_gd32f407.o(.text)
    DMA0_Channel2_IRQHandler                 0x0800023b   Thumb Code     0  startup_gd32f407.o(.text)
    DMA0_Channel3_IRQHandler                 0x0800023b   Thumb Code     0  startup_gd32f407.o(.text)
    DMA0_Channel4_IRQHandler                 0x0800023b   Thumb Code     0  startup_gd32f407.o(.text)
    DMA0_Channel5_IRQHandler                 0x0800023b   Thumb Code     0  startup_gd32f407.o(.text)
    DMA0_Channel6_IRQHandler                 0x0800023b   Thumb Code     0  startup_gd32f407.o(.text)
    DMA0_Channel7_IRQHandler                 0x0800023b   Thumb Code     0  startup_gd32f407.o(.text)
    DMA1_Channel0_IRQHandler                 0x0800023b   Thumb Code     0  startup_gd32f407.o(.text)
    DMA1_Channel1_IRQHandler                 0x0800023b   Thumb Code     0  startup_gd32f407.o(.text)
    DMA1_Channel2_IRQHandler                 0x0800023b   Thumb Code     0  startup_gd32f407.o(.text)
    DMA1_Channel3_IRQHandler                 0x0800023b   Thumb Code     0  startup_gd32f407.o(.text)
    DMA1_Channel4_IRQHandler                 0x0800023b   Thumb Code     0  startup_gd32f407.o(.text)
    DMA1_Channel5_IRQHandler                 0x0800023b   Thumb Code     0  startup_gd32f407.o(.text)
    DMA1_Channel6_IRQHandler                 0x0800023b   Thumb Code     0  startup_gd32f407.o(.text)
    ENET_IRQHandler                          0x0800023b   Thumb Code     0  startup_gd32f407.o(.text)
    ENET_WKUP_IRQHandler                     0x0800023b   Thumb Code     0  startup_gd32f407.o(.text)
    EXMC_IRQHandler                          0x0800023b   Thumb Code     0  startup_gd32f407.o(.text)
    EXTI10_15_IRQHandler                     0x0800023b   Thumb Code     0  startup_gd32f407.o(.text)
    FMC_IRQHandler                           0x0800023b   Thumb Code     0  startup_gd32f407.o(.text)
    I2C0_ER_IRQHandler                       0x0800023b   Thumb Code     0  startup_gd32f407.o(.text)
    I2C0_EV_IRQHandler                       0x0800023b   Thumb Code     0  startup_gd32f407.o(.text)
    I2C1_ER_IRQHandler                       0x0800023b   Thumb Code     0  startup_gd32f407.o(.text)
    I2C1_EV_IRQHandler                       0x0800023b   Thumb Code     0  startup_gd32f407.o(.text)
    I2C2_ER_IRQHandler                       0x0800023b   Thumb Code     0  startup_gd32f407.o(.text)
    I2C2_EV_IRQHandler                       0x0800023b   Thumb Code     0  startup_gd32f407.o(.text)
    LVD_IRQHandler                           0x0800023b   Thumb Code     0  startup_gd32f407.o(.text)
    RCU_IRQHandler                           0x0800023b   Thumb Code     0  startup_gd32f407.o(.text)
    RTC_Alarm_IRQHandler                     0x0800023b   Thumb Code     0  startup_gd32f407.o(.text)
    RTC_WKUP_IRQHandler                      0x0800023b   Thumb Code     0  startup_gd32f407.o(.text)
    SDIO_IRQHandler                          0x0800023b   Thumb Code     0  startup_gd32f407.o(.text)
    SPI0_IRQHandler                          0x0800023b   Thumb Code     0  startup_gd32f407.o(.text)
    SPI1_IRQHandler                          0x0800023b   Thumb Code     0  startup_gd32f407.o(.text)
    SPI2_IRQHandler                          0x0800023b   Thumb Code     0  startup_gd32f407.o(.text)
    TAMPER_STAMP_IRQHandler                  0x0800023b   Thumb Code     0  startup_gd32f407.o(.text)
    TIMER0_BRK_TIMER9_IRQHandler             0x0800023b   Thumb Code     0  startup_gd32f407.o(.text)
    TIMER0_Channel_IRQHandler                0x0800023b   Thumb Code     0  startup_gd32f407.o(.text)
    TIMER0_TRG_CMT_TIMER11_IRQHandler        0x0800023b   Thumb Code     0  startup_gd32f407.o(.text)
    TIMER0_UP_TIMER10_IRQHandler             0x0800023b   Thumb Code     0  startup_gd32f407.o(.text)
    TIMER1_IRQHandler                        0x0800023b   Thumb Code     0  startup_gd32f407.o(.text)
    TIMER2_IRQHandler                        0x0800023b   Thumb Code     0  startup_gd32f407.o(.text)
    TIMER3_IRQHandler                        0x0800023b   Thumb Code     0  startup_gd32f407.o(.text)
    TIMER4_IRQHandler                        0x0800023b   Thumb Code     0  startup_gd32f407.o(.text)
    TIMER5_IRQHandler                        0x0800023b   Thumb Code     0  startup_gd32f407.o(.text)
    TIMER7_BRK_TIMER12_IRQHandler            0x0800023b   Thumb Code     0  startup_gd32f407.o(.text)
    TIMER7_Channel_IRQHandler                0x0800023b   Thumb Code     0  startup_gd32f407.o(.text)
    TIMER7_TRG_CMT_TIMER14_IRQHandler        0x0800023b   Thumb Code     0  startup_gd32f407.o(.text)
    TIMER7_UP_TIMER13_IRQHandler             0x0800023b   Thumb Code     0  startup_gd32f407.o(.text)
    TRNG_IRQHandler                          0x0800023b   Thumb Code     0  startup_gd32f407.o(.text)
    UART3_IRQHandler                         0x0800023b   Thumb Code     0  startup_gd32f407.o(.text)
    UART4_IRQHandler                         0x0800023b   Thumb Code     0  startup_gd32f407.o(.text)
    USART2_IRQHandler                        0x0800023b   Thumb Code     0  startup_gd32f407.o(.text)
    USART5_IRQHandler                        0x0800023b   Thumb Code     0  startup_gd32f407.o(.text)
    USBFS_IRQHandler                         0x0800023b   Thumb Code     0  startup_gd32f407.o(.text)
    USBFS_WKUP_IRQHandler                    0x0800023b   Thumb Code     0  startup_gd32f407.o(.text)
    USBHS_EP1_In_IRQHandler                  0x0800023b   Thumb Code     0  startup_gd32f407.o(.text)
    USBHS_EP1_Out_IRQHandler                 0x0800023b   Thumb Code     0  startup_gd32f407.o(.text)
    USBHS_IRQHandler                         0x0800023b   Thumb Code     0  startup_gd32f407.o(.text)
    USBHS_WKUP_IRQHandler                    0x0800023b   Thumb Code     0  startup_gd32f407.o(.text)
    WWDGT_IRQHandler                         0x0800023b   Thumb Code     0  startup_gd32f407.o(.text)
    __user_initial_stackheap                 0x0800023d   Thumb Code     0  startup_gd32f407.o(.text)
    __use_no_semihosting                     0x08000261   Thumb Code     2  use_no_semi_2.o(.text)
    __aeabi_memcpy                           0x08000263   Thumb Code     0  rt_memcpy_v6.o(.text)
    __rt_memcpy                              0x08000263   Thumb Code   138  rt_memcpy_v6.o(.text)
    _memcpy_lastbytes                        0x080002c9   Thumb Code     0  rt_memcpy_v6.o(.text)
    __use_two_region_memory                  0x080002ed   Thumb Code     2  heapauxi.o(.text)
    __rt_heap_escrow$2region                 0x080002ef   Thumb Code     2  heapauxi.o(.text)
    __rt_heap_expand$2region                 0x080002f1   Thumb Code     2  heapauxi.o(.text)
    setjmp                                   0x080002f3   Thumb Code    42  setjmp.o(.text)
    longjmp                                  0x0800031d   Thumb Code    56  setjmp.o(.text)
    __I$use$semihosting                      0x08000355   Thumb Code     0  use_no_semi.o(.text)
    __use_no_semihosting_swi                 0x08000355   Thumb Code     2  use_no_semi.o(.text)
    __aeabi_memcpy4                          0x08000357   Thumb Code     0  rt_memcpy_w.o(.text)
    __aeabi_memcpy8                          0x08000357   Thumb Code     0  rt_memcpy_w.o(.text)
    __rt_memcpy_w                            0x08000357   Thumb Code   100  rt_memcpy_w.o(.text)
    _memcpy_lastbytes_aligned                0x0800039f   Thumb Code     0  rt_memcpy_w.o(.text)
    __user_setup_stackheap                   0x080003bb   Thumb Code    74  sys_stackheap_outer.o(.text)
    exit                                     0x08000405   Thumb Code    18  exit.o(.text)
    __user_libspace                          0x08000419   Thumb Code     8  libspace.o(.text)
    __user_perproc_libspace                  0x08000419   Thumb Code     0  libspace.o(.text)
    __user_perthread_libspace                0x08000419   Thumb Code     0  libspace.o(.text)
    BLL_Abort_Mission                        0x08000421   Thumb Code    36  bll_main.o(i.BLL_Abort_Mission)
    BLL_BackZero_ClearFlag                   0x0800044d   Thumb Code     8  bll_backzero.o(i.BLL_BackZero_ClearFlag)
    BLL_BackZero_Execute                     0x08000459   Thumb Code    56  bll_backzero.o(i.BLL_BackZero_Execute)
    BLL_ClearFailure                         0x080004a5   Thumb Code    22  bll_main.o(i.BLL_ClearFailure)
    BLL_ClearFinishFlag                      0x080004c5   Thumb Code    18  bll_main.o(i.BLL_ClearFinishFlag)
    BLL_EEPROM_ClearFlag                     0x080004e1   Thumb Code     8  bll_eeprom.o(i.BLL_EEPROM_ClearFlag)
    BLL_EEPROM_Execute                       0x080004ed   Thumb Code    34  bll_eeprom.o(i.BLL_EEPROM_Execute)
    BLL_Execute_Mission                      0x08000515   Thumb Code    80  bll_main.o(i.BLL_Execute_Mission)
    BLL_Init_All                             0x0800056d   Thumb Code    96  bll_main.o(i.BLL_Init_All)
    BLL_Motor_AD_AbsoluteMove                0x080005d5   Thumb Code    66  bll_adapter.o(i.BLL_Motor_AD_AbsoluteMove)
    BLL_Motor_AD_Get_Position                0x08000625   Thumb Code    68  bll_adapter.o(i.BLL_Motor_AD_Get_Position)
    BLL_Motor_AD_RelativeMove                0x0800067d   Thumb Code    54  bll_adapter.o(i.BLL_Motor_AD_RelativeMove)
    BLL_Motor_Mission                        0x080006b5   Thumb Code   192  bll_main.o(i.BLL_Motor_Mission)
    BLL_Soft_Reset                           0x08000791   Thumb Code    30  bll_main.o(i.BLL_Soft_Reset)
    BLL_Stop_Mission                         0x080007b9   Thumb Code    34  bll_main.o(i.BLL_Stop_Mission)
    BLL_ToCase_ClearFlag                     0x080007e5   Thumb Code     8  bll_tocase.o(i.BLL_ToCase_ClearFlag)
    BLL_ToCase_Execute                       0x080007f1   Thumb Code  2032  bll_tocase.o(i.BLL_ToCase_Execute)
    BLL_Update                               0x08000ffd   Thumb Code    18  bll_main.o(i.BLL_Update)
    BackZero                                 0x08001015   Thumb Code   106  bll_backzero.o(i.BackZero)
    Brake                                    0x080010a9   Thumb Code    10  bll_motor.o(i.Brake)
    BusFault_Handler                         0x080010b3   Thumb Code     2  gd32f4xx_it.o(i.BusFault_Handler)
    Calculate_CRC                            0x080010b5   Thumb Code    50  modbus_master.o(i.Calculate_CRC)
    Check_LimitTriggered                     0x080011b9   Thumb Code    42  bll_adapter.o(i.Check_LimitTriggered)
    Check_Status                             0x080011e9   Thumb Code    30  bll_motor.o(i.Check_Status)
    DMA1_Channel7_IRQHandler                 0x08001241   Thumb Code    54  usart.o(i.DMA1_Channel7_IRQHandler)
    DebugMon_Handler                         0x08001281   Thumb Code     2  gd32f4xx_it.o(i.DebugMon_Handler)
    Delay_Timer_Init                         0x08001285   Thumb Code    66  timer.o(i.Delay_Timer_Init)
    Dispatcher_Tim_Init                      0x080012cd   Thumb Code    90  timer.o(i.Dispatcher_Tim_Init)
    EStop_INT_HANDLER                        0x0800132d   Thumb Code    52  bll_adapter.o(i.EStop_INT_HANDLER)
    EXTI0_IRQHandler                         0x08001369   Thumb Code    24  exti.o(i.EXTI0_IRQHandler)
    EXTI1_IRQHandler                         0x08001381   Thumb Code    24  exti.o(i.EXTI1_IRQHandler)
    EXTI2_IRQHandler                         0x08001399   Thumb Code    28  exti.o(i.EXTI2_IRQHandler)
    EXTI3_IRQHandler                         0x080013b5   Thumb Code    28  exti.o(i.EXTI3_IRQHandler)
    EXTI4_IRQHandler                         0x080013d1   Thumb Code    28  exti.o(i.EXTI4_IRQHandler)
    EXTI5_9_IRQHandler                       0x080013ed   Thumb Code   108  exti.o(i.EXTI5_9_IRQHandler)
    FUN_MOTOR_ABORT                          0x08001459   Thumb Code     6  bll_adapter.o(i.FUN_MOTOR_ABORT)
    FUN_MOTOR_STOP                           0x0800145f   Thumb Code     6  bll_adapter.o(i.FUN_MOTOR_STOP)
    GPIO_Config                              0x08001465   Thumb Code   216  gpio.o(i.GPIO_Config)
    Get_Encoder_Number                       0x08001545   Thumb Code    32  bll_motor.o(i.Get_Encoder_Number)
    Get_Turn_Number                          0x080015b5   Thumb Code    32  bll_motor.o(i.Get_Turn_Number)
    HardFault_Handler                        0x080015dd   Thumb Code     2  gd32f4xx_it.o(i.HardFault_Handler)
    Master_Set_Timeout                       0x080015e1   Thumb Code     8  modbus_master.o(i.Master_Set_Timeout)
    Master_USART_Init                        0x080015ed   Thumb Code   192  usart.o(i.Master_USART_Init)
    MemManage_Handler                        0x080016b5   Thumb Code     2  gd32f4xx_it.o(i.MemManage_Handler)
    ModBusRecByte                            0x080016b9   Thumb Code    78  modbus_slave.o(i.ModBusRecByte)
    Modbus_Master_Receive                    0x08001715   Thumb Code    80  modbus_master.o(i.Modbus_Master_Receive)
    Modbus_Master_SendUART                   0x08001771   Thumb Code    90  modbus_master.o(i.Modbus_Master_SendUART)
    Modbus_Master_Timer_Init                 0x080017d1   Thumb Code    90  timer.o(i.Modbus_Master_Timer_Init)
    Modbus_ResetToIdle                       0x08001831   Thumb Code     8  modbus_slave.o(i.Modbus_ResetToIdle)
    Modbus_Slave_Timer_Init                  0x0800183d   Thumb Code    96  timer.o(i.Modbus_Slave_Timer_Init)
    MyDelay                                  0x080018a1   Thumb Code    18  bll_tocase.o(i.MyDelay)
    NMI_Handler                              0x080018b9   Thumb Code     2  gd32f4xx_it.o(i.NMI_Handler)
    NVIC_Config                              0x080018bf   Thumb Code   198  exti.o(i.NVIC_Config)
    PendSV_Handler                           0x08001985   Thumb Code     2  gd32f4xx_it.o(i.PendSV_Handler)
    Position_Mode_Set_Acce                   0x08001987   Thumb Code    10  bll_motor.o(i.Position_Mode_Set_Acce)
    Position_Mode_Set_Dece                   0x08001991   Thumb Code    10  bll_motor.o(i.Position_Mode_Set_Dece)
    Position_Mode_Set_Speed                  0x0800199b   Thumb Code    10  bll_motor.o(i.Position_Mode_Set_Speed)
    Read_Switch                              0x080019a5   Thumb Code    86  gpio.o(i.Read_Switch)
    Ready_Brake                              0x08001a05   Thumb Code    10  bll_motor.o(i.Ready_Brake)
    Ready_Run                                0x08001a0f   Thumb Code    10  bll_motor.o(i.Ready_Run)
    Run                                      0x08001a19   Thumb Code    10  bll_motor.o(i.Run)
    SVC_Handler                              0x08001a23   Thumb Code     2  gd32f4xx_it.o(i.SVC_Handler)
    SWTICH1_INT_HANDLER                      0x08001a25   Thumb Code   108  bll_tocase.o(i.SWTICH1_INT_HANDLER)
    SWTICH2_INT_HANDLER                      0x08001a99   Thumb Code   106  bll_tocase.o(i.SWTICH2_INT_HANDLER)
    SWTICH3_INT_HANDLER                      0x08001b0d   Thumb Code    70  bll_tocase.o(i.SWTICH3_INT_HANDLER)
    SWTICH4_INT_HANDLER                      0x08001b5d   Thumb Code    74  bll_tocase.o(i.SWTICH4_INT_HANDLER)
    SWTICH5_INT_HANDLER                      0x08001bb1   Thumb Code    54  bll_backzero.o(i.SWTICH5_INT_HANDLER)
    Send_Func03_Data                         0x08001bf9   Thumb Code   158  modbus_master.o(i.Send_Func03_Data)
    Send_Func06_Data                         0x08001ca9   Thumb Code   126  modbus_master.o(i.Send_Func06_Data)
    Send_Func10_Data                         0x08001d39   Thumb Code   152  modbus_master.o(i.Send_Func10_Data)
    Set_Position                             0x08001de1   Thumb Code    10  bll_motor.o(i.Set_Position)
    Slave_USART_Init                         0x08001ded   Thumb Code   202  usart.o(i.Slave_USART_Init)
    SysTick_Handler                          0x08001ec1   Thumb Code     2  gd32f4xx_it.o(i.SysTick_Handler)
    SystemInit                               0x08001ec5   Thumb Code   122  system_gd32f4xx.o(i.SystemInit)
    TIMER6_IRQHandler                        0x08001f51   Thumb Code    40  timer.o(i.TIMER6_IRQHandler)
    USART0_IRQHandler                        0x08001f7d   Thumb Code    44  usart.o(i.USART0_IRQHandler)
    USART1_IRQHandler                        0x08001fb1   Thumb Code    44  usart.o(i.USART1_IRQHandler)
    USART1_Tx_InitDMA                        0x08001fe5   Thumb Code    98  usart.o(i.USART1_Tx_InitDMA)
    UsageFault_Handler                       0x08002055   Thumb Code     2  gd32f4xx_it.o(i.UsageFault_Handler)
    _sys_exit                                0x080021d5   Thumb Code     2  usart.o(i._sys_exit)
    delay_init                               0x080021d9   Thumb Code    46  delay.o(i.delay_init)
    delay_ms                                 0x0800220d   Thumb Code    52  delay.o(i.delay_ms)
    delay_us                                 0x08002241   Thumb Code    46  delay.o(i.delay_us)
    delay_xms                                0x08002275   Thumb Code    46  delay.o(i.delay_xms)
    dma_deinit                               0x080022a9   Thumb Code    88  gd32f4xx_dma.o(i.dma_deinit)
    dma_flag_clear                           0x08002301   Thumb Code    54  gd32f4xx_dma.o(i.dma_flag_clear)
    dma_interrupt_enable                     0x08002337   Thumb Code    30  gd32f4xx_dma.o(i.dma_interrupt_enable)
    dma_interrupt_flag_clear                 0x08002355   Thumb Code    54  gd32f4xx_dma.o(i.dma_interrupt_flag_clear)
    dma_interrupt_flag_get                   0x0800238b   Thumb Code   224  gd32f4xx_dma.o(i.dma_interrupt_flag_get)
    dma_single_data_mode_init                0x0800246d   Thumb Code   128  gd32f4xx_dma.o(i.dma_single_data_mode_init)
    exti_flag_clear                          0x080024f1   Thumb Code     6  gd32f4xx_exti.o(i.exti_flag_clear)
    exti_flag_get                            0x080024fd   Thumb Code    16  gd32f4xx_exti.o(i.exti_flag_get)
    exti_init                                0x08002511   Thumb Code    98  gd32f4xx_exti.o(i.exti_init)
    exti_interrupt_flag_clear                0x08002579   Thumb Code     6  gd32f4xx_exti.o(i.exti_interrupt_flag_clear)
    exti_interrupt_flag_get                  0x08002585   Thumb Code    16  gd32f4xx_exti.o(i.exti_interrupt_flag_get)
    gpio_af_set                              0x08002599   Thumb Code   100  gd32f4xx_gpio.o(i.gpio_af_set)
    gpio_mode_set                            0x080025fd   Thumb Code    68  gd32f4xx_gpio.o(i.gpio_mode_set)
    gpio_output_options_set                  0x08002641   Thumb Code    64  gd32f4xx_gpio.o(i.gpio_output_options_set)
    main                                     0x08002681   Thumb Code    32  main.o(i.main)
    nvic_irq_enable                          0x080026a5   Thumb Code   144  gd32f4xx_misc.o(i.nvic_irq_enable)
    nvic_priority_group_set                  0x08002739   Thumb Code    10  gd32f4xx_misc.o(i.nvic_priority_group_set)
    rcu_clock_freq_get                       0x0800274d   Thumb Code   188  gd32f4xx_rcu.o(i.rcu_clock_freq_get)
    rcu_periph_clock_enable                  0x08002825   Thumb Code    26  gd32f4xx_rcu.o(i.rcu_periph_clock_enable)
    rcu_periph_reset_disable                 0x08002845   Thumb Code    26  gd32f4xx_rcu.o(i.rcu_periph_reset_disable)
    rcu_periph_reset_enable                  0x08002865   Thumb Code    26  gd32f4xx_rcu.o(i.rcu_periph_reset_enable)
    syscfg_exti_line_config                  0x08002885   Thumb Code    62  gd32f4xx_syscfg.o(i.syscfg_exti_line_config)
    timer_counter_value_config               0x08002971   Thumb Code     4  gd32f4xx_timer.o(i.timer_counter_value_config)
    timer_deinit                             0x08002975   Thumb Code   190  gd32f4xx_timer.o(i.timer_deinit)
    timer_disable                            0x08002a41   Thumb Code    10  gd32f4xx_timer.o(i.timer_disable)
    timer_enable                             0x08002a4b   Thumb Code    10  gd32f4xx_timer.o(i.timer_enable)
    timer_init                               0x08002a55   Thumb Code   120  gd32f4xx_timer.o(i.timer_init)
    timer_interrupt_enable                   0x08002ae9   Thumb Code     8  gd32f4xx_timer.o(i.timer_interrupt_enable)
    timer_interrupt_flag_clear               0x08002af1   Thumb Code     6  gd32f4xx_timer.o(i.timer_interrupt_flag_clear)
    timer_interrupt_flag_get                 0x08002af7   Thumb Code    20  gd32f4xx_timer.o(i.timer_interrupt_flag_get)
    usart_baudrate_set                       0x08002b0d   Thumb Code   124  gd32f4xx_usart.o(i.usart_baudrate_set)
    usart_data_receive                       0x08002b91   Thumb Code     8  gd32f4xx_usart.o(i.usart_data_receive)
    usart_data_transmit                      0x08002b99   Thumb Code     8  gd32f4xx_usart.o(i.usart_data_transmit)
    usart_deinit                             0x08002ba1   Thumb Code   116  gd32f4xx_usart.o(i.usart_deinit)
    usart_dma_transmit_config                0x08002c1d   Thumb Code    20  gd32f4xx_usart.o(i.usart_dma_transmit_config)
    usart_enable                             0x08002c31   Thumb Code    10  gd32f4xx_usart.o(i.usart_enable)
    usart_flag_clear                         0x08002c3b   Thumb Code    34  gd32f4xx_usart.o(i.usart_flag_clear)
    usart_flag_get                           0x08002c5d   Thumb Code    22  gd32f4xx_usart.o(i.usart_flag_get)
    usart_hardware_flow_cts_config           0x08002c73   Thumb Code    20  gd32f4xx_usart.o(i.usart_hardware_flow_cts_config)
    usart_hardware_flow_rts_config           0x08002c87   Thumb Code    20  gd32f4xx_usart.o(i.usart_hardware_flow_rts_config)
    usart_interrupt_enable                   0x08002c9b   Thumb Code    20  gd32f4xx_usart.o(i.usart_interrupt_enable)
    usart_interrupt_flag_clear               0x08002caf   Thumb Code    20  gd32f4xx_usart.o(i.usart_interrupt_flag_clear)
    usart_interrupt_flag_get                 0x08002cc3   Thumb Code    46  gd32f4xx_usart.o(i.usart_interrupt_flag_get)
    usart_parity_config                      0x08002cf1   Thumb Code    16  gd32f4xx_usart.o(i.usart_parity_config)
    usart_receive_config                     0x08002d01   Thumb Code    12  gd32f4xx_usart.o(i.usart_receive_config)
    usart_stop_bit_set                       0x08002d0d   Thumb Code    16  gd32f4xx_usart.o(i.usart_stop_bit_set)
    usart_transmit_config                    0x08002d1d   Thumb Code    12  gd32f4xx_usart.o(i.usart_transmit_config)
    usart_word_length_set                    0x08002d29   Thumb Code    16  gd32f4xx_usart.o(i.usart_word_length_set)
    __aeabi_dadd                             0x08002d39   Thumb Code     0  daddsub_clz.o(x$fpl$dadd)
    _dadd                                    0x08002d39   Thumb Code   332  daddsub_clz.o(x$fpl$dadd)
    __aeabi_d2iz                             0x08002e89   Thumb Code     0  dfix.o(x$fpl$dfix)
    _dfix                                    0x08002e89   Thumb Code    94  dfix.o(x$fpl$dfix)
    __aeabi_i2d                              0x08002ee7   Thumb Code     0  dflt_clz.o(x$fpl$dflt)
    _dflt                                    0x08002ee7   Thumb Code    46  dflt_clz.o(x$fpl$dflt)
    __aeabi_ui2d                             0x08002f15   Thumb Code     0  dflt_clz.o(x$fpl$dfltu)
    _dfltu                                   0x08002f15   Thumb Code    38  dflt_clz.o(x$fpl$dfltu)
    __aeabi_dmul                             0x08002f3d   Thumb Code     0  dmul.o(x$fpl$dmul)
    _dmul                                    0x08002f3d   Thumb Code   332  dmul.o(x$fpl$dmul)
    __fpl_dnaninf                            0x08003091   Thumb Code   156  dnaninf.o(x$fpl$dnaninf)
    __fpl_dretinf                            0x0800312d   Thumb Code    12  dretinf.o(x$fpl$dretinf)
    __aeabi_dsub                             0x08003139   Thumb Code     0  daddsub_clz.o(x$fpl$dsub)
    _dsub                                    0x08003139   Thumb Code   464  daddsub_clz.o(x$fpl$dsub)
    _fp_init                                 0x0800330d   Thumb Code    10  fpinit.o(x$fpl$fpinit)
    __fplib_config_fpu_vfp                   0x08003315   Thumb Code     0  fpinit.o(x$fpl$fpinit)
    __fplib_config_pureend_doubles           0x08003315   Thumb Code     0  fpinit.o(x$fpl$fpinit)
    __I$use$fp                               0x08003316   Number         0  usenofp.o(x$fpl$usenofp)
    Region$$Table$$Base                      0x0800332c   Number         0  anon$$obj.o(Region$$Table)
    Region$$Table$$Limit                     0x0800334c   Number         0  anon$$obj.o(Region$$Table)
    __last_error_code                        0x20000000   Data           4  main.o(.data)
    MOTOR_ADDRESS                            0x20000004   Data           1  main.o(.data)
    IsJumpIAP                                0x20000005   Data           1  main.o(.data)
    Current_Trigger                          0x2000000c   Data           1  bll_main.o(.data)
    app_addr                                 0x20000010   Data           4  bll_main.o(.data)
    jump_to_app                              0x20000014   Data           4  bll_main.o(.data)
    is_modbus_error                          0x20000018   Data           1  bll_motor.o(.data)
    Limit_Triggered                          0x20000024   Data           1  bll_adapter.o(.data)
    zero_turn_num                            0x20000028   Data           4  bll_adapter.o(.data)
    zero_encoder_num                         0x2000002c   Data           4  bll_adapter.o(.data)
    position_current                         0x20000030   Data           4  bll_adapter.o(.data)
    wait_zero_flag                           0x20000035   Data           1  bll_backzero.o(.data)
    zero_trigger_flag                        0x20000036   Data           1  bll_backzero.o(.data)
    zero_trigger_time                        0x20000038   Data           4  bll_backzero.o(.data)
    running_flag                             0x20000041   Data           1  bll_tocase.o(.data)
    has_zero_flag                            0x20000042   Data           1  bll_tocase.o(.data)
    last_target                              0x20000043   Data           1  bll_tocase.o(.data)
    swtich4_count                            0x20000044   Data           1  bll_tocase.o(.data)
    counter_dir                              0x20000045   Data           1  bll_tocase.o(.data)
    special_case                             0x2000004b   Data           1  bll_tocase.o(.data)
    Master_State                             0x20000062   Data           1  modbus_master.o(.data)
    Reg_4x_0                                 0x2000006a   Data          20  modbus_save_data.o(.data)
    __j_exception_buff                       0x20000080   Data         160  main.o(.bss)
    ParamShadow                              0x20000220   Data          22  bll_main.o(.bss)
    Master_Receive_Buff                      0x20000236   Data         200  modbus_master.o(.bss)
    Reg_4x_2                                 0x200006fe   Data          14  modbus_save_data.o(.bss)
    Reg_4x_4                                 0x2000070c   Data          26  modbus_save_data.o(.bss)
    __libspace_start                         0x20000728   Data          96  libspace.o(.bss)
    __temporary_stack_top$libspace           0x20000788   Data           0  libspace.o(.bss)



==============================================================================

Memory Map of the image

  Image Entry point : 0x08000221

  Load Region LR_1 (Base: 0x08000000, Size: 0x000033cc, Max: 0xffffffff, ABSOLUTE)

    Execution Region ER_RO (Exec base: 0x08000000, Load base: 0x08000000, Size: 0x0000334c, Max: 0xffffffff, ABSOLUTE)

    Exec Addr    Load Addr    Size         Type   Attr      Idx    E Section Name        Object

    0x08000000   0x08000000   0x00000180   Data   RO          294    RESET               startup_gd32f407.o
    0x08000180   0x08000180   0x00000008   Code   RO         3479  * !!!main             c_w.l(__main.o)
    0x08000188   0x08000188   0x00000034   Code   RO         3663    !!!scatter          c_w.l(__scatter.o)
    0x080001bc   0x080001bc   0x0000001a   Code   RO         3665    !!handler_copy      c_w.l(__scatter_copy.o)
    0x080001d6   0x080001d6   0x00000002   PAD
    0x080001d8   0x080001d8   0x0000001c   Code   RO         3667    !!handler_zi        c_w.l(__scatter_zi.o)
    0x080001f4   0x080001f4   0x00000002   Code   RO         3537    .ARM.Collect$$libinit$$00000000  c_w.l(libinit.o)
    0x080001f6   0x080001f6   0x00000004   Code   RO         3543    .ARM.Collect$$libinit$$00000001  c_w.l(libinit2.o)
    0x080001fa   0x080001fa   0x00000000   Code   RO         3546    .ARM.Collect$$libinit$$00000004  c_w.l(libinit2.o)
    0x080001fa   0x080001fa   0x00000000   Code   RO         3549    .ARM.Collect$$libinit$$0000000A  c_w.l(libinit2.o)
    0x080001fa   0x080001fa   0x00000000   Code   RO         3551    .ARM.Collect$$libinit$$0000000C  c_w.l(libinit2.o)
    0x080001fa   0x080001fa   0x00000000   Code   RO         3553    .ARM.Collect$$libinit$$0000000E  c_w.l(libinit2.o)
    0x080001fa   0x080001fa   0x00000000   Code   RO         3556    .ARM.Collect$$libinit$$00000011  c_w.l(libinit2.o)
    0x080001fa   0x080001fa   0x00000000   Code   RO         3558    .ARM.Collect$$libinit$$00000013  c_w.l(libinit2.o)
    0x080001fa   0x080001fa   0x00000000   Code   RO         3560    .ARM.Collect$$libinit$$00000015  c_w.l(libinit2.o)
    0x080001fa   0x080001fa   0x00000000   Code   RO         3562    .ARM.Collect$$libinit$$00000017  c_w.l(libinit2.o)
    0x080001fa   0x080001fa   0x00000000   Code   RO         3564    .ARM.Collect$$libinit$$00000019  c_w.l(libinit2.o)
    0x080001fa   0x080001fa   0x00000000   Code   RO         3566    .ARM.Collect$$libinit$$0000001B  c_w.l(libinit2.o)
    0x080001fa   0x080001fa   0x00000000   Code   RO         3568    .ARM.Collect$$libinit$$0000001D  c_w.l(libinit2.o)
    0x080001fa   0x080001fa   0x00000000   Code   RO         3570    .ARM.Collect$$libinit$$0000001F  c_w.l(libinit2.o)
    0x080001fa   0x080001fa   0x00000000   Code   RO         3572    .ARM.Collect$$libinit$$00000021  c_w.l(libinit2.o)
    0x080001fa   0x080001fa   0x00000000   Code   RO         3574    .ARM.Collect$$libinit$$00000023  c_w.l(libinit2.o)
    0x080001fa   0x080001fa   0x00000000   Code   RO         3576    .ARM.Collect$$libinit$$00000025  c_w.l(libinit2.o)
    0x080001fa   0x080001fa   0x00000000   Code   RO         3580    .ARM.Collect$$libinit$$0000002C  c_w.l(libinit2.o)
    0x080001fa   0x080001fa   0x00000000   Code   RO         3582    .ARM.Collect$$libinit$$0000002E  c_w.l(libinit2.o)
    0x080001fa   0x080001fa   0x00000000   Code   RO         3584    .ARM.Collect$$libinit$$00000030  c_w.l(libinit2.o)
    0x080001fa   0x080001fa   0x00000000   Code   RO         3586    .ARM.Collect$$libinit$$00000032  c_w.l(libinit2.o)
    0x080001fa   0x080001fa   0x00000002   Code   RO         3587    .ARM.Collect$$libinit$$00000033  c_w.l(libinit2.o)
    0x080001fc   0x080001fc   0x00000002   Code   RO         3605    .ARM.Collect$$libshutdown$$00000000  c_w.l(libshutdown.o)
    0x080001fe   0x080001fe   0x00000000   Code   RO         3615    .ARM.Collect$$libshutdown$$00000002  c_w.l(libshutdown2.o)
    0x080001fe   0x080001fe   0x00000000   Code   RO         3617    .ARM.Collect$$libshutdown$$00000004  c_w.l(libshutdown2.o)
    0x080001fe   0x080001fe   0x00000000   Code   RO         3620    .ARM.Collect$$libshutdown$$00000007  c_w.l(libshutdown2.o)
    0x080001fe   0x080001fe   0x00000000   Code   RO         3623    .ARM.Collect$$libshutdown$$0000000A  c_w.l(libshutdown2.o)
    0x080001fe   0x080001fe   0x00000000   Code   RO         3625    .ARM.Collect$$libshutdown$$0000000C  c_w.l(libshutdown2.o)
    0x080001fe   0x080001fe   0x00000000   Code   RO         3628    .ARM.Collect$$libshutdown$$0000000F  c_w.l(libshutdown2.o)
    0x080001fe   0x080001fe   0x00000002   Code   RO         3629    .ARM.Collect$$libshutdown$$00000010  c_w.l(libshutdown2.o)
    0x08000200   0x08000200   0x00000000   Code   RO         3503    .ARM.Collect$$rtentry$$00000000  c_w.l(__rtentry.o)
    0x08000200   0x08000200   0x00000000   Code   RO         3514    .ARM.Collect$$rtentry$$00000002  c_w.l(__rtentry2.o)
    0x08000200   0x08000200   0x00000006   Code   RO         3526    .ARM.Collect$$rtentry$$00000004  c_w.l(__rtentry4.o)
    0x08000206   0x08000206   0x00000000   Code   RO         3516    .ARM.Collect$$rtentry$$00000009  c_w.l(__rtentry2.o)
    0x08000206   0x08000206   0x00000004   Code   RO         3517    .ARM.Collect$$rtentry$$0000000A  c_w.l(__rtentry2.o)
    0x0800020a   0x0800020a   0x00000000   Code   RO         3519    .ARM.Collect$$rtentry$$0000000C  c_w.l(__rtentry2.o)
    0x0800020a   0x0800020a   0x00000008   Code   RO         3520    .ARM.Collect$$rtentry$$0000000D  c_w.l(__rtentry2.o)
    0x08000212   0x08000212   0x00000002   Code   RO         3541    .ARM.Collect$$rtexit$$00000000  c_w.l(rtexit.o)
    0x08000214   0x08000214   0x00000000   Code   RO         3589    .ARM.Collect$$rtexit$$00000002  c_w.l(rtexit2.o)
    0x08000214   0x08000214   0x00000004   Code   RO         3590    .ARM.Collect$$rtexit$$00000003  c_w.l(rtexit2.o)
    0x08000218   0x08000218   0x00000006   Code   RO         3591    .ARM.Collect$$rtexit$$00000004  c_w.l(rtexit2.o)
    0x0800021e   0x0800021e   0x00000002   PAD
    0x08000220   0x08000220   0x00000040   Code   RO          295  * .text               startup_gd32f407.o
    0x08000260   0x08000260   0x00000002   Code   RO         3471    .text               c_w.l(use_no_semi_2.o)
    0x08000262   0x08000262   0x0000008a   Code   RO         3473    .text               c_w.l(rt_memcpy_v6.o)
    0x080002ec   0x080002ec   0x00000006   Code   RO         3477    .text               c_w.l(heapauxi.o)
    0x080002f2   0x080002f2   0x00000062   Code   RO         3499    .text               fz_wm.l(setjmp.o)
    0x08000354   0x08000354   0x00000002   Code   RO         3501    .text               c_w.l(use_no_semi.o)
    0x08000356   0x08000356   0x00000064   Code   RO         3504    .text               c_w.l(rt_memcpy_w.o)
    0x080003ba   0x080003ba   0x0000004a   Code   RO         3528    .text               c_w.l(sys_stackheap_outer.o)
    0x08000404   0x08000404   0x00000012   Code   RO         3530    .text               c_w.l(exit.o)
    0x08000416   0x08000416   0x00000002   PAD
    0x08000418   0x08000418   0x00000008   Code   RO         3538    .text               c_w.l(libspace.o)
    0x08000420   0x08000420   0x0000002c   Code   RO         2805    i.BLL_Abort_Mission  bll_main.o
    0x0800044c   0x0800044c   0x0000000c   Code   RO         3116    i.BLL_BackZero_ClearFlag  bll_backzero.o
    0x08000458   0x08000458   0x0000004c   Code   RO         3117    i.BLL_BackZero_Execute  bll_backzero.o
    0x080004a4   0x080004a4   0x00000020   Code   RO         2806    i.BLL_ClearFailure  bll_main.o
    0x080004c4   0x080004c4   0x0000001c   Code   RO         2807    i.BLL_ClearFinishFlag  bll_main.o
    0x080004e0   0x080004e0   0x0000000c   Code   RO         3175    i.BLL_EEPROM_ClearFlag  bll_eeprom.o
    0x080004ec   0x080004ec   0x00000028   Code   RO         3176    i.BLL_EEPROM_Execute  bll_eeprom.o
    0x08000514   0x08000514   0x00000058   Code   RO         2808    i.BLL_Execute_Mission  bll_main.o
    0x0800056c   0x0800056c   0x00000068   Code   RO         2809    i.BLL_Init_All      bll_main.o
    0x080005d4   0x080005d4   0x00000050   Code   RO         3031    i.BLL_Motor_AD_AbsoluteMove  bll_adapter.o
    0x08000624   0x08000624   0x00000058   Code   RO         3032    i.BLL_Motor_AD_Get_Position  bll_adapter.o
    0x0800067c   0x0800067c   0x00000036   Code   RO         3033    i.BLL_Motor_AD_RelativeMove  bll_adapter.o
    0x080006b2   0x080006b2   0x00000002   PAD
    0x080006b4   0x080006b4   0x000000dc   Code   RO         2810    i.BLL_Motor_Mission  bll_main.o
    0x08000790   0x08000790   0x00000028   Code   RO         2812    i.BLL_Soft_Reset    bll_main.o
    0x080007b8   0x080007b8   0x0000002c   Code   RO         2813    i.BLL_Stop_Mission  bll_main.o
    0x080007e4   0x080007e4   0x0000000c   Code   RO         3203    i.BLL_ToCase_ClearFlag  bll_tocase.o
    0x080007f0   0x080007f0   0x0000080c   Code   RO         3204    i.BLL_ToCase_Execute  bll_tocase.o
    0x08000ffc   0x08000ffc   0x00000018   Code   RO         2814    i.BLL_Update        bll_main.o
    0x08001014   0x08001014   0x00000094   Code   RO         3118    i.BackZero          bll_backzero.o
    0x080010a8   0x080010a8   0x0000000a   Code   RO         2907    i.Brake             bll_motor.o
    0x080010b2   0x080010b2   0x00000002   Code   RO          186    i.BusFault_Handler  gd32f4xx_it.o
    0x080010b4   0x080010b4   0x00000032   Code   RO         3285    i.Calculate_CRC     modbus_master.o
    0x080010e6   0x080010e6   0x00000002   PAD
    0x080010e8   0x080010e8   0x000000d0   Code   RO         3205    i.CaseSlowMove      bll_tocase.o
    0x080011b8   0x080011b8   0x00000030   Code   RO         3035    i.Check_LimitTriggered  bll_adapter.o
    0x080011e8   0x080011e8   0x00000028   Code   RO         2909    i.Check_Status      bll_motor.o
    0x08001210   0x08001210   0x0000001c   Code   RO         2910    i.Check_Status_Cb   bll_motor.o
    0x0800122c   0x0800122c   0x00000014   Code   RO         3206    i.Clear_Manual_Flags  bll_tocase.o
    0x08001240   0x08001240   0x00000040   Code   RO         2254    i.DMA1_Channel7_IRQHandler  usart.o
    0x08001280   0x08001280   0x00000002   Code   RO          187    i.DebugMon_Handler  gd32f4xx_it.o
    0x08001282   0x08001282   0x00000002   PAD
    0x08001284   0x08001284   0x00000048   Code   RO         2361    i.Delay_Timer_Init  timer.o
    0x080012cc   0x080012cc   0x00000060   Code   RO         2362    i.Dispatcher_Tim_Init  timer.o
    0x0800132c   0x0800132c   0x0000003c   Code   RO         3036    i.EStop_INT_HANDLER  bll_adapter.o
    0x08001368   0x08001368   0x00000018   Code   RO         2420    i.EXTI0_IRQHandler  exti.o
    0x08001380   0x08001380   0x00000018   Code   RO         2421    i.EXTI1_IRQHandler  exti.o
    0x08001398   0x08001398   0x0000001c   Code   RO         2422    i.EXTI2_IRQHandler  exti.o
    0x080013b4   0x080013b4   0x0000001c   Code   RO         2423    i.EXTI3_IRQHandler  exti.o
    0x080013d0   0x080013d0   0x0000001c   Code   RO         2424    i.EXTI4_IRQHandler  exti.o
    0x080013ec   0x080013ec   0x0000006c   Code   RO         2425    i.EXTI5_9_IRQHandler  exti.o
    0x08001458   0x08001458   0x00000006   Code   RO         3037    i.FUN_MOTOR_ABORT   bll_adapter.o
    0x0800145e   0x0800145e   0x00000006   Code   RO         3038    i.FUN_MOTOR_STOP    bll_adapter.o
    0x08001464   0x08001464   0x000000e0   Code   RO         2227    i.GPIO_Config       gpio.o
    0x08001544   0x08001544   0x00000028   Code   RO         2911    i.Get_Encoder_Number  bll_motor.o
    0x0800156c   0x0800156c   0x00000024   Code   RO         2912    i.Get_Position_Cb   bll_motor.o
    0x08001590   0x08001590   0x00000024   Code   RO         2913    i.Get_Turn_Cb       bll_motor.o
    0x080015b4   0x080015b4   0x00000028   Code   RO         2914    i.Get_Turn_Number   bll_motor.o
    0x080015dc   0x080015dc   0x00000002   Code   RO          188    i.HardFault_Handler  gd32f4xx_it.o
    0x080015de   0x080015de   0x00000002   PAD
    0x080015e0   0x080015e0   0x0000000c   Code   RO         3287    i.Master_Set_Timeout  modbus_master.o
    0x080015ec   0x080015ec   0x000000c8   Code   RO         2255    i.Master_USART_Init  usart.o
    0x080016b4   0x080016b4   0x00000002   Code   RO          189    i.MemManage_Handler  gd32f4xx_it.o
    0x080016b6   0x080016b6   0x00000002   PAD
    0x080016b8   0x080016b8   0x0000005c   Code   RO         3362    i.ModBusRecByte     modbus_slave.o
    0x08001714   0x08001714   0x0000005c   Code   RO         3288    i.Modbus_Master_Receive  modbus_master.o
    0x08001770   0x08001770   0x00000060   Code   RO         3289    i.Modbus_Master_SendUART  modbus_master.o
    0x080017d0   0x080017d0   0x00000060   Code   RO         2363    i.Modbus_Master_Timer_Init  timer.o
    0x08001830   0x08001830   0x0000000c   Code   RO         3365    i.Modbus_ResetToIdle  modbus_slave.o
    0x0800183c   0x0800183c   0x00000064   Code   RO         2364    i.Modbus_Slave_Timer_Init  timer.o
    0x080018a0   0x080018a0   0x00000018   Code   RO         3207    i.MyDelay           bll_tocase.o
    0x080018b8   0x080018b8   0x00000002   Code   RO          190    i.NMI_Handler       gd32f4xx_it.o
    0x080018ba   0x080018ba   0x00000004   Code   RO         2816    i.NOP               bll_main.o
    0x080018be   0x080018be   0x000000c6   Code   RO         2428    i.NVIC_Config       exti.o
    0x08001984   0x08001984   0x00000002   Code   RO          191    i.PendSV_Handler    gd32f4xx_it.o
    0x08001986   0x08001986   0x0000000a   Code   RO         2915    i.Position_Mode_Set_Acce  bll_motor.o
    0x08001990   0x08001990   0x0000000a   Code   RO         2916    i.Position_Mode_Set_Dece  bll_motor.o
    0x0800199a   0x0800199a   0x0000000a   Code   RO         2917    i.Position_Mode_Set_Speed  bll_motor.o
    0x080019a4   0x080019a4   0x00000060   Code   RO         2228    i.Read_Switch       gpio.o
    0x08001a04   0x08001a04   0x0000000a   Code   RO         2918    i.Ready_Brake       bll_motor.o
    0x08001a0e   0x08001a0e   0x0000000a   Code   RO         2919    i.Ready_Run         bll_motor.o
    0x08001a18   0x08001a18   0x0000000a   Code   RO         2920    i.Run               bll_motor.o
    0x08001a22   0x08001a22   0x00000002   Code   RO          192    i.SVC_Handler       gd32f4xx_it.o
    0x08001a24   0x08001a24   0x00000074   Code   RO         3208    i.SWTICH1_INT_HANDLER  bll_tocase.o
    0x08001a98   0x08001a98   0x00000074   Code   RO         3209    i.SWTICH2_INT_HANDLER  bll_tocase.o
    0x08001b0c   0x08001b0c   0x00000050   Code   RO         3210    i.SWTICH3_INT_HANDLER  bll_tocase.o
    0x08001b5c   0x08001b5c   0x00000054   Code   RO         3211    i.SWTICH4_INT_HANDLER  bll_tocase.o
    0x08001bb0   0x08001bb0   0x00000048   Code   RO         3119    i.SWTICH5_INT_HANDLER  bll_backzero.o
    0x08001bf8   0x08001bf8   0x000000b0   Code   RO         3290    i.Send_Func03_Data  modbus_master.o
    0x08001ca8   0x08001ca8   0x00000090   Code   RO         3291    i.Send_Func06_Data  modbus_master.o
    0x08001d38   0x08001d38   0x000000a8   Code   RO         3292    i.Send_Func10_Data  modbus_master.o
    0x08001de0   0x08001de0   0x0000000a   Code   RO         2921    i.Set_Position      bll_motor.o
    0x08001dea   0x08001dea   0x00000002   PAD
    0x08001dec   0x08001dec   0x000000d4   Code   RO         2256    i.Slave_USART_Init  usart.o
    0x08001ec0   0x08001ec0   0x00000002   Code   RO          193    i.SysTick_Handler   gd32f4xx_it.o
    0x08001ec2   0x08001ec2   0x00000002   PAD
    0x08001ec4   0x08001ec4   0x0000008c   Code   RO          258    i.SystemInit        system_gd32f4xx.o
    0x08001f50   0x08001f50   0x0000002c   Code   RO         2367    i.TIMER6_IRQHandler  timer.o
    0x08001f7c   0x08001f7c   0x00000034   Code   RO         2257    i.USART0_IRQHandler  usart.o
    0x08001fb0   0x08001fb0   0x00000034   Code   RO         2258    i.USART1_IRQHandler  usart.o
    0x08001fe4   0x08001fe4   0x00000070   Code   RO         2263    i.USART1_Tx_InitDMA  usart.o
    0x08002054   0x08002054   0x00000002   Code   RO          194    i.UsageFault_Handler  gd32f4xx_it.o
    0x08002056   0x08002056   0x00000002   PAD
    0x08002058   0x08002058   0x0000004c   Code   RO         3120    i.WaitMotorStop     bll_backzero.o
    0x080020a4   0x080020a4   0x0000004c   Code   RO         3212    i.WaitMotorStop     bll_tocase.o
    0x080020f0   0x080020f0   0x000000e4   Code   RO         3121    i.ZeroMove          bll_backzero.o
    0x080021d4   0x080021d4   0x00000002   Code   RO         2265    i._sys_exit         usart.o
    0x080021d6   0x080021d6   0x00000002   PAD
    0x080021d8   0x080021d8   0x00000034   Code   RO         2765    i.delay_init        delay.o
    0x0800220c   0x0800220c   0x00000034   Code   RO         2766    i.delay_ms          delay.o
    0x08002240   0x08002240   0x00000034   Code   RO         2767    i.delay_us          delay.o
    0x08002274   0x08002274   0x00000034   Code   RO         2768    i.delay_xms         delay.o
    0x080022a8   0x080022a8   0x00000058   Code   RO         1518    i.dma_deinit        gd32f4xx_dma.o
    0x08002300   0x08002300   0x00000036   Code   RO         1520    i.dma_flag_clear    gd32f4xx_dma.o
    0x08002336   0x08002336   0x0000001e   Code   RO         1524    i.dma_interrupt_enable  gd32f4xx_dma.o
    0x08002354   0x08002354   0x00000036   Code   RO         1525    i.dma_interrupt_flag_clear  gd32f4xx_dma.o
    0x0800238a   0x0800238a   0x000000e0   Code   RO         1526    i.dma_interrupt_flag_get  gd32f4xx_dma.o
    0x0800246a   0x0800246a   0x00000002   PAD
    0x0800246c   0x0800246c   0x00000084   Code   RO         1538    i.dma_single_data_mode_init  gd32f4xx_dma.o
    0x080024f0   0x080024f0   0x0000000c   Code   RO         1728    i.exti_flag_clear   gd32f4xx_exti.o
    0x080024fc   0x080024fc   0x00000014   Code   RO         1729    i.exti_flag_get     gd32f4xx_exti.o
    0x08002510   0x08002510   0x00000068   Code   RO         1730    i.exti_init         gd32f4xx_exti.o
    0x08002578   0x08002578   0x0000000c   Code   RO         1733    i.exti_interrupt_flag_clear  gd32f4xx_exti.o
    0x08002584   0x08002584   0x00000014   Code   RO         1734    i.exti_interrupt_flag_get  gd32f4xx_exti.o
    0x08002598   0x08002598   0x00000064   Code   RO          301    i.gpio_af_set       gd32f4xx_gpio.o
    0x080025fc   0x080025fc   0x00000044   Code   RO          309    i.gpio_mode_set     gd32f4xx_gpio.o
    0x08002640   0x08002640   0x00000040   Code   RO          311    i.gpio_output_options_set  gd32f4xx_gpio.o
    0x08002680   0x08002680   0x00000024   Code   RO            3    i.main              main.o
    0x080026a4   0x080026a4   0x00000094   Code   RO         2172    i.nvic_irq_enable   gd32f4xx_misc.o
    0x08002738   0x08002738   0x00000014   Code   RO         2173    i.nvic_priority_group_set  gd32f4xx_misc.o
    0x0800274c   0x0800274c   0x000000d8   Code   RO          437    i.rcu_clock_freq_get  gd32f4xx_rcu.o
    0x08002824   0x08002824   0x00000020   Code   RO          456    i.rcu_periph_clock_enable  gd32f4xx_rcu.o
    0x08002844   0x08002844   0x00000020   Code   RO          459    i.rcu_periph_reset_disable  gd32f4xx_rcu.o
    0x08002864   0x08002864   0x00000020   Code   RO          460    i.rcu_periph_reset_enable  gd32f4xx_rcu.o
    0x08002884   0x08002884   0x00000044   Code   RO         1816    i.syscfg_exti_line_config  gd32f4xx_syscfg.o
    0x080028c8   0x080028c8   0x000000a8   Code   RO          259    i.system_clock_168m_25m_hxtal  system_gd32f4xx.o
    0x08002970   0x08002970   0x00000004   Code   RO         1099    i.timer_counter_value_config  gd32f4xx_timer.o
    0x08002974   0x08002974   0x000000cc   Code   RO         1100    i.timer_deinit      gd32f4xx_timer.o
    0x08002a40   0x08002a40   0x0000000a   Code   RO         1101    i.timer_disable     gd32f4xx_timer.o
    0x08002a4a   0x08002a4a   0x0000000a   Code   RO         1105    i.timer_enable      gd32f4xx_timer.o
    0x08002a54   0x08002a54   0x00000094   Code   RO         1115    i.timer_init        gd32f4xx_timer.o
    0x08002ae8   0x08002ae8   0x00000008   Code   RO         1122    i.timer_interrupt_enable  gd32f4xx_timer.o
    0x08002af0   0x08002af0   0x00000006   Code   RO         1123    i.timer_interrupt_flag_clear  gd32f4xx_timer.o
    0x08002af6   0x08002af6   0x00000014   Code   RO         1124    i.timer_interrupt_flag_get  gd32f4xx_timer.o
    0x08002b0a   0x08002b0a   0x00000002   PAD
    0x08002b0c   0x08002b0c   0x00000084   Code   RO          725    i.usart_baudrate_set  gd32f4xx_usart.o
    0x08002b90   0x08002b90   0x00000008   Code   RO          729    i.usart_data_receive  gd32f4xx_usart.o
    0x08002b98   0x08002b98   0x00000008   Code   RO          730    i.usart_data_transmit  gd32f4xx_usart.o
    0x08002ba0   0x08002ba0   0x0000007c   Code   RO          731    i.usart_deinit      gd32f4xx_usart.o
    0x08002c1c   0x08002c1c   0x00000014   Code   RO          734    i.usart_dma_transmit_config  gd32f4xx_usart.o
    0x08002c30   0x08002c30   0x0000000a   Code   RO          735    i.usart_enable      gd32f4xx_usart.o
    0x08002c3a   0x08002c3a   0x00000022   Code   RO          736    i.usart_flag_clear  gd32f4xx_usart.o
    0x08002c5c   0x08002c5c   0x00000016   Code   RO          737    i.usart_flag_get    gd32f4xx_usart.o
    0x08002c72   0x08002c72   0x00000014   Code   RO          742    i.usart_hardware_flow_cts_config  gd32f4xx_usart.o
    0x08002c86   0x08002c86   0x00000014   Code   RO          743    i.usart_hardware_flow_rts_config  gd32f4xx_usart.o
    0x08002c9a   0x08002c9a   0x00000014   Code   RO          745    i.usart_interrupt_enable  gd32f4xx_usart.o
    0x08002cae   0x08002cae   0x00000014   Code   RO          746    i.usart_interrupt_flag_clear  gd32f4xx_usart.o
    0x08002cc2   0x08002cc2   0x0000002e   Code   RO          747    i.usart_interrupt_flag_get  gd32f4xx_usart.o
    0x08002cf0   0x08002cf0   0x00000010   Code   RO          760    i.usart_parity_config  gd32f4xx_usart.o
    0x08002d00   0x08002d00   0x0000000c   Code   RO          762    i.usart_receive_config  gd32f4xx_usart.o
    0x08002d0c   0x08002d0c   0x00000010   Code   RO          773    i.usart_stop_bit_set  gd32f4xx_usart.o
    0x08002d1c   0x08002d1c   0x0000000c   Code   RO          777    i.usart_transmit_config  gd32f4xx_usart.o
    0x08002d28   0x08002d28   0x00000010   Code   RO          778    i.usart_word_length_set  gd32f4xx_usart.o
    0x08002d38   0x08002d38   0x00000150   Code   RO         3481    x$fpl$dadd          fz_wm.l(daddsub_clz.o)
    0x08002e88   0x08002e88   0x0000005e   Code   RO         3487    x$fpl$dfix          fz_wm.l(dfix.o)
    0x08002ee6   0x08002ee6   0x0000002e   Code   RO         3492    x$fpl$dflt          fz_wm.l(dflt_clz.o)
    0x08002f14   0x08002f14   0x00000026   Code   RO         3491    x$fpl$dfltu         fz_wm.l(dflt_clz.o)
    0x08002f3a   0x08002f3a   0x00000002   PAD
    0x08002f3c   0x08002f3c   0x00000154   Code   RO         3497    x$fpl$dmul          fz_wm.l(dmul.o)
    0x08003090   0x08003090   0x0000009c   Code   RO         3508    x$fpl$dnaninf       fz_wm.l(dnaninf.o)
    0x0800312c   0x0800312c   0x0000000c   Code   RO         3510    x$fpl$dretinf       fz_wm.l(dretinf.o)
    0x08003138   0x08003138   0x000001d4   Code   RO         3483    x$fpl$dsub          fz_wm.l(daddsub_clz.o)
    0x0800330c   0x0800330c   0x0000000a   Code   RO         3597    x$fpl$fpinit        fz_wm.l(fpinit.o)
    0x08003316   0x08003316   0x00000000   Code   RO         3512    x$fpl$usenofp       fz_wm.l(usenofp.o)
    0x08003316   0x08003316   0x00000002   PAD
    0x08003318   0x08003318   0x00000014   Data   RO         3213    .constdata          bll_tocase.o
    0x0800332c   0x0800332c   0x00000020   Data   RO         3661    Region$$Table       anon$$obj.o


    Execution Region ER_RW (Exec base: 0x20000000, Load base: 0x0800334c, Size: 0x00000080, Max: 0xffffffff, ABSOLUTE)

    Exec Addr    Load Addr    Size         Type   Attr      Idx    E Section Name        Object

    0x20000000   0x0800334c   0x00000004   Data   RW            5    .data               main.o
    0x20000004   0x08003350   0x00000001   Data   RW            6    .data               main.o
    0x20000005   0x08003351   0x00000001   Data   RW            7    .data               main.o
    0x20000006   0x08003352   0x00000001   Data   RW         2268    .data               usart.o
    0x20000007   0x08003353   0x00000001   PAD
    0x20000008   0x08003354   0x00000004   Data   RW         2769    .data               delay.o
    0x2000000c   0x08003358   0x0000000c   Data   RW         2818    .data               bll_main.o
    0x20000018   0x08003364   0x0000000c   Data   RW         2922    .data               bll_motor.o
    0x20000024   0x08003370   0x00000010   Data   RW         3040    .data               bll_adapter.o
    0x20000034   0x08003380   0x00000008   Data   RW         3122    .data               bll_backzero.o
    0x2000003c   0x08003388   0x00000001   Data   RW         3177    .data               bll_eeprom.o
    0x2000003d   0x08003389   0x00000003   PAD
    0x20000040   0x0800338c   0x00000022   Data   RW         3214    .data               bll_tocase.o
    0x20000062   0x080033ae   0x00000004   Data   RW         3294    .data               modbus_master.o
    0x20000066   0x080033b2   0x00000004   Data   RW         3370    .data               modbus_slave.o
    0x2000006a   0x080033b6   0x00000014   Data   RW         3444    .data               modbus_save_data.o


    Execution Region ER_ZI (Exec base: 0x20000080, Load base: 0x080033cc, Size: 0x00000d08, Max: 0xffffffff, ABSOLUTE)

    Exec Addr    Load Addr    Size         Type   Attr      Idx    E Section Name        Object

    0x20000080        -       0x000000a0   Zero   RW            4    .bss                main.o
    0x20000120        -       0x00000100   Zero   RW         2267    .bss                usart.o
    0x20000220        -       0x00000016   Zero   RW         2817    .bss                bll_main.o
    0x20000236        -       0x000000c8   Zero   RW         3293    .bss                modbus_master.o
    0x200002fe        -       0x00000400   Zero   RW         3368    .bss                modbus_slave.o
    0x200006fe        -       0x0000000e   Zero   RW         3439    .bss                modbus_save_data.o
    0x2000070c        -       0x0000001a   Zero   RW         3441    .bss                modbus_save_data.o
    0x20000726   0x080033cc   0x00000002   PAD
    0x20000728        -       0x00000060   Zero   RW         3539    .bss                c_w.l(libspace.o)
    0x20000788        -       0x00000200   Zero   RW          293    HEAP                startup_gd32f407.o
    0x20000988        -       0x00000400   Zero   RW          292    STACK               startup_gd32f407.o


==============================================================================

Image component sizes


      Code (inc. data)   RO Data    RW Data    ZI Data      Debug   Object Name

       342         48          0         16          0       5294   bll_adapter.o
       612        124          0          8          0       6289   bll_backzero.o
        52         10          0          1          0       1628   bll_eeprom.o
       628        116          0         12         22       8484   bll_main.o
       300         48          0         12          0       7523   bll_motor.o
      2796        146         20         34          0      12086   bll_tocase.o
       208         18          0          4          0       2483   delay.o
       438          8          0          0          0       5227   exti.o
       582          4          0          0          0       4561   gd32f4xx_dma.o
       168         26          0          0          0       2932   gd32f4xx_exti.o
       232          0          0          0          0       7180   gd32f4xx_gpio.o
        18          0          0          0          0       3998   gd32f4xx_it.o
       168         14          0          0          0       1732   gd32f4xx_misc.o
       312         46          0          0          0       3563   gd32f4xx_rcu.o
        68          6          0          0          0        706   gd32f4xx_syscfg.o
       410         42          0          0          0       5459   gd32f4xx_timer.o
       556         16          0          0          0      10859   gd32f4xx_usart.o
       320         30          0          0          0       1284   gpio.o
        36          4          0          6        160      75740   main.o
       738         74          0          4        200       6207   modbus_master.o
         0          0          0         20         40       4085   modbus_save_data.o
       104         18          0          4       1024       2705   modbus_slave.o
        64         26        384          0       1536        828   startup_gd32f407.o
       308         30          0          0          0       1925   system_gd32f4xx.o
       408         26          0          0          0       3030   timer.o
       694         58          0          1        256       6530   usart.o

    ----------------------------------------------------------------------
     10584        938        436        128       3240     192338   Object Totals
         0          0         32          0          0          0   (incl. Generated)
        22          0          0          6          2          0   (incl. Padding)

    ----------------------------------------------------------------------

      Code (inc. data)   RO Data    RW Data    ZI Data      Debug   Library Member Name

         8          0          0          0          0         68   __main.o
         0          0          0          0          0          0   __rtentry.o
        12          0          0          0          0          0   __rtentry2.o
         6          0          0          0          0          0   __rtentry4.o
        52          8          0          0          0          0   __scatter.o
        26          0          0          0          0          0   __scatter_copy.o
        28          0          0          0          0          0   __scatter_zi.o
        18          0          0          0          0         80   exit.o
         6          0          0          0          0        152   heapauxi.o
         2          0          0          0          0          0   libinit.o
         6          0          0          0          0          0   libinit2.o
         2          0          0          0          0          0   libshutdown.o
         2          0          0          0          0          0   libshutdown2.o
         8          4          0          0         96         68   libspace.o
       138          0          0          0          0         68   rt_memcpy_v6.o
       100          0          0          0          0         80   rt_memcpy_w.o
         2          0          0          0          0          0   rtexit.o
        10          0          0          0          0          0   rtexit2.o
        74          0          0          0          0         80   sys_stackheap_outer.o
         2          0          0          0          0         68   use_no_semi.o
         2          0          0          0          0         68   use_no_semi_2.o
       804         16          0          0          0        368   daddsub_clz.o
        94          4          0          0          0        140   dfix.o
        84          0          0          0          0        232   dflt_clz.o
       340         12          0          0          0        152   dmul.o
       156          4          0          0          0        140   dnaninf.o
        12          0          0          0          0        116   dretinf.o
        10          0          0          0          0        116   fpinit.o
        98          0          0          0          0        144   setjmp.o
         0          0          0          0          0          0   usenofp.o

    ----------------------------------------------------------------------
      2112         48          0          0         96       2140   Library Totals
        10          0          0          0          0          0   (incl. Padding)

    ----------------------------------------------------------------------

      Code (inc. data)   RO Data    RW Data    ZI Data      Debug   Library Name

       504         12          0          0         96        732   c_w.l
      1598         36          0          0          0       1408   fz_wm.l

    ----------------------------------------------------------------------
      2112         48          0          0         96       2140   Library Totals

    ----------------------------------------------------------------------

==============================================================================


      Code (inc. data)   RO Data    RW Data    ZI Data      Debug   

     12696        986        436        128       3336     179818   Grand Totals
     12696        986        436        128       3336     179818   ELF Image Totals
     12696        986        436        128          0          0   ROM Totals

==============================================================================

    Total RO  Size (Code + RO Data)                13132 (  12.82kB)
    Total RW  Size (RW Data + ZI Data)              3464 (   3.38kB)
    Total ROM Size (Code + RO Data + RW Data)      13260 (  12.95kB)

==============================================================================

